Archive member included to satisfy reference by file (symbol)

../../../../../../Library/Bluetooth_LE/library\libbluenrg1_stack.a(bluenrg_gap_aci.o)
                              Stack/stack_user_cfg.o (aci_gap_create_connection_api)
../../../../../../Library/Bluetooth_LE/library\libbluenrg1_stack.a(bluenrg_gatt_aci.o)
                              User/gatt_db.o (aci_gatt_add_char)
../../../../../../Library/Bluetooth_LE/library\libbluenrg1_stack.a(bluenrg_hal_aci.o)
                              User/throughput.o (aci_hal_set_tx_power_level)
../../../../../../Library/Bluetooth_LE/library\libbluenrg1_stack.a(bluenrg_l2cap_aci.o)
                              Stack/stack_user_cfg.o (aci_l2cap_connection_parameter_update_resp_api)
../../../../../../Library/Bluetooth_LE/library\libbluenrg1_stack.a(bluenrg_main_func.o)
                              User/BLE_Throughput_main.o (BTLE_StackTick)
../../../../../../Library/Bluetooth_LE/library\libbluenrg1_stack.a(gap.o)
                              ../../../../../../Library/Bluetooth_LE/library\libbluenrg1_stack.a(bluenrg_gap_aci.o) (GAP_Create_Connection)
../../../../../../Library/Bluetooth_LE/library\libbluenrg1_stack.a(gatt_client.o)
                              ../../../../../../Library/Bluetooth_LE/library\libbluenrg1_stack.a(bluenrg_gatt_aci.o) (Gatt_Confirm_Indication)
../../../../../../Library/Bluetooth_LE/library\libbluenrg1_stack.a(gatt_server.o)
                              ../../../../../../Library/Bluetooth_LE/library\libbluenrg1_stack.a(gatt_client.o) (GATT_Send_Packet)
../../../../../../Library/Bluetooth_LE/library\libbluenrg1_stack.a(hal.o)
                              ../../../../../../Library/Bluetooth_LE/library\libbluenrg1_stack.a(bluenrg_hal_aci.o) (HAL_Read_ConfigData)
../../../../../../Library/Bluetooth_LE/library\libbluenrg1_stack.a(hci.o)
                              ../../../../../../Library/Bluetooth_LE/library\libbluenrg1_stack.a(bluenrg_main_func.o) (Controller_Process_Q)
../../../../../../Library/Bluetooth_LE/library\libbluenrg1_stack.a(hci_privacy.o)
                              Stack/stack_user_cfg.o (hci_le_add_device_to_resolving_list_api)
../../../../../../Library/Bluetooth_LE/library\libbluenrg1_stack.a(host_timer.o)
                              ../../../../../../Library/Bluetooth_LE/library\libbluenrg1_stack.a(bluenrg_main_func.o) (Timer_Init)
../../../../../../Library/Bluetooth_LE/library\libbluenrg1_stack.a(l2cap.o)
                              ../../../../../../Library/Bluetooth_LE/library\libbluenrg1_stack.a(bluenrg_l2cap_aci.o) (L2C_Build_Connect_Update_Req)
../../../../../../Library/Bluetooth_LE/library\libbluenrg1_stack.a(ll_isr.o)
                              Stack/stack_user_cfg.o (Data_Length_Update_Control_ISR)
../../../../../../Library/Bluetooth_LE/library\libbluenrg1_stack.a(ll_privacy.o)
                              ../../../../../../Library/Bluetooth_LE/library\libbluenrg1_stack.a(hci_privacy.o) (LL_LE_Add_Device_To_Resolving_List)
../../../../../../Library/Bluetooth_LE/library\libbluenrg1_stack.a(ll_routines.o)
                              Stack/stack_user_cfg.o (Data_Len_Update_Offline_Processing)
../../../../../../Library/Bluetooth_LE/library\libbluenrg1_stack.a(ll_routines_master.o)
                              ../../../../../../Library/Bluetooth_LE/library\libbluenrg1_stack.a(gap.o) (LL_Create_Connection)
../../../../../../Library/Bluetooth_LE/library\libbluenrg1_stack.a(ll_routines_support.o)
                              Stack/stack_user_cfg.o (LL_Encrypt_Plain_Data)
../../../../../../Library/Bluetooth_LE/library\libbluenrg1_stack.a(mem_alloc.o)
                              ../../../../../../Library/Bluetooth_LE/library\libbluenrg1_stack.a(bluenrg_main_func.o) (_BlueNRG_Stack_Init_params)
../../../../../../Library/Bluetooth_LE/library\libbluenrg1_stack.a(mem_buff.o)
                              ../../../../../../Library/Bluetooth_LE/library\libbluenrg1_stack.a(l2cap.o) (Mem_Buff_Append)
../../../../../../Library/Bluetooth_LE/library\libbluenrg1_stack.a(multi_master_time.o)
                              ../../../../../../Library/Bluetooth_LE/library\libbluenrg1_stack.a(hci.o) (LL_Get_Anchor_Interval)
../../../../../../Library/Bluetooth_LE/library\libbluenrg1_stack.a(nvm.o)
                              ../../../../../../Library/Bluetooth_LE/library\libbluenrg1_stack.a(ll_isr.o) (Is_Flash_Write_On_Going)
../../../../../../Library/Bluetooth_LE/library\libbluenrg1_stack.a(pka.o)
                              ../../../../../../Library/Bluetooth_LE/library\libbluenrg1_stack.a(hci.o) (BLEPLAT_PKA_Get_Current_Operation)
../../../../../../Library/Bluetooth_LE/library\libbluenrg1_stack.a(pm.o)
                              ../../../../../../Library/Bluetooth_LE/library\libbluenrg1_stack.a(l2cap.o) (PM_Compact)
../../../../../../Library/Bluetooth_LE/library\libbluenrg1_stack.a(rom_att.o)
[...]
Memory Configuration

Name             Origin             Length             Attributes
REGION_RAM       0x20000000         0x00006000         xrw
REGION_FLASH_BOOTLOADER 0x10040000         0x00000000         xr
REGION_FLASH     0x10040000         0x0003f000         xr
REGION_NVM       0x1007f000         0x00001000         xr
REGION_ROM       0x10000000         0x00000800         xr
*default*        0x00000000         0xffffffff

Linker script and memory map

START GROUP
LOAD HAL/clock.o
LOAD HAL/context_switch.o
LOAD HAL/gp_timer.o
LOAD HAL/miscutil.o
LOAD HAL/osal.o
LOAD Library/BlueNRG1_adc.o
LOAD Library/BlueNRG1_dma.o
LOAD Library/BlueNRG1_flash.o
LOAD Library/BlueNRG1_gpio.o
LOAD Library/BlueNRG1_i2c.o
LOAD Library/BlueNRG1_mft.o
LOAD Library/BlueNRG1_pka.o
LOAD Library/BlueNRG1_rtc.o
LOAD Library/BlueNRG1_spi.o
LOAD Library/BlueNRG1_sysCtrl.o
LOAD Library/BlueNRG1_uart.o
LOAD Library/BlueNRG1_wdg.o
LOAD Library/misc.o
LOAD Platform_Layers/SDK_EVAL_Button.o
LOAD Platform_Layers/SDK_EVAL_Com.o
LOAD Platform_Layers/SDK_EVAL_Config.o
LOAD Platform_Layers/SDK_EVAL_Led.o
LOAD Stack/stack_user_cfg.o
LOAD Startup/system_BlueNRG1.o
LOAD User/BLE_Throughput_main.o
LOAD User/BlueNRG1_it.o
LOAD User/gatt_db.o
LOAD User/throughput.o
LOAD ../../../../../../Library/Bluetooth_LE/library\libbluenrg1_stack.a
LOAD ../../../../../../Library/cryptolib\libcrypto.a
LOAD c:/wise-studio/tools/gcc-arm-none-eabi-9-2019-q4-major/bin/../lib/gcc/arm-none-eabi/9.2.1/../../../../arm-none-eabi/lib/thumb/v6-m/nofp\libm.a
LOAD c:/wise-studio/tools/gcc-arm-none-eabi-9-2019-q4-major/bin/../lib/gcc/arm-none-eabi/9.2.1/../../../../arm-none-eabi/lib/thumb/v6-m/nofp\libc_nano.a
END GROUP
                0x20000000                _MEMORY_RAM_BEGIN_ = 0x20000000
                0x00006000                _MEMORY_RAM_SIZE_ = 0x6000
                0x20005fff                _MEMORY_RAM_END_ = 0x20005fff
                0x10040000                _MEMORY_FLASH_BEGIN_ = 0x10040000
                0x00040000                _MEMORY_FLASH_SIZE_ = 0x40000
                0x1007ffff                _MEMORY_FLASH_END_ = 0x1007ffff
                0x10000000                _MEMORY_ROM_BEGIN_ = 0x10000000
                0x00000800                _MEMORY_ROM_SIZE_ = 0x800
                0x100007ff                _MEMORY_ROM_END_ = 0x100007ff
                0x00001000                FLASH_NVM_DATASIZE = 0x1000
                0x00000000                MEMORY_FLASH_APP_OFFSET = DEFINED (MEMORY_FLASH_APP_OFFSET)?MEMORY_FLASH_APP_OFFSET:0x0
                0x0003f000                MEMORY_FLASH_APP_SIZE = DEFINED (MEMORY_FLASH_APP_SIZE)?MEMORY_FLASH_APP_SIZE:((_MEMORY_FLASH_SIZE_ - FLASH_NVM_DATASIZE) - MEMORY_FLASH_APP_OFFSET)
                0x000002cc                MEMORY_RAM_APP_OFFSET = DEFINED (MEMORY_RAM_APP_OFFSET)?MEMORY_RAM_APP_OFFSET:0x2cc
                0x00000800                RESET_MANAGER_SIZE = DEFINED (RESET_MANAGER_SIZE)?RESET_MANAGER_SIZE:0x800
                0x0003f000                MEMORY_FLASH_APP_SIZE = DEFINED (ST_OTA_HIGHER_APPLICATION)?(((((_MEMORY_FLASH_SIZE_ - RESET_MANAGER_SIZE) - FLASH_NVM_DATASIZE) / 0x2) / 0x800) * 0x800):MEMORY_FLASH_APP_SIZE
                0x00000000                MEMORY_FLASH_APP_OFFSET = DEFINED (ST_OTA_HIGHER_APPLICATION)?(RESET_MANAGER_SIZE + MEMORY_FLASH_APP_SIZE):MEMORY_FLASH_APP_OFFSET
                0x0003f000                MEMORY_FLASH_APP_SIZE = DEFINED (ST_OTA_LOWER_APPLICATION)?(((((_MEMORY_FLASH_SIZE_ - RESET_MANAGER_SIZE) - FLASH_NVM_DATASIZE) / 0x2) / 0x800) * 0x800):MEMORY_FLASH_APP_SIZE
                0x00000000                MEMORY_FLASH_APP_OFFSET = DEFINED (ST_OTA_LOWER_APPLICATION)?RESET_MANAGER_SIZE:MEMORY_FLASH_APP_OFFSET
                0x00011800                SERVICE_MANAGER_SIZE = 0x11800
                0x0003f000                MEMORY_FLASH_APP_SIZE = DEFINED (ST_USE_OTA_SERVICE_MANAGER_APPLICATION)?((_MEMORY_FLASH_SIZE_ - SERVICE_MANAGER_SIZE) - FLASH_NVM_DATASIZE):MEMORY_FLASH_APP_SIZE
                0x00000000                MEMORY_FLASH_APP_OFFSET = DEFINED (ST_USE_OTA_SERVICE_MANAGER_APPLICATION)?SERVICE_MANAGER_SIZE:MEMORY_FLASH_APP_OFFSET
                0x00000000                _Min_Heap_Size = 0x0
                0x00000c00                _Min_Stack_Size = 0xc00

.bootloader     0x10040000        0x0
                0x10040000                . = ALIGN (0x4)
 *(.bootloader)
                0x10040000                . = ALIGN (0x4)

.intvec         0x10040000       0xc0
                0x10040000                . = ALIGN (0x4)
 *(.intvec)
 .intvec        0x10040000       0xc0 Startup/system_BlueNRG1.o
                0x10040000                __vector_table
                0x100400c0                . = ALIGN (0x4)

.text           0x100400c0    0x17860
                0x100400c0                . = ALIGN (0x4)
 *(.cmd_call_table)
 *(.text)
 .text          0x100400c0       0xa0 HAL/context_switch.o
                0x100400c0                CS_contextSave
                0x10040112                CS_contextRestore
 .text          0x10040160       0x14 c:/wise-studio/tools/gcc-arm-none-eabi-9-2019-q4-major/bin/../lib/gcc/arm-none-eabi/9.2.1/thumb/v6-m/nofp\libgcc.a(_thumb1_case_shi.o)
                0x10040160                __gnu_thumb1_case_shi
 .text          0x10040174      0x114 c:/wise-studio/tools/gcc-arm-none-eabi-9-2019-q4-major/bin/../lib/gcc/arm-none-eabi/9.2.1/thumb/v6-m/nofp\libgcc.a(_udivsi3.o)
                0x10040174                __aeabi_uidiv
                0x10040174                __udivsi3
                0x10040280                __aeabi_uidivmod
 .text          0x10040288        0x4 c:/wise-studio/tools/gcc-arm-none-eabi-9-2019-q4-major/bin/../lib/gcc/arm-none-eabi/9.2.1/thumb/v6-m/nofp\libgcc.a(_dvmd_tls.o)
                0x10040288                __aeabi_idiv0
                0x10040288                __aeabi_ldiv0
 .text          0x1004028c       0x78 c:/wise-studio/tools/gcc-arm-none-eabi-9-2019-q4-major/bin/../lib/gcc/arm-none-eabi/9.2.1/thumb/v6-m/nofp\libgcc.a(unaligned-funcs.o)
                0x1004028c                __aeabi_uread4
                0x100402a4                __aeabi_uwrite4
                0x100402b8                __aeabi_uread8
                0x100402e4                __aeabi_uwrite8
 *(.text*)
 .text.SysCount_Handler
                0x10040304       0x10 HAL/clock.o
                0x10040304                SysCount_Handler
 .text.Clock_Init
                0x10040314       0x2c HAL/clock.o
                0x10040314                Clock_Init
 .text.Clock_Time
                0x10040340        0xc HAL/clock.o
                0x10040340                Clock_Time
 .text.Clock_Wait
                0x1004034c       0x14 HAL/clock.o
                0x1004034c                Clock_Wait
 .text.Timer_Set
                0x10040360        0xe HAL/gp_timer.o
                0x10040360                Timer_Set
 .text.Timer_Expired
                0x1004036e       0x18 HAL/gp_timer.o
                0x1004036e                Timer_Expired
 *fill*         0x10040386        0x2 
 .text.HAL_GetPartInfo
                0x10040388       0x64 HAL/miscutil.o
                0x10040388                HAL_GetPartInfo
 .text.BLEPLAT_get_part_info
                0x100403ec       0x22 HAL/miscutil.o
                0x100403ec                BLEPLAT_get_part_info
 .text.Osal_MemCpy
                0x1004040e        0x8 HAL/osal.o
                0x1004040e                Osal_MemCpy
 .text.Osal_MemSet
                0x10040416        0x8 HAL/osal.o
                0x10040416                Osal_MemSet
 .text.Osal_MemCmp
                0x1004041e        0x8 HAL/osal.o
                0x1004041e                Osal_MemCmp
 *fill*         0x10040426        0x2 
 .text.FLASH_WaitCmdDone
                0x10040428       0x10 Library/BlueNRG1_flash.o
                0x10040428                FLASH_WaitCmdDone
 .text.FLASH_ErasePage
                0x10040438       0x30 Library/BlueNRG1_flash.o
                0x10040438                FLASH_ErasePage
 .text.FLASH_ProgramWord
                0x10040468       0x30 Library/BlueNRG1_flash.o
                0x10040468                FLASH_ProgramWord
 .text.GPIO_Init
                0x10040498       0xda Library/BlueNRG1_gpio.o
                0x10040498                GPIO_Init
 .text.GPIO_ReadBit
                0x10040572       0x10 Library/BlueNRG1_gpio.o
                0x10040572                GPIO_ReadBit
 .text.GPIO_ClearITPendingBit
                0x10040582        0x8 Library/BlueNRG1_gpio.o
                0x10040582                GPIO_ClearITPendingBit
 .text.GPIO_GetITPendingBit
                0x1004058a       0x10 Library/BlueNRG1_gpio.o
                0x1004058a                GPIO_GetITPendingBit
 .text.rev_memcmp.constprop.0
                0x1004059a       0x18 Library/BlueNRG1_pka.o
 .text.PKA_Reset
                0x100405b2       0x14 Library/BlueNRG1_pka.o
                0x100405b2                PKA_Reset
 .text.PKA_StartProcessing
                0x100405c6       0x14 Library/BlueNRG1_pka.o
                0x100405c6                PKA_StartProcessing
 .text.PKA_GetProcessStatus
                0x100405da        0xc Library/BlueNRG1_pka.o
                0x100405da                PKA_GetProcessStatus
 *fill*         0x100405e6        0x2 
 .text.PKA_VerifyProcess
                0x100405e8       0x20 Library/BlueNRG1_pka.o
                0x100405e8                PKA_VerifyProcess
 .text.PKA_SetData
                0x10040608       0xbc Library/BlueNRG1_pka.o
                0x10040608                PKA_SetData
 .text.PKA_GetData
                0x100406c4       0x38 Library/BlueNRG1_pka.o
                0x100406c4                PKA_GetData
 .text.SysCtrl_PeripheralClockCmd
                0x100406fc       0x18 Library/BlueNRG1_sysCtrl.o
                0x100406fc                SysCtrl_PeripheralClockCmd
 .text.SysCtrl_GetWakeupResetReason
                0x10040714       0xac Library/BlueNRG1_sysCtrl.o
                0x10040714                SysCtrl_GetWakeupResetReason
 .text.UART_Cmd
                0x100407c0       0x1c Library/BlueNRG1_uart.o
                0x100407c0                UART_Cmd
 .text.UART_Init
                0x100407dc      0x150 Library/BlueNRG1_uart.o
                0x100407dc                UART_Init
 .text.UART_SendData
                0x1004092c       0x10 Library/BlueNRG1_uart.o
                0x1004092c                UART_SendData
 .text.UART_ReceiveData
                0x1004093c        0xc Library/BlueNRG1_uart.o
                0x1004093c                UART_ReceiveData
 .text.UART_GetFlagStatus
                0x10040948       0x1c Library/BlueNRG1_uart.o
                0x10040948                UART_GetFlagStatus
 .text.UART_GetITStatus
                0x10040964       0x14 Library/BlueNRG1_uart.o
                0x10040964                UART_GetITStatus
 .text.UART_RxFifoIrqLevelConfig
                0x10040978       0x18 Library/BlueNRG1_uart.o
                0x10040978                UART_RxFifoIrqLevelConfig
 .text.Get_ButtonGpioPin
                0x10040990       0x2c Platform_Layers/SDK_EVAL_Button.o
                0x10040990                Get_ButtonGpioPin
 .text.SdkEvalUart_Send_Data
                0x100409bc       0x16 Platform_Layers/SDK_EVAL_Com.o
 *fill*         0x100409d2        0x2 
 .text.SdkEvalComUartInit
                0x100409d4       0x94 Platform_Layers/SDK_EVAL_Com.o
                0x100409d4                SdkEvalComUartInit
 .text.SdkEvalComIOReceiveData
                0x10040a68       0x14 Platform_Layers/SDK_EVAL_Com.o
                0x10040a68                SdkEvalComIOReceiveData
 .text.SdkEvalComIOUartIrqHandler
                0x10040a7c       0x2c Platform_Layers/SDK_EVAL_Com.o
                0x10040a7c                SdkEvalComIOUartIrqHandler
 .text.Read_Buffer_Pop
                0x10040aa8       0x38 Platform_Layers/SDK_EVAL_Com.o
                0x10040aa8                Read_Buffer_Pop
 .text._sbrk    0x10040ae0       0x38 Platform_Layers/SDK_EVAL_Com.o
                0x10040ae0                _sbrk
 .text._close   0x10040b18        0x6 Platform_Layers/SDK_EVAL_Com.o
                0x10040b18                _close
 .text._fstat   0x10040b1e        0xa Platform_Layers/SDK_EVAL_Com.o
                0x10040b1e                _fstat
 .text._isatty  0x10040b28        0x4 Platform_Layers/SDK_EVAL_Com.o
                0x10040b28                _isatty
 .text._lseek   0x10040b2c        0x4 Platform_Layers/SDK_EVAL_Com.o
                0x10040b2c                _lseek
 .text._write   0x10040b30       0x1a Platform_Layers/SDK_EVAL_Com.o
                0x10040b30                _write
 .text._read    0x10040b4a       0x22 Platform_Layers/SDK_EVAL_Com.o
                0x10040b4a                _read
 .text.__aeabi_memcpy
                0x10040b6c        0x8 Platform_Layers/SDK_EVAL_Com.o
                0x10040b6c                __aeabi_memcpy
 .text.__aeabi_memcpy4
                0x10040b74        0x8 Platform_Layers/SDK_EVAL_Com.o
                0x10040b74                __aeabi_memcpy4
 .text.SdkEvalIdentification
                0x10040b7c        0xc Platform_Layers/SDK_EVAL_Config.o
                0x10040b7c                SdkEvalIdentification
 .text.SdkEvalGetVersion
                0x10040b88        0xc Platform_Layers/SDK_EVAL_Config.o
                0x10040b88                SdkEvalGetVersion
 .text.PRIV_vGeneratePrivateAddress_ucfg
                0x10040b94        0x8 Stack/stack_user_cfg.o
                0x10040b94                PRIV_vGeneratePrivateAddress_ucfg
 .text.PRIV_u32ProcessAdvPacket_ucfg
                0x10040b9c        0x8 Stack/stack_user_cfg.o
                0x10040b9c                PRIV_u32ProcessAdvPacket_ucfg
 .text.PRIV_u8OfflineProcessing_ucfg
                0x10040ba4        0x8 Stack/stack_user_cfg.o
                0x10040ba4                PRIV_u8OfflineProcessing_ucfg
 .text.PRIV_vGenerate_hci_le_enhanced_connection_complete_event_ucfg
                0x10040bac       0x1e Stack/stack_user_cfg.o
                0x10040bac                PRIV_vGenerate_hci_le_enhanced_connection_complete_event_ucfg
 .text.PRIV_vGenerate_hci_le_direct_advertising_report_event_ucfg
                0x10040bca       0x1a Stack/stack_user_cfg.o
                0x10040bca                PRIV_vGenerate_hci_le_direct_advertising_report_event_ucfg
 .text.GAP_enable_controller_privacy_ucfg
                0x10040be4        0x8 Stack/stack_user_cfg.o
                0x10040be4                GAP_enable_controller_privacy_ucfg
 .text.LL_Encrypt_Plain_Data_ucfg
                0x10040bec        0x8 Stack/stack_user_cfg.o
                0x10040bec                LL_Encrypt_Plain_Data_ucfg
 .text.PRIV_controller_privacy_csr_ucfg
                0x10040bf4        0x4 Stack/stack_user_cfg.o
                0x10040bf4                PRIV_controller_privacy_csr_ucfg
 .text.aci_gap_create_connection
                0x10040bf8       0x42 Stack/stack_user_cfg.o
                0x10040bf8                aci_gap_create_connection
 .text.GAP_DiscProcTimeoutcb_ucfg
                0x10040c3a        0x8 Stack/stack_user_cfg.o
                0x10040c3a                GAP_DiscProcTimeoutcb_ucfg
 .text.cancel_connect_master_ucfg
                0x10040c42        0x8 Stack/stack_user_cfg.o
                0x10040c42                cancel_connect_master_ucfg
 .text.isr_event_handler_scan_data_ucfg
                0x10040c4a        0x8 Stack/stack_user_cfg.o
                0x10040c4a                isr_event_handler_scan_data_ucfg
 .text.LL_Set_Channel_Classification_offline_processing_ucfg
                0x10040c52        0x8 Stack/stack_user_cfg.o
                0x10040c52                LL_Set_Channel_Classification_offline_processing_ucfg
 .text.GAP_check_and_set_role_ucfg
                0x10040c5a        0x8 Stack/stack_user_cfg.o
                0x10040c5a                GAP_check_and_set_role_ucfg
 .text.GAP_discover_peer_name_ucfg
                0x10040c62        0x8 Stack/stack_user_cfg.o
                0x10040c62                GAP_discover_peer_name_ucfg
 .text.state_func_call_init_csr_ucfg
                0x10040c6a        0x8 Stack/stack_user_cfg.o
                0x10040c6a                state_func_call_init_csr_ucfg
 .text.smp_MI_Start_Encryption_ucfg
                0x10040c72        0x8 Stack/stack_user_cfg.o
                0x10040c72                smp_MI_Start_Encryption_ucfg
 .text.smp_Execute_Actions_wrt_Current_State_MI_excerpt_ucfg
                0x10040c7a        0x8 Stack/stack_user_cfg.o
                0x10040c7a                smp_Execute_Actions_wrt_Current_State_MI_excerpt_ucfg
 .text.smp_Process_Rx_Packet_wrt_Current_State_MI_excerpt_ucfg
                0x10040c82        0x8 Stack/stack_user_cfg.o
                0x10040c82                smp_Process_Rx_Packet_wrt_Current_State_MI_excerpt_ucfg
 .text.smp_Execute_Actions_wrt_Current_State_sc_MI_excerpt_phase2as2_ucfg
                0x10040c8a        0x8 Stack/stack_user_cfg.o
                0x10040c8a                smp_Execute_Actions_wrt_Current_State_sc_MI_excerpt_phase2as2_ucfg
 .text.LL_priv_add_to_ConnIDList_ucfg
                0x10040c92        0x8 Stack/stack_user_cfg.o
                0x10040c92                LL_priv_add_to_ConnIDList_ucfg
 .text.LL_priv_remove_from_ConnIDList_ucfg
                0x10040c9a        0x8 Stack/stack_user_cfg.o
                0x10040c9a                LL_priv_remove_from_ConnIDList_ucfg
 .text.LL_priv_test_address_in_ConnIDList_ucfg
                0x10040ca2        0x8 Stack/stack_user_cfg.o
                0x10040ca2                LL_priv_test_address_in_ConnIDList_ucfg
 .text.Data_Len_Update_Offline_Processing_ucfg
                0x10040caa        0x8 Stack/stack_user_cfg.o
                0x10040caa                Data_Len_Update_Offline_Processing_ucfg
 .text.Data_Length_Update_Control_ISR_ucfg
                0x10040cb2        0x8 Stack/stack_user_cfg.o
                0x10040cb2                Data_Length_Update_Control_ISR_ucfg
 .text.ll_write_supported_data_ucfg
                0x10040cba        0x8 Stack/stack_user_cfg.o
                0x10040cba                ll_write_supported_data_ucfg
 .text.LL_Data_Length_Change_Event_ucfg
                0x10040cc2        0x8 Stack/stack_user_cfg.o
                0x10040cc2                LL_Data_Length_Change_Event_ucfg
 .text.LL_Send_Length_Resp_ucfg
                0x10040cca        0x8 Stack/stack_user_cfg.o
                0x10040cca                LL_Send_Length_Resp_ucfg
 .text.data_length_extension_csr_ucfg
                0x10040cd2        0x4 Stack/stack_user_cfg.o
                0x10040cd2                data_length_extension_csr_ucfg
 .text.PKA_Offline_Processing_ucfg
                0x10040cd6        0x8 Stack/stack_user_cfg.o
                0x10040cd6                PKA_Offline_Processing_ucfg
 .text.smp_sc_init_ucfg
                0x10040cde        0x8 Stack/stack_user_cfg.o
                0x10040cde                smp_sc_init_ucfg
 .text.smp_sc_continue_on_exclusive_sc_pairing_ucfg
                0x10040ce6        0x8 Stack/stack_user_cfg.o
                0x10040ce6                smp_sc_continue_on_exclusive_sc_pairing_ucfg
 .text.smp_sc_check_for_ecc_pk_generation_request_ucfg
                0x10040cee        0x8 Stack/stack_user_cfg.o
                0x10040cee                smp_sc_check_for_ecc_pk_generation_request_ucfg
 .text.smp_sc_update_statistics_on_pairing_complete_ucfg
                0x10040cf6        0x8 Stack/stack_user_cfg.o
                0x10040cf6                smp_sc_update_statistics_on_pairing_complete_ucfg
 .text.secure_connections_csr_ucfg
                0x10040cfe        0x4 Stack/stack_user_cfg.o
                0x10040cfe                secure_connections_csr_ucfg
 .text.smp_sc_hci_le_read_local_p256_public_key_complete_evt_hndl_ucfg
                0x10040d02        0x8 Stack/stack_user_cfg.o
                0x10040d02                smp_sc_hci_le_read_local_p256_public_key_complete_evt_hndl_ucfg
 .text.smp_sc_hci_le_generate_dhkey_complete_evt_hndl_ucfg
                0x10040d0a        0x8 Stack/stack_user_cfg.o
                0x10040d0a                smp_sc_hci_le_generate_dhkey_complete_evt_hndl_ucfg
 .text.smp_sc_MI_PairingResponse_Receive_sc_excerpt_ucfg
                0x10040d12        0x8 Stack/stack_user_cfg.o
                0x10040d12                smp_sc_MI_PairingResponse_Receive_sc_excerpt_ucfg
 .text.smp_sc_MI_Pairing_Phase_2AS1_Start_sc_excerpt_ucfg
                0x10040d1a        0x8 Stack/stack_user_cfg.o
                0x10040d1a                smp_sc_MI_Pairing_Phase_2AS1_Start_sc_excerpt_ucfg
 .text.smp_sc_SR_Pairing_Phase_2AS1_Start_sc_excerpt_ucfg
                0x10040d22        0x8 Stack/stack_user_cfg.o
                0x10040d22                smp_sc_SR_Pairing_Phase_2AS1_Start_sc_excerpt_ucfg
 .text.smp_sc_MI_PairingConfirm_Send_sc_excerpt_ucfg
                0x10040d2a        0x8 Stack/stack_user_cfg.o
                0x10040d2a                smp_sc_MI_PairingConfirm_Send_sc_excerpt_ucfg
 .text.smp_sc_MI_PairingRandom_Receive_sc_excerpt1_ucfg
                0x10040d32        0x8 Stack/stack_user_cfg.o
                0x10040d32                smp_sc_MI_PairingRandom_Receive_sc_excerpt1_ucfg
 .text.smp_sc_MI_PairingRandom_Receive_sc_excerpt2_ucfg
                0x10040d3a        0x8 Stack/stack_user_cfg.o
                0x10040d3a                smp_sc_MI_PairingRandom_Receive_sc_excerpt2_ucfg
 .text.smp_sc_SR_PairingConfirm_Receive_sc_excerpt_ucfg
                0x10040d42        0x8 Stack/stack_user_cfg.o
                0x10040d42                smp_sc_SR_PairingConfirm_Receive_sc_excerpt_ucfg
 .text.smp_sc_SR_PairingRandom_Receive_sc_excerpt_ucfg
                0x10040d4a        0x8 Stack/stack_user_cfg.o
                0x10040d4a                smp_sc_SR_PairingRandom_Receive_sc_excerpt_ucfg
 .text.smp_Execute_Actions_wrt_Current_State_sc_excerpt_phase_1_to_2_ucfg
                0x10040d52        0x8 Stack/stack_user_cfg.o
                0x10040d52                smp_Execute_Actions_wrt_Current_State_sc_excerpt_phase_1_to_2_ucfg
 .text.smp_Execute_Actions_wrt_Current_State_sc_excerpt_phase2as2_ucfg
                0x10040d5a        0x8 Stack/stack_user_cfg.o
                0x10040d5a                smp_Execute_Actions_wrt_Current_State_sc_excerpt_phase2as2_ucfg
 .text.smp_Process_Rx_Packet_wrt_Current_State_sc_excerpt_ucfg
                0x10040d62        0x8 Stack/stack_user_cfg.o
                0x10040d62                smp_Process_Rx_Packet_wrt_Current_State_sc_excerpt_ucfg
 .text.smp_Process_Rx_Packet_Exception_Cases_sc_excerpt_ucfg
                0x10040d6a        0x8 Stack/stack_user_cfg.o
                0x10040d6a                smp_Process_Rx_Packet_Exception_Cases_sc_excerpt_ucfg
 .text.PKA_Handler
                0x10040d72        0x2 Startup/system_BlueNRG1.o
                0x10040d72                PKA_Handler
 .text.PendSV_Handler
                0x10040d74        0x2 Startup/system_BlueNRG1.o
                0x10040d74                PendSV_Handler
 .text.NVM_Handler
                0x10040d76        0x2 Startup/system_BlueNRG1.o
                0x10040d76                NVM_Handler
 .text.SPI_Handler
                0x10040d78        0x2 Startup/system_BlueNRG1.o
                0x10040d78                SPI_Handler
 .text.MFT1A_Handler
                0x10040d7a        0x2 Startup/system_BlueNRG1.o
                0x10040d7a                MFT1A_Handler
 .text.MFT1B_Handler
                0x10040d7c        0x2 Startup/system_BlueNRG1.o
                0x10040d7c                MFT1B_Handler
 .text.MFT2A_Handler
                0x10040d7e        0x2 Startup/system_BlueNRG1.o
                0x10040d7e                MFT2A_Handler
 .text.MFT2B_Handler
                0x10040d80        0x2 Startup/system_BlueNRG1.o
                0x10040d80                MFT2B_Handler
 .text.RTC_Handler
                0x10040d82        0x2 Startup/system_BlueNRG1.o
                0x10040d82                RTC_Handler
 .text.WDG_Handler
                0x10040d84        0x2 Startup/system_BlueNRG1.o
                0x10040d84                WDG_Handler
 .text.ADC_Handler
                0x10040d86        0x2 Startup/system_BlueNRG1.o
                0x10040d86                ADC_Handler
 .text.I2C2_Handler
                0x10040d88        0x2 Startup/system_BlueNRG1.o
                0x10040d88                I2C2_Handler
 .text.I2C1_Handler
                0x10040d8a        0x2 Startup/system_BlueNRG1.o
                0x10040d8a                I2C1_Handler
 .text.DMA_Handler
                0x10040d8c        0x2 Startup/system_BlueNRG1.o
                0x10040d8c                DMA_Handler
 *fill*         0x10040d8e        0x2 
 .text.Set_RF_FrontEnd
                0x10040d90       0x4c Startup/system_BlueNRG1.o
                0x10040d90                Set_RF_FrontEnd
 .text.BOR_ConfigSave
                0x10040ddc       0x48 Startup/system_BlueNRG1.o
                0x10040ddc                BOR_ConfigSave
 .text.SET_BORconfigStatus
                0x10040e24       0x40 Startup/system_BlueNRG1.o
                0x10040e24                SET_BORconfigStatus
 .text.__low_level_init
                0x10040e64       0xbc Startup/system_BlueNRG1.o
                0x10040e64                __low_level_init
 .text.RESET_HANDLER
                0x10040f20       0x80 Startup/system_BlueNRG1.o
                0x10040f20                RESET_HANDLER
 .text.DeviceConfiguration
                0x10040fa0      0x144 Startup/system_BlueNRG1.o
                0x10040fa0                DeviceConfiguration
 .text.SystemInit
                0x100410e4      0x114 Startup/system_BlueNRG1.o
                0x100410e4                SystemInit
 .text.startup.main
                0x100411f8       0x70 User/BLE_Throughput_main.o
                0x100411f8                main
 .text.hci_hardware_error_event
                0x10041268       0x18 User/BLE_Throughput_main.o
                0x10041268                hci_hardware_error_event
 .text.aci_hal_fw_error_event
                0x10041280       0x16 User/BLE_Throughput_main.o
                0x10041280                aci_hal_fw_error_event
 .text.NMI_Handler
                0x10041296        0x2 User/BlueNRG1_it.o
                0x10041296                NMI_Handler
 .text.HardFault_Handler
                0x10041298        0x2 User/BlueNRG1_it.o
                0x10041298                HardFault_Handler
 .text.SVC_Handler
                0x1004129a        0x2 User/BlueNRG1_it.o
                0x1004129a                SVC_Handler
 .text.SysTick_Handler
                0x1004129c        0x8 User/BlueNRG1_it.o
                0x1004129c                SysTick_Handler
 .text.GPIO_Handler
                0x100412a4       0x54 User/BlueNRG1_it.o
                0x100412a4                GPIO_Handler
 .text.UART_Handler
                0x100412f8        0x8 User/BlueNRG1_it.o
                0x100412f8                UART_Handler
 .text.Blue_Handler
                0x10041300        0x8 User/BlueNRG1_it.o
                0x10041300                Blue_Handler
 .text.Attribute_Modified_CB
                0x10041308       0x44 User/gatt_db.o
                0x10041308                Attribute_Modified_CB
 .text.THROUGHPUT_DeviceInit
                0x1004134c       0xcc User/throughput.o
                0x1004134c                THROUGHPUT_DeviceInit
 .text.Make_Connection
                0x10041418       0x50 User/throughput.o
                0x10041418                Make_Connection
 .text.APP_Tick
                0x10041468      0x1c0 User/throughput.o
                0x10041468                APP_Tick
 .text.hci_le_connection_complete_event
                0x10041628       0x18 User/throughput.o
                0x10041628                hci_le_connection_complete_event
 .text.hci_disconnection_complete_event
                0x10041640       0x58 User/throughput.o
                0x10041640                hci_disconnection_complete_event
 .text.aci_gatt_attribute_modified_event
                0x10041698        0xe User/throughput.o
                0x10041698                aci_gatt_attribute_modified_event
 *fill*         0x100416a6        0x2 
 .text.aci_gatt_notification_event
                0x100416a8      0x154 User/throughput.o
                0x100416a8                aci_gatt_notification_event
 .text.aci_gatt_disc_read_char_by_uuid_resp_event
                0x100417fc       0x58 User/throughput.o
                0x100417fc                aci_gatt_disc_read_char_by_uuid_resp_event
 .text.aci_gatt_proc_complete_event
                0x10041854       0x3c User/throughput.o
                0x10041854                aci_gatt_proc_complete_event
 .text.aci_gatt_tx_pool_available_event
                0x10041890       0x10 User/throughput.o
                0x10041890                aci_gatt_tx_pool_available_event
 .text.__aeabi_memmove
                0x100418a0        0x8 c:/wise-studio/tools/gcc-arm-none-eabi-9-2019-q4-major/bin/../lib/gcc/arm-none-eabi/9.2.1/../../../../arm-none-eabi/lib/thumb/v6-m/nofp\libc_nano.a(lib_a-aeabi_memmove.o)
                0x100418a0                __aeabi_memmove
                0x100418a0                __aeabi_memmove4
                0x100418a0                __aeabi_memmove8
 .text.memcmp   0x100418a8       0x1c c:/wise-studio/tools/gcc-arm-none-eabi-9-2019-q4-major/bin/../lib/gcc/arm-none-eabi/9.2.1/../../../../arm-none-eabi/lib/thumb/v6-m/nofp\libc_nano.a(lib_a-memcmp.o)
                0x100418a8                memcmp
 .text.memcpy   0x100418c4       0x12 c:/wise-studio/tools/gcc-arm-none-eabi-9-2019-q4-major/bin/../lib/gcc/arm-none-eabi/9.2.1/../../../../arm-none-eabi/lib/thumb/v6-m/nofp\libc_nano.a(lib_a-memcpy-stub.o)
                0x100418c4                memcpy
 .text.memmove  0x100418d6       0x26 c:/wise-studio/tools/gcc-arm-none-eabi-9-2019-q4-major/bin/../lib/gcc/arm-none-eabi/9.2.1/../../../../arm-none-eabi/lib/thumb/v6-m/nofp\libc_nano.a(lib_a-memmove.o)
                0x100418d6                memmove
 .text.memset   0x100418fc       0x10 c:/wise-studio/tools/gcc-arm-none-eabi-9-2019-q4-major/bin/../lib/gcc/arm-none-eabi/9.2.1/../../../../arm-none-eabi/lib/thumb/v6-m/nofp\libc_nano.a(lib_a-memset.o)
                0x100418fc                memset
 .text.printf   0x1004190c       0x34 c:/wise-studio/tools/gcc-arm-none-eabi-9-2019-q4-major/bin/../lib/gcc/arm-none-eabi/9.2.1/../../../../arm-none-eabi/lib/thumb/v6-m/nofp\libc_nano.a(lib_a-printf.o)
                0x1004190c                iprintf
                0x1004190c                printf
 .text._puts_r  0x10041940       0xe4 c:/wise-studio/tools/gcc-arm-none-eabi-9-2019-q4-major/bin/../lib/gcc/arm-none-eabi/9.2.1/../../../../arm-none-eabi/lib/thumb/v6-m/nofp\libc_nano.a(lib_a-puts.o)
                0x10041940                _puts_r
 .text.puts     0x10041a24       0x14 c:/wise-studio/tools/gcc-arm-none-eabi-9-2019-q4-major/bin/../lib/gcc/arm-none-eabi/9.2.1/../../../../arm-none-eabi/lib/thumb/v6-m/nofp\libc_nano.a(lib_a-puts.o)
                0x10041a24                puts
 .text.__swbuf_r
                0x10041a38       0xac c:/wise-studio/tools/gcc-arm-none-eabi-9-2019-q4-major/bin/../lib/gcc/arm-none-eabi/9.2.1/../../../../arm-none-eabi/lib/thumb/v6-m/nofp\libc_nano.a(lib_a-wbuf.o)
                0x10041a38                __swbuf_r
 .text.__swsetup_r
                0x10041ae4       0xf0 c:/wise-studio/tools/gcc-arm-none-eabi-9-2019-q4-major/bin/../lib/gcc/arm-none-eabi/9.2.1/../../../../arm-none-eabi/lib/thumb/v6-m/nofp\libc_nano.a(lib_a-wsetup.o)
                0x10041ae4                __swsetup_r
 .text.__sflush_r
                0x10041bd4      0x118 c:/wise-studio/tools/gcc-arm-none-eabi-9-2019-q4-major/bin/../lib/gcc/arm-none-eabi/9.2.1/../../../../arm-none-eabi/lib/thumb/v6-m/nofp\libc_nano.a(lib_a-fflush.o)
                0x10041bd4                __sflush_r
 .text._fflush_r
                0x10041cec       0x80 c:/wise-studio/tools/gcc-arm-none-eabi-9-2019-q4-major/bin/../lib/gcc/arm-none-eabi/9.2.1/../../../../arm-none-eabi/lib/thumb/v6-m/nofp\libc_nano.a(lib_a-fflush.o)
                0x10041cec                _fflush_r
 .text.std      0x10041d6c       0x48 c:/wise-studio/tools/gcc-arm-none-eabi-9-2019-q4-major/bin/../lib/gcc/arm-none-eabi/9.2.1/../../../../arm-none-eabi/lib/thumb/v6-m/nofp\libc_nano.a(lib_a-findfp.o)
 .text._cleanup_r
                0x10041db4       0x10 c:/wise-studio/tools/gcc-arm-none-eabi-9-2019-q4-major/bin/../lib/gcc/arm-none-eabi/9.2.1/../../../../arm-none-eabi/lib/thumb/v6-m/nofp\libc_nano.a(lib_a-findfp.o)
                0x10041db4                _cleanup_r
 .text.__sfmoreglue
                0x10041dc4       0x2c c:/wise-studio/tools/gcc-arm-none-eabi-9-2019-q4-major/bin/../lib/gcc/arm-none-eabi/9.2.1/../../../../arm-none-eabi/lib/thumb/v6-m/nofp\libc_nano.a(lib_a-findfp.o)
                0x10041dc4                __sfmoreglue
 .text.__sfp_lock_acquire
                0x10041df0       0x10 c:/wise-studio/tools/gcc-arm-none-eabi-9-2019-q4-major/bin/../lib/gcc/arm-none-eabi/9.2.1/../../../../arm-none-eabi/lib/thumb/v6-m/nofp\libc_nano.a(lib_a-findfp.o)
                0x10041df0                __sfp_lock_acquire
 .text.__sfp_lock_release
                0x10041e00       0x10 c:/wise-studio/tools/gcc-arm-none-eabi-9-2019-q4-major/bin/../lib/gcc/arm-none-eabi/9.2.1/../../../../arm-none-eabi/lib/thumb/v6-m/nofp\libc_nano.a(lib_a-findfp.o)
                0x10041e00                __sfp_lock_release
 .text.__sinit_lock_acquire
                0x10041e10       0x10 c:/wise-studio/tools/gcc-arm-none-eabi-9-2019-q4-major/bin/../lib/gcc/arm-none-eabi/9.2.1/../../../../arm-none-eabi/lib/thumb/v6-m/nofp\libc_nano.a(lib_a-findfp.o)
                0x10041e10                __sinit_lock_acquire
 .text.__sinit_lock_release
                0x10041e20       0x10 c:/wise-studio/tools/gcc-arm-none-eabi-9-2019-q4-major/bin/../lib/gcc/arm-none-eabi/9.2.1/../../../../arm-none-eabi/lib/thumb/v6-m/nofp\libc_nano.a(lib_a-findfp.o)
                0x10041e20                __sinit_lock_release
 .text.__sinit  0x10041e30       0x70 c:/wise-studio/tools/gcc-arm-none-eabi-9-2019-q4-major/bin/../lib/gcc/arm-none-eabi/9.2.1/../../../../arm-none-eabi/lib/thumb/v6-m/nofp\libc_nano.a(lib_a-findfp.o)
                0x10041e30                __sinit
 .text.__sfp    0x10041ea0       0x90 c:/wise-studio/tools/gcc-arm-none-eabi-9-2019-q4-major/bin/../lib/gcc/arm-none-eabi/9.2.1/../../../../arm-none-eabi/lib/thumb/v6-m/nofp\libc_nano.a(lib_a-findfp.o)
                0x10041ea0                __sfp
 .text._fwalk_reent
                0x10041f30       0x40 c:/wise-studio/tools/gcc-arm-none-eabi-9-2019-q4-major/bin/../lib/gcc/arm-none-eabi/9.2.1/../../../../arm-none-eabi/lib/thumb/v6-m/nofp\libc_nano.a(lib_a-fwalk.o)
                0x10041f30                _fwalk_reent
 .text.__retarget_lock_init_recursive
                0x10041f70        0x2 c:/wise-studio/tools/gcc-arm-none-eabi-9-2019-q4-major/bin/../lib/gcc/arm-none-eabi/9.2.1/../../../../arm-none-eabi/lib/thumb/v6-m/nofp\libc_nano.a(lib_a-lock.o)
                0x10041f70                __retarget_lock_init_recursive
 .text.__retarget_lock_acquire_recursive
                0x10041f72        0x2 c:/wise-studio/tools/gcc-arm-none-eabi-9-2019-q4-major/bin/../lib/gcc/arm-none-eabi/9.2.1/../../../../arm-none-eabi/lib/thumb/v6-m/nofp\libc_nano.a(lib_a-lock.o)
                0x10041f72                __retarget_lock_acquire_recursive
 .text.__retarget_lock_release_recursive
                0x10041f74        0x2 c:/wise-studio/tools/gcc-arm-none-eabi-9-2019-q4-major/bin/../lib/gcc/arm-none-eabi/9.2.1/../../../../arm-none-eabi/lib/thumb/v6-m/nofp\libc_nano.a(lib_a-lock.o)
                0x10041f74                __retarget_lock_release_recursive
 *fill*         0x10041f76        0x2 
 .text.__swhatbuf_r
                0x10041f78       0x50 c:/wise-studio/tools/gcc-arm-none-eabi-9-2019-q4-major/bin/../lib/gcc/arm-none-eabi/9.2.1/../../../../arm-none-eabi/lib/thumb/v6-m/nofp\libc_nano.a(lib_a-makebuf.o)
                0x10041f78                __swhatbuf_r
 .text.__smakebuf_r
                0x10041fc8       0x88 c:/wise-studio/tools/gcc-arm-none-eabi-9-2019-q4-major/bin/../lib/gcc/arm-none-eabi/9.2.1/../../../../arm-none-eabi/lib/thumb/v6-m/nofp\libc_nano.a(lib_a-makebuf.o)
                0x10041fc8                __smakebuf_r
 .text._free_r  0x10042050       0x94 c:/wise-studio/tools/gcc-arm-none-eabi-9-2019-q4-major/bin/../lib/gcc/arm-none-eabi/9.2.1/../../../../arm-none-eabi/lib/thumb/v6-m/nofp\libc_nano.a(lib_a-nano-freer.o)
                0x10042050                _free_r
 .text._malloc_r
                0x100420e4       0xbc c:/wise-studio/tools/gcc-arm-none-eabi-9-2019-q4-major/bin/../lib/gcc/arm-none-eabi/9.2.1/../../../../arm-none-eabi/lib/thumb/v6-m/nofp\libc_nano.a(lib_a-nano-mallocr.o)
                0x100420e4                _malloc_r
 .text.__sfputc_r
                0x100421a0       0x2a c:/wise-studio/tools/gcc-arm-none-eabi-9-2019-q4-major/bin/../lib/gcc/arm-none-eabi/9.2.1/../../../../arm-none-eabi/lib/thumb/v6-m/nofp\libc_nano.a(lib_a-nano-vfprintf.o)
 .text.__sfputs_r
                0x100421ca       0x24 c:/wise-studio/tools/gcc-arm-none-eabi-9-2019-q4-major/bin/../lib/gcc/arm-none-eabi/9.2.1/../../../../arm-none-eabi/lib/thumb/v6-m/nofp\libc_nano.a(lib_a-nano-vfprintf.o)
                0x100421ca                __sfputs_r
 *fill*         0x100421ee        0x2 
 .text._vfprintf_r
                0x100421f0      0x274 c:/wise-studio/tools/gcc-arm-none-eabi-9-2019-q4-major/bin/../lib/gcc/arm-none-eabi/9.2.1/../../../../arm-none-eabi/lib/thumb/v6-m/nofp\libc_nano.a(lib_a-nano-vfprintf.o)
                0x100421f0                _vfprintf_r
                0x100421f0                _vfiprintf_r
 .text._printf_common
                0x10042464       0xde c:/wise-studio/tools/gcc-arm-none-eabi-9-2019-q4-major/bin/../lib/gcc/arm-none-eabi/9.2.1/../../../../arm-none-eabi/lib/thumb/v6-m/nofp\libc_nano.a(lib_a-nano-vfprintf_i.o)
                0x10042464                _printf_common
 *fill*         0x10042542        0x2 
 .text._printf_i
                0x10042544      0x224 c:/wise-studio/tools/gcc-arm-none-eabi-9-2019-q4-major/bin/../lib/gcc/arm-none-eabi/9.2.1/../../../../arm-none-eabi/lib/thumb/v6-m/nofp\libc_nano.a(lib_a-nano-vfprintf_i.o)
                0x10042544                _printf_i
 .text._sbrk_r  0x10042768       0x24 c:/wise-studio/tools/gcc-arm-none-eabi-9-2019-q4-major/bin/../lib/gcc/arm-none-eabi/9.2.1/../../../../arm-none-eabi/lib/thumb/v6-m/nofp\libc_nano.a(lib_a-sbrkr.o)
                0x10042768                _sbrk_r
 .text.__sread  0x1004278c       0x28 c:/wise-studio/tools/gcc-arm-none-eabi-9-2019-q4-major/bin/../lib/gcc/arm-none-eabi/9.2.1/../../../../arm-none-eabi/lib/thumb/v6-m/nofp\libc_nano.a(lib_a-stdio.o)
                0x1004278c                __sread
 .text.__swrite
                0x100427b4       0x38 c:/wise-studio/tools/gcc-arm-none-eabi-9-2019-q4-major/bin/../lib/gcc/arm-none-eabi/9.2.1/../../../../arm-none-eabi/lib/thumb/v6-m/nofp\libc_nano.a(lib_a-stdio.o)
                0x100427b4                __swrite
 .text.__sseek  0x100427ec       0x2c c:/wise-studio/tools/gcc-arm-none-eabi-9-2019-q4-major/bin/../lib/gcc/arm-none-eabi/9.2.1/../../../../arm-none-eabi/lib/thumb/v6-m/nofp\libc_nano.a(lib_a-stdio.o)
                0x100427ec                __sseek
 .text.__sclose
                0x10042818        0xc c:/wise-studio/tools/gcc-arm-none-eabi-9-2019-q4-major/bin/../lib/gcc/arm-none-eabi/9.2.1/../../../../arm-none-eabi/lib/thumb/v6-m/nofp\libc_nano.a(lib_a-stdio.o)
                0x10042818                __sclose
 .text._write_r
                0x10042824       0x28 c:/wise-studio/tools/gcc-arm-none-eabi-9-2019-q4-major/bin/../lib/gcc/arm-none-eabi/9.2.1/../../../../arm-none-eabi/lib/thumb/v6-m/nofp\libc_nano.a(lib_a-writer.o)
                0x10042824                _write_r
 .text._close_r
                0x1004284c       0x24 c:/wise-studio/tools/gcc-arm-none-eabi-9-2019-q4-major/bin/../lib/gcc/arm-none-eabi/9.2.1/../../../../arm-none-eabi/lib/thumb/v6-m/nofp\libc_nano.a(lib_a-closer.o)
                0x1004284c                _close_r
 .text._fstat_r
                0x10042870       0x24 c:/wise-studio/tools/gcc-arm-none-eabi-9-2019-q4-major/bin/../lib/gcc/arm-none-eabi/9.2.1/../../../../arm-none-eabi/lib/thumb/v6-m/nofp\libc_nano.a(lib_a-fstatr.o)
                0x10042870                _fstat_r
 .text._isatty_r
                0x10042894       0x24 c:/wise-studio/tools/gcc-arm-none-eabi-9-2019-q4-major/bin/../lib/gcc/arm-none-eabi/9.2.1/../../../../arm-none-eabi/lib/thumb/v6-m/nofp\libc_nano.a(lib_a-isattyr.o)
                0x10042894                _isatty_r
 .text._lseek_r
                0x100428b8       0x28 c:/wise-studio/tools/gcc-arm-none-eabi-9-2019-q4-major/bin/../lib/gcc/arm-none-eabi/9.2.1/../../../../arm-none-eabi/lib/thumb/v6-m/nofp\libc_nano.a(lib_a-lseekr.o)
                0x100428b8                _lseek_r
 .text.memchr   0x100428e0       0x16 c:/wise-studio/tools/gcc-arm-none-eabi-9-2019-q4-major/bin/../lib/gcc/arm-none-eabi/9.2.1/../../../../arm-none-eabi/lib/thumb/v6-m/nofp\libc_nano.a(lib_a-memchr-stub.o)
                0x100428e0                memchr
 *fill*         0x100428f6        0x2 
 .text.__malloc_lock
                0x100428f8       0x10 c:/wise-studio/tools/gcc-arm-none-eabi-9-2019-q4-major/bin/../lib/gcc/arm-none-eabi/9.2.1/../../../../arm-none-eabi/lib/thumb/v6-m/nofp\libc_nano.a(lib_a-mlock.o)
                0x100428f8                __malloc_lock
 .text.__malloc_unlock
                0x10042908       0x10 c:/wise-studio/tools/gcc-arm-none-eabi-9-2019-q4-major/bin/../lib/gcc/arm-none-eabi/9.2.1/../../../../arm-none-eabi/lib/thumb/v6-m/nofp\libc_nano.a(lib_a-mlock.o)
                0x10042908                __malloc_unlock
 .text._read_r  0x10042918       0x28 c:/wise-studio/tools/gcc-arm-none-eabi-9-2019-q4-major/bin/../lib/gcc/arm-none-eabi/9.2.1/../../../../arm-none-eabi/lib/thumb/v6-m/nofp\libc_nano.a(lib_a-readr.o)
                0x10042918                _read_r
 *(i.*)
 i.aci_gap_create_connection_api
                0x10042940       0x5a ../../../../../../Library/Bluetooth_LE/library\libbluenrg1_stack.a(bluenrg_gap_aci.o)
                0x10042940                aci_gap_create_connection_api
 i.aci_gap_init
                0x1004299a       0x30 ../../../../../../Library/Bluetooth_LE/library\libbluenrg1_stack.a(bluenrg_gap_aci.o)
                0x1004299a                aci_gap_init
 i.aci_gap_terminate
                0x100429ca        0x8 ../../../../../../Library/Bluetooth_LE/library\libbluenrg1_stack.a(bluenrg_gap_aci.o)
                0x100429ca                aci_gap_terminate
 i._load_uuid   0x100429d2       0x26 ../../../../../../Library/Bluetooth_LE/library\libbluenrg1_stack.a(bluenrg_gatt_aci.o)
 i.aci_gatt_disc_char_by_uuid
                0x100429f8       0x28 ../../../../../../Library/Bluetooth_LE/library\libbluenrg1_stack.a(bluenrg_gatt_aci.o)
                0x100429f8                aci_gatt_disc_char_by_uuid
 i.aci_gatt_init
                0x10042a20        0x8 ../../../../../../Library/Bluetooth_LE/library\libbluenrg1_stack.a(bluenrg_gatt_aci.o)
                0x10042a20                aci_gatt_init
 i.aci_gatt_update_char_value_ext
                0x10042a28       0x22 ../../../../../../Library/Bluetooth_LE/library\libbluenrg1_stack.a(bluenrg_gatt_aci.o)
                0x10042a28                aci_gatt_update_char_value_ext
 i.aci_gatt_write_char_desc
                0x10042a4a        0x8 ../../../../../../Library/Bluetooth_LE/library\libbluenrg1_stack.a(bluenrg_gatt_aci.o)
                0x10042a4a                aci_gatt_write_char_desc
 i.aci_gatt_write_without_resp
                0x10042a52        0x8 ../../../../../../Library/Bluetooth_LE/library\libbluenrg1_stack.a(bluenrg_gatt_aci.o)
                0x10042a52                aci_gatt_write_without_resp
 i.aci_hal_set_tx_power_level
                0x10042a5a        0x8 ../../../../../../Library/Bluetooth_LE/library\libbluenrg1_stack.a(bluenrg_hal_aci.o)
                0x10042a5a                aci_hal_set_tx_power_level
 i.aci_hal_write_config_data
                0x10042a62        0x8 ../../../../../../Library/Bluetooth_LE/library\libbluenrg1_stack.a(bluenrg_hal_aci.o)
                0x10042a62                aci_hal_write_config_data
 *fill*         0x10042a6a        0x2 
 i.BTLE_StackTick
                0x10042a6c       0x84 ../../../../../../Library/Bluetooth_LE/library\libbluenrg1_stack.a(bluenrg_main_func.o)
                0x10042a6c                BTLE_StackTick
 i.BlueNRG_Stack_Initialization
                0x10042af0       0x44 ../../../../../../Library/Bluetooth_LE/library\libbluenrg1_stack.a(bluenrg_main_func.o)
                0x10042af0                BlueNRG_Stack_Initialization
 i.BlueNRG_Stack_Initialize_ConfigData
                0x10042b34       0x64 ../../../../../../Library/Bluetooth_LE/library\libbluenrg1_stack.a(bluenrg_main_func.o)
 i.BlueNRG_Stack_Initialize_Layers
                0x10042b98       0x8c ../../../../../../Library/Bluetooth_LE/library\libbluenrg1_stack.a(bluenrg_main_func.o)
 i.BlueNRG_Stack_Initialize_RAM_check
                0x10042c24       0x80 ../../../../../../Library/Bluetooth_LE/library\libbluenrg1_stack.a(bluenrg_main_func.o)
                0x10042c24                BlueNRG_Stack_Initialize_RAM_check
 i.BlueNRG_Stack_Perform_Crystal_Check
                0x10042ca4       0xc4 ../../../../../../Library/Bluetooth_LE/library\libbluenrg1_stack.a(bluenrg_main_func.o)
 i.BlueNRG_Start_Crystal_Measurement
                0x10042d68       0x1c ../../../../../../Library/Bluetooth_LE/library\libbluenrg1_stack.a(bluenrg_main_func.o)
 i._BlueNRG_Stack_Initialization
                0x10042d84       0xe8 ../../../../../../Library/Bluetooth_LE/library\libbluenrg1_stack.a(bluenrg_main_func.o)
                0x10042d84                _BlueNRG_Stack_Initialization
 i.GAP_Connection_Complete_Handler
                0x10042e6c       0x68 ../../../../../../Library/Bluetooth_LE/library\libbluenrg1_stack.a(gap.o)
                0x10042e6c                GAP_Connection_Complete_Handler
 i.GAP_Create_Connection
                0x10042ed4       0x64 ../../../../../../Library/Bluetooth_LE/library\libbluenrg1_stack.a(gap.o)
                0x10042ed4                GAP_Create_Connection
 i.GAP_DiscProcTimeoutcb
                0x10042f38       0x48 ../../../../../../Library/Bluetooth_LE/library\libbluenrg1_stack.a(gap.o)
                0x10042f38                GAP_DiscProcTimeoutcb
 i.GAP_Init     0x10042f80      0x1fc ../../../../../../Library/Bluetooth_LE/library\libbluenrg1_stack.a(gap.o)
                0x10042f80                GAP_Init
 i.GAP_Init_Context
                0x1004317c       0x14 ../../../../../../Library/Bluetooth_LE/library\libbluenrg1_stack.a(gap.o)
                0x1004317c                GAP_Init_Context
 i.GAP_Internal_Evt_Handler
                0x10043190       0x3c ../../../../../../Library/Bluetooth_LE/library\libbluenrg1_stack.a(gap.o)
                0x10043190                GAP_Internal_Evt_Handler
 i.GAP_LL_Event_Handler_ISR
                0x100431cc       0x68 ../../../../../../Library/Bluetooth_LE/library\libbluenrg1_stack.a(gap.o)
                0x100431cc                GAP_LL_Event_Handler_ISR
 i.GAP_LimDiscTimeoutcb
                0x10043234       0x2c ../../../../../../Library/Bluetooth_LE/library\libbluenrg1_stack.a(gap.o)
                0x10043234                GAP_LimDiscTimeoutcb
 i.GAP_Process_Q
                0x10043260       0x40 ../../../../../../Library/Bluetooth_LE/library\libbluenrg1_stack.a(gap.o)
                0x10043260                GAP_Process_Q
 i.GAP_Started_Gatt_Proc
                0x100432a0       0x2c ../../../../../../Library/Bluetooth_LE/library\libbluenrg1_stack.a(gap.o)
                0x100432a0                GAP_Started_Gatt_Proc
 i.GAP_check_and_set_role
                0x100432cc        0xe ../../../../../../Library/Bluetooth_LE/library\libbluenrg1_stack.a(gap.o)
                0x100432cc                GAP_check_and_set_role
 *fill*         0x100432da        0x2 
 i.GAP_discover_peer_name
                0x100432dc       0x44 ../../../../../../Library/Bluetooth_LE/library\libbluenrg1_stack.a(gap.o)
                0x100432dc                GAP_discover_peer_name
 i.GAP_enable_controller_privacy
                0x10043320       0x44 ../../../../../../Library/Bluetooth_LE/library\libbluenrg1_stack.a(gap.o)
                0x10043320                GAP_enable_controller_privacy
 i._GAP_Parse_Advertising_Report
                0x10043364       0x6c ../../../../../../Library/Bluetooth_LE/library\libbluenrg1_stack.a(gap.o)
 i.aci_gap_limited_discoverable_event_push
                0x100433d0       0x50 ../../../../../../Library/Bluetooth_LE/library\libbluenrg1_stack.a(gap.o)
 i.aci_gap_proc_complete_event_push
                0x10043420       0x74 ../../../../../../Library/Bluetooth_LE/library\libbluenrg1_stack.a(gap.o)
 i.Check_and_find_gatt_client
                0x10043494       0x18 ../../../../../../Library/Bluetooth_LE/library\libbluenrg1_stack.a(gatt_client.o)
 i.Find_Gatt_Client
                0x100434ac       0x3c ../../../../../../Library/Bluetooth_LE/library\libbluenrg1_stack.a(gatt_client.o)
                0x100434ac                Find_Gatt_Client
 i.GATT_Server_Set_Flag
                0x100434e8       0x18 ../../../../../../Library/Bluetooth_LE/library\libbluenrg1_stack.a(gatt_client.o)
 i.Gatt_Check_Not_Error_Resp
                0x10043500       0x52 ../../../../../../Library/Bluetooth_LE/library\libbluenrg1_stack.a(gatt_client.o)
 i.Gatt_Disc_All_Charac_By_Uuid_Cb
                0x10043552        0xa ../../../../../../Library/Bluetooth_LE/library\libbluenrg1_stack.a(gatt_client.o)
 i.Gatt_Disc_Charac_By_Uuid
                0x1004355c       0xac ../../../../../../Library/Bluetooth_LE/library\libbluenrg1_stack.a(gatt_client.o)
                0x1004355c                Gatt_Disc_Charac_By_Uuid
 i.Gatt_Read_Charac_By_Uuid
                0x10043608       0x80 ../../../../../../Library/Bluetooth_LE/library\libbluenrg1_stack.a(gatt_client.o)
                0x10043608                Gatt_Read_Charac_By_Uuid
 i.Gatt_Read_Charac_By_Uuid_Cb
                0x10043688        0xa ../../../../../../Library/Bluetooth_LE/library\libbluenrg1_stack.a(gatt_client.o)
 *fill*         0x10043692        0x2 
 i.Gatt_Super_Handler
                0x10043694      0x328 ../../../../../../Library/Bluetooth_LE/library\libbluenrg1_stack.a(gatt_client.o)
 i.Gatt_Super_Handler_Task7
                0x100439bc      0x188 ../../../../../../Library/Bluetooth_LE/library\libbluenrg1_stack.a(gatt_client.o)
 i.Gatt_Write   0x10043b44       0x60 ../../../../../../Library/Bluetooth_LE/library\libbluenrg1_stack.a(gatt_client.o)
 i.Gatt_Write_Cb
                0x10043ba4        0xa ../../../../../../Library/Bluetooth_LE/library\libbluenrg1_stack.a(gatt_client.o)
 i.Gatt_Write_Charac_Desc
                0x10043bae        0xe ../../../../../../Library/Bluetooth_LE/library\libbluenrg1_stack.a(gatt_client.o)
                0x10043bae                Gatt_Write_Charac_Desc
 i.Gatt_Write_Without_Resp
                0x10043bbc       0x70 ../../../../../../Library/Bluetooth_LE/library\libbluenrg1_stack.a(gatt_client.o)
                0x10043bbc                Gatt_Write_Without_Resp
 i.PM_Get_Host_Pckt
                0x10043c2c       0x10 ../../../../../../Library/Bluetooth_LE/library\libbluenrg1_stack.a(gatt_client.o)
 i.aci_att_find_by_type_value_resp_event_push
                0x10043c3c       0x78 ../../../../../../Library/Bluetooth_LE/library\libbluenrg1_stack.a(gatt_client.o)
 i.aci_att_find_info_resp_event_push
                0x10043cb4       0x7c ../../../../../../Library/Bluetooth_LE/library\libbluenrg1_stack.a(gatt_client.o)
 i.aci_att_read_blob_resp_event_push
                0x10043d30       0x74 ../../../../../../Library/Bluetooth_LE/library\libbluenrg1_stack.a(gatt_client.o)
 i.aci_att_read_by_group_type_resp_event_push
                0x10043da4       0x7c ../../../../../../Library/Bluetooth_LE/library\libbluenrg1_stack.a(gatt_client.o)
 i.aci_att_read_by_type_resp_event_push
                0x10043e20       0x7c ../../../../../../Library/Bluetooth_LE/library\libbluenrg1_stack.a(gatt_client.o)
 i.aci_att_read_multiple_resp_event_push
                0x10043e9c       0x74 ../../../../../../Library/Bluetooth_LE/library\libbluenrg1_stack.a(gatt_client.o)
 i.aci_att_read_resp_event_push
                0x10043f10       0x74 ../../../../../../Library/Bluetooth_LE/library\libbluenrg1_stack.a(gatt_client.o)
 i.aci_gatt_disc_read_char_by_uuid_resp_event_push
                0x10043f84       0x84 ../../../../../../Library/Bluetooth_LE/library\libbluenrg1_stack.a(gatt_client.o)
 i.aci_gatt_error_resp_event_push
                0x10044008       0x78 ../../../../../../Library/Bluetooth_LE/library\libbluenrg1_stack.a(gatt_client.o)
 i.aci_gatt_proc_complete_event_push
                0x10044080       0x58 ../../../../../../Library/Bluetooth_LE/library\libbluenrg1_stack.a(gatt_client.o)
 i.int16ToLe2Byte
                0x100440d8        0x8 ../../../../../../Library/Bluetooth_LE/library\libbluenrg1_stack.a(gatt_client.o)
 i.le2ByteToInt16
                0x100440e0        0xa ../../../../../../Library/Bluetooth_LE/library\libbluenrg1_stack.a(gatt_client.o)
 i.send_gatt_event
                0x100440ea       0x46 ../../../../../../Library/Bluetooth_LE/library\libbluenrg1_stack.a(gatt_client.o)
 i.Build_Notif_Or_Ind
                0x10044130       0x3e ../../../../../../Library/Bluetooth_LE/library\libbluenrg1_stack.a(gatt_server.o)
                0x10044130                Build_Notif_Or_Ind
 *fill*         0x1004416e        0x2 
 i.Check_For_Service_Change
                0x10044170      0x34c ../../../../../../Library/Bluetooth_LE/library\libbluenrg1_stack.a(gatt_server.o)
                0x10044170                Check_For_Service_Change
 i.Find_Attr_Index
                0x100444bc       0x50 ../../../../../../Library/Bluetooth_LE/library\libbluenrg1_stack.a(gatt_server.o)
                0x100444bc                Find_Attr_Index
 i.Find_Timed_Out_Connection
                0x1004450c       0x20 ../../../../../../Library/Bluetooth_LE/library\libbluenrg1_stack.a(gatt_server.o)
                0x1004450c                Find_Timed_Out_Connection
 i.GATT_Connection_Complete_Handler
                0x1004452c       0x44 ../../../../../../Library/Bluetooth_LE/library\libbluenrg1_stack.a(gatt_server.o)
                0x1004452c                GATT_Connection_Complete_Handler
 i.GATT_Send_Packet
                0x10044570       0x2c ../../../../../../Library/Bluetooth_LE/library\libbluenrg1_stack.a(gatt_server.o)
                0x10044570                GATT_Send_Packet
 i.GATT_Server_Set_Flag
                0x1004459c       0x18 ../../../../../../Library/Bluetooth_LE/library\libbluenrg1_stack.a(gatt_server.o)
 i.GATT_TimeOut_Handler
                0x100445b4       0x1a ../../../../../../Library/Bluetooth_LE/library\libbluenrg1_stack.a(gatt_server.o)
                0x100445b4                GATT_TimeOut_Handler
 *fill*         0x100445ce        0x2 
 i.Gatt_Add_Charac_Desc
                0x100445d0      0x160 ../../../../../../Library/Bluetooth_LE/library\libbluenrg1_stack.a(gatt_server.o)
                0x100445d0                Gatt_Add_Charac_Desc
 i.Gatt_Add_Characteristic
                0x10044730      0x33c ../../../../../../Library/Bluetooth_LE/library\libbluenrg1_stack.a(gatt_server.o)
                0x10044730                Gatt_Add_Characteristic
 i.Gatt_Add_Descriptor
                0x10044a6c      0x158 ../../../../../../Library/Bluetooth_LE/library\libbluenrg1_stack.a(gatt_server.o)
                0x10044a6c                Gatt_Add_Descriptor
 i.Gatt_Add_Service
                0x10044bc4      0x160 ../../../../../../Library/Bluetooth_LE/library\libbluenrg1_stack.a(gatt_server.o)
                0x10044bc4                Gatt_Add_Service
 i.Gatt_Find_Srv_From_Handle
                0x10044d24       0x2c ../../../../../../Library/Bluetooth_LE/library\libbluenrg1_stack.a(gatt_server.o)
                0x10044d24                Gatt_Find_Srv_From_Handle
 i.Gatt_Find_Srv_Owner_Of_Handle
                0x10044d50       0x48 ../../../../../../Library/Bluetooth_LE/library\libbluenrg1_stack.a(gatt_server.o)
                0x10044d50                Gatt_Find_Srv_Owner_Of_Handle
 i.Gatt_Find_Timed_Out_Connection_Index
                0x10044d98       0x38 ../../../../../../Library/Bluetooth_LE/library\libbluenrg1_stack.a(gatt_server.o)
                0x10044d98                Gatt_Find_Timed_Out_Connection_Index
 i.Gatt_Flush_Pending_AclPacket_Lists
                0x10044dd0       0x34 ../../../../../../Library/Bluetooth_LE/library\libbluenrg1_stack.a(gatt_server.o)
 i.Gatt_Process_Q
                0x10044e04      0x19c ../../../../../../Library/Bluetooth_LE/library\libbluenrg1_stack.a(gatt_server.o)
                0x10044e04                Gatt_Process_Q
 i.Gatt_Reset_To_Closed_State
                0x10044fa0       0xfc ../../../../../../Library/Bluetooth_LE/library\libbluenrg1_stack.a(gatt_server.o)
 i.Gatt_Server_Db_Check
                0x1004509c       0x38 ../../../../../../Library/Bluetooth_LE/library\libbluenrg1_stack.a(gatt_server.o)
                0x1004509c                Gatt_Server_Db_Check
 i.Gatt_Server_Init
                0x100450d4      0x194 ../../../../../../Library/Bluetooth_LE/library\libbluenrg1_stack.a(gatt_server.o)
                0x100450d4                Gatt_Server_Init
 i.Gatt_Server_L2C_Handler
                0x10045268      0x21c ../../../../../../Library/Bluetooth_LE/library\libbluenrg1_stack.a(gatt_server.o)
                0x10045268                Gatt_Server_L2C_Handler
 i.Gatt_Server_L2C_Handler_ISR
                0x10045484       0x4c ../../../../../../Library/Bluetooth_LE/library\libbluenrg1_stack.a(gatt_server.o)
                0x10045484                Gatt_Server_L2C_Handler_ISR
 i.Gatt_Store_Server_Database_And_Reset_CCCD
                0x100454d0      0x170 ../../../../../../Library/Bluetooth_LE/library\libbluenrg1_stack.a(gatt_server.o)
 i.Gatt_Update_Charac_Value
                0x10045640       0x68 ../../../../../../Library/Bluetooth_LE/library\libbluenrg1_stack.a(gatt_server.o)
                0x10045640                Gatt_Update_Charac_Value
 i.Gatt_Update_Charac_Value_Ext
                0x100456a8      0x390 ../../../../../../Library/Bluetooth_LE/library\libbluenrg1_stack.a(gatt_server.o)
                0x100456a8                Gatt_Update_Charac_Value_Ext
 i.Gatt_fetch_handle
                0x10045a38       0x3c ../../../../../../Library/Bluetooth_LE/library\libbluenrg1_stack.a(gatt_server.o)
                0x10045a38                Gatt_fetch_handle
 i.Gatt_search_handle
                0x10045a74       0x1e ../../../../../../Library/Bluetooth_LE/library\libbluenrg1_stack.a(gatt_server.o)
                0x10045a74                Gatt_search_handle
 *fill*         0x10045a92        0x2 
 i.Gatt_search_service_handle
                0x10045a94       0x30 ../../../../../../Library/Bluetooth_LE/library\libbluenrg1_stack.a(gatt_server.o)
                0x10045a94                Gatt_search_service_handle
 i.Ind_Service_Change_Charac
                0x10045ac4       0x48 ../../../../../../Library/Bluetooth_LE/library\libbluenrg1_stack.a(gatt_server.o)
                0x10045ac4                Ind_Service_Change_Charac
 i.Pm_Resize_Host_Acl_Pckt
                0x10045b0c        0xe ../../../../../../Library/Bluetooth_LE/library\libbluenrg1_stack.a(gatt_server.o)
 *fill*         0x10045b1a        0x2 
 i.Process_Peer_Client_Data
                0x10045b1c      0x1f8 ../../../../../../Library/Bluetooth_LE/library\libbluenrg1_stack.a(gatt_server.o)
                0x10045b1c                Process_Peer_Client_Data
 i.Process_Peer_Server_Data
                0x10045d14      0x16c ../../../../../../Library/Bluetooth_LE/library\libbluenrg1_stack.a(gatt_server.o)
                0x10045d14                Process_Peer_Server_Data
 i.Select_Next_Notification_Client
                0x10045e80       0x50 ../../../../../../Library/Bluetooth_LE/library\libbluenrg1_stack.a(gatt_server.o)
                0x10045e80                Select_Next_Notification_Client
 i.Send_Notif_Or_Ind
                0x10045ed0       0x4c ../../../../../../Library/Bluetooth_LE/library\libbluenrg1_stack.a(gatt_server.o)
                0x10045ed0                Send_Notif_Or_Ind
 i.aci_gatt_indication_event_push
                0x10045f1c       0x90 ../../../../../../Library/Bluetooth_LE/library\libbluenrg1_stack.a(gatt_server.o)
 i.aci_gatt_notification_event_push
                0x10045fac       0x90 ../../../../../../Library/Bluetooth_LE/library\libbluenrg1_stack.a(gatt_server.o)
 i.aci_hal_fw_error_event_push
                0x1004603c       0x5c ../../../../../../Library/Bluetooth_LE/library\libbluenrg1_stack.a(gatt_server.o)
 i.store_data   0x10046098       0x1e ../../../../../../Library/Bluetooth_LE/library\libbluenrg1_stack.a(gatt_server.o)
                0x10046098                store_data
 i.__ARM_common_switch8
                0x100460b6       0x1a ../../../../../../Library/Bluetooth_LE/library\libbluenrg1_stack.a(gatt_server.o)
                0x100460b6                __ARM_common_switch8
 i.HAL_Flash_Store_Data
                0x100460d0       0x54 ../../../../../../Library/Bluetooth_LE/library\libbluenrg1_stack.a(hal.o)
                0x100460d0                HAL_Flash_Store_Data
 i.HAL_Generate_Random_Bytes_To
                0x10046124       0x20 ../../../../../../Library/Bluetooth_LE/library\libbluenrg1_stack.a(hal.o)
                0x10046124                HAL_Generate_Random_Bytes_To
 i.HAL_Set_TX_Power_Level
                0x10046144       0x44 ../../../../../../Library/Bluetooth_LE/library\libbluenrg1_stack.a(hal.o)
                0x10046144                HAL_Set_TX_Power_Level
 i.HAL_Write_ConfigData
                0x10046188      0x148 ../../../../../../Library/Bluetooth_LE/library\libbluenrg1_stack.a(hal.o)
                0x10046188                HAL_Write_ConfigData
 i.Hal_Get_Random_Number
                0x100462d0       0x3a ../../../../../../Library/Bluetooth_LE/library\libbluenrg1_stack.a(hal.o)
                0x100462d0                Hal_Get_Random_Number
 i.Hal_Get_Random_Number32
                0x1004630a       0x12 ../../../../../../Library/Bluetooth_LE/library\libbluenrg1_stack.a(hal.o)
                0x1004630a                Hal_Get_Random_Number32
 i.aci_hal_end_of_radio_activity_event
                0x1004631c        0x2 ../../../../../../Library/Bluetooth_LE/library\libbluenrg1_stack.a(hal.o)
                0x1004631c                aci_hal_end_of_radio_activity_event
 *fill*         0x1004631e        0x2 
 i.ble_HAL_Init
                0x10046320       0x1c ../../../../../../Library/Bluetooth_LE/library\libbluenrg1_stack.a(hal.o)
                0x10046320                ble_HAL_Init
 i.char_copy    0x1004633c       0x12 ../../../../../../Library/Bluetooth_LE/library\libbluenrg1_stack.a(hal.o)
                0x1004633c                char_copy
 *fill*         0x1004634e        0x2 
 i.hal_radio_activity_state_callback_check
                0x10046350       0x34 ../../../../../../Library/Bluetooth_LE/library\libbluenrg1_stack.a(hal.o)
                0x10046350                hal_radio_activity_state_callback_check
 i.hal_radio_activity_state_init
                0x10046384       0x1c ../../../../../../Library/Bluetooth_LE/library\libbluenrg1_stack.a(hal.o)
                0x10046384                hal_radio_activity_state_init
 i.hal_read_radio_activity_state
                0x100463a0       0x40 ../../../../../../Library/Bluetooth_LE/library\libbluenrg1_stack.a(hal.o)
                0x100463a0                hal_read_radio_activity_state
 i.set_string   0x100463e0       0x10 ../../../../../../Library/Bluetooth_LE/library\libbluenrg1_stack.a(hal.o)
                0x100463e0                set_string
 i.Controller_Process_Q
                0x100463f0       0x20 ../../../../../../Library/Bluetooth_LE/library\libbluenrg1_stack.a(hci.o)
                0x100463f0                Controller_Process_Q
 i.HCI_Init     0x10046410       0x6c ../../../../../../Library/Bluetooth_LE/library\libbluenrg1_stack.a(hci.o)
                0x10046410                HCI_Init
 i.PKA_Offline_Processing
                0x1004647c      0x164 ../../../../../../Library/Bluetooth_LE/library\libbluenrg1_stack.a(hci.o)
                0x1004647c                PKA_Offline_Processing
 i.hci_le_encrypt
                0x100465e0        0xa ../../../../../../Library/Bluetooth_LE/library\libbluenrg1_stack.a(hci.o)
                0x100465e0                hci_le_encrypt
 *fill*         0x100465ea        0x2 
 i.hci_le_generate_dhkey_api
                0x100465ec       0x7c ../../../../../../Library/Bluetooth_LE/library\libbluenrg1_stack.a(hci.o)
                0x100465ec                hci_le_generate_dhkey_api
 i.hci_le_long_term_key_request_reply
                0x10046668        0xe ../../../../../../Library/Bluetooth_LE/library\libbluenrg1_stack.a(hci.o)
                0x10046668                hci_le_long_term_key_request_reply
 i.hci_le_long_term_key_requested_negative_reply
                0x10046676        0xe ../../../../../../Library/Bluetooth_LE/library\libbluenrg1_stack.a(hci.o)
                0x10046676                hci_le_long_term_key_requested_negative_reply
 i.hci_le_read_local_p256_public_key_api
                0x10046684       0x3c ../../../../../../Library/Bluetooth_LE/library\libbluenrg1_stack.a(hci.o)
                0x10046684                hci_le_read_local_p256_public_key_api
 i.hci_le_set_event_mask
                0x100466c0       0x40 ../../../../../../Library/Bluetooth_LE/library\libbluenrg1_stack.a(hci.o)
                0x100466c0                hci_le_set_event_mask
 i.hci_load_connParams
                0x10046700       0x64 ../../../../../../Library/Bluetooth_LE/library\libbluenrg1_stack.a(hci.o)
                0x10046700                hci_load_connParams
 i.hci_rx_acl_data
                0x10046764       0x6c ../../../../../../Library/Bluetooth_LE/library\libbluenrg1_stack.a(hci.o)
                0x10046764                hci_rx_acl_data
 i.hci_tx_acl_data_done
                0x100467d0       0x44 ../../../../../../Library/Bluetooth_LE/library\libbluenrg1_stack.a(hci.o)
                0x100467d0                hci_tx_acl_data_done
 i.HAL_VTimerAcc_sysT32_ms
                0x10046814       0x24 ../../../../../../Library/Bluetooth_LE/library\libbluenrg1_stack.a(host_timer.o)
                0x10046814                HAL_VTimerAcc_sysT32_ms
 i.HAL_VTimerGetCurrentTime_sysT32
                0x10046838       0x12 ../../../../../../Library/Bluetooth_LE/library\libbluenrg1_stack.a(host_timer.o)
                0x10046838                HAL_VTimerGetCurrentTime_sysT32
 i.HAL_VTimerTimeoutCallback
                0x1004684a        0x2 ../../../../../../Library/Bluetooth_LE/library\libbluenrg1_stack.a(host_timer.o)
                0x1004684a                HAL_VTimerTimeoutCallback
 i.Set_Host_Timer_value
                0x1004684c       0x50 ../../../../../../Library/Bluetooth_LE/library\libbluenrg1_stack.a(host_timer.o)
                0x1004684c                Set_Host_Timer_value
 i.TimerCallback
                0x1004689c       0x7c ../../../../../../Library/Bluetooth_LE/library\libbluenrg1_stack.a(host_timer.o)
 i.Timer_ExpiryCallback
                0x10046918       0x14 ../../../../../../Library/Bluetooth_LE/library\libbluenrg1_stack.a(host_timer.o)
                0x10046918                Timer_ExpiryCallback
 i.Timer_Init   0x1004692c       0x34 ../../../../../../Library/Bluetooth_LE/library\libbluenrg1_stack.a(host_timer.o)
                0x1004692c                Timer_Init
 i.Timer_ProcessQ
                0x10046960      0x11c ../../../../../../Library/Bluetooth_LE/library\libbluenrg1_stack.a(host_timer.o)
                0x10046960                Timer_ProcessQ
 i.Timer_StartOneShot
                0x10046a7c       0x22 ../../../../../../Library/Bluetooth_LE/library\libbluenrg1_stack.a(host_timer.o)
                0x10046a7c                Timer_StartOneShot
 *fill*         0x10046a9e        0x2 
 i.Timer_StartOneShot_sysTime32
                0x10046aa0       0x74 ../../../../../../Library/Bluetooth_LE/library\libbluenrg1_stack.a(host_timer.o)
                0x10046aa0                Timer_StartOneShot_sysTime32
 i.Timer_StopOneShot
                0x10046b14       0x58 ../../../../../../Library/Bluetooth_LE/library\libbluenrg1_stack.a(host_timer.o)
                0x10046b14                Timer_StopOneShot
 i.Timer_sysTime32_convMachineTime
                0x10046b6c       0x24 ../../../../../../Library/Bluetooth_LE/library\libbluenrg1_stack.a(host_timer.o)
                0x10046b6c                Timer_sysTime32_convMachineTime
 i.L2C_Build_Command_Reject_Pdu
                0x10046b90       0x7c ../../../../../../Library/Bluetooth_LE/library\libbluenrg1_stack.a(l2cap.o)
                0x10046b90                L2C_Build_Command_Reject_Pdu
 i.L2C_Connection_Complete_Handler
                0x10046c0c       0x4a ../../../../../../Library/Bluetooth_LE/library\libbluenrg1_stack.a(l2cap.o)
                0x10046c0c                L2C_Connection_Complete_Handler
 i.L2C_Connection_Complete_Signal_Handler
                0x10046c56       0x2a ../../../../../../Library/Bluetooth_LE/library\libbluenrg1_stack.a(l2cap.o)
                0x10046c56                L2C_Connection_Complete_Signal_Handler
 i.L2C_Get_Connection_Info
                0x10046c80       0x34 ../../../../../../Library/Bluetooth_LE/library\libbluenrg1_stack.a(l2cap.o)
 i.L2C_Get_Connection_Info_Index
                0x10046cb4       0x30 ../../../../../../Library/Bluetooth_LE/library\libbluenrg1_stack.a(l2cap.o)
 i.L2C_Get_PDU_Len
                0x10046ce4        0xe ../../../../../../Library/Bluetooth_LE/library\libbluenrg1_stack.a(l2cap.o)
                0x10046ce4                L2C_Get_PDU_Len
 *fill*         0x10046cf2        0x2 
 i.L2C_Init     0x10046cf4       0x58 ../../../../../../Library/Bluetooth_LE/library\libbluenrg1_stack.a(l2cap.o)
                0x10046cf4                L2C_Init
 i.L2C_Mux_Acl_Packet
                0x10046d4c       0x58 ../../../../../../Library/Bluetooth_LE/library\libbluenrg1_stack.a(l2cap.o)
 i.L2C_Rcv_Data
                0x10046da4       0xcc ../../../../../../Library/Bluetooth_LE/library\libbluenrg1_stack.a(l2cap.o)
 i.L2C_Rcv_Event_Handler
                0x10046e70       0x1e ../../../../../../Library/Bluetooth_LE/library\libbluenrg1_stack.a(l2cap.o)
                0x10046e70                L2C_Rcv_Event_Handler
 i.L2C_Rcv_Event_Handler_ISR
                0x10046e8e       0x54 ../../../../../../Library/Bluetooth_LE/library\libbluenrg1_stack.a(l2cap.o)
                0x10046e8e                L2C_Rcv_Event_Handler_ISR
 *fill*         0x10046ee2        0x2 
 i.L2C_Reset_To_Closed_State
                0x10046ee4       0x7c ../../../../../../Library/Bluetooth_LE/library\libbluenrg1_stack.a(l2cap.o)
 i.L2C_Send_Data
                0x10046f60       0x4c ../../../../../../Library/Bluetooth_LE/library\libbluenrg1_stack.a(l2cap.o)
                0x10046f60                L2C_Send_Data
 i.L2C_SigChan_Req_TimeOut_Handler
                0x10046fac       0x60 ../../../../../../Library/Bluetooth_LE/library\libbluenrg1_stack.a(l2cap.o)
                0x10046fac                L2C_SigChan_Req_TimeOut_Handler
 i.L2C_Signal_Channel_Handler
                0x1004700c      0x1b0 ../../../../../../Library/Bluetooth_LE/library\libbluenrg1_stack.a(l2cap.o)
                0x1004700c                L2C_Signal_Channel_Handler
 i.L2C_Signal_Channel_Handler_ISR
                0x100471bc       0x24 ../../../../../../Library/Bluetooth_LE/library\libbluenrg1_stack.a(l2cap.o)
                0x100471bc                L2C_Signal_Channel_Handler_ISR
 i.L2C_discard_accumulated_acl_data
                0x100471e0       0x5c ../../../../../../Library/Bluetooth_LE/library\libbluenrg1_stack.a(l2cap.o)
 i.aci_l2cap_connection_update_req_event_push
                0x1004723c       0x98 ../../../../../../Library/Bluetooth_LE/library\libbluenrg1_stack.a(l2cap.o)
 i.Data_Length_Update_Control_ISR
                0x100472d4      0x12c ../../../../../../Library/Bluetooth_LE/library\libbluenrg1_stack.a(ll_isr.o)
                0x100472d4                Data_Length_Update_Control_ISR
 i.RAL_Isr      0x10047400      0x21c ../../../../../../Library/Bluetooth_LE/library\libbluenrg1_stack.a(ll_isr.o)
                0x10047400                RAL_Isr
 i.copy_4_u32   0x1004761c       0x12 ../../../../../../Library/Bluetooth_LE/library\libbluenrg1_stack.a(ll_isr.o)
                0x1004761c                copy_4_u32
 *fill*         0x1004762e        0x2 
 i.copy_tx_data_packet
                0x10047630       0x84 ../../../../../../Library/Bluetooth_LE/library\libbluenrg1_stack.a(ll_isr.o)
                0x10047630                copy_tx_data_packet
 i.encrypt      0x100476b4       0x74 ../../../../../../Library/Bluetooth_LE/library\libbluenrg1_stack.a(ll_isr.o)
                0x100476b4                encrypt
 i.full_state_func_call_init
                0x10047728       0x18 ../../../../../../Library/Bluetooth_LE/library\libbluenrg1_stack.a(ll_isr.o)
                0x10047728                full_state_func_call_init
 i.isr_advertise_state
                0x10047740      0x3d0 ../../../../../../Library/Bluetooth_LE/library\libbluenrg1_stack.a(ll_isr.o)
 i.isr_connect_master_state
                0x10047b10      0x6dc ../../../../../../Library/Bluetooth_LE/library\libbluenrg1_stack.a(ll_isr.o)
 i.isr_connect_slave_state
                0x100481ec      0x7e8 ../../../../../../Library/Bluetooth_LE/library\libbluenrg1_stack.a(ll_isr.o)
 i.isr_scan_state
                0x100489d4      0x734 ../../../../../../Library/Bluetooth_LE/library\libbluenrg1_stack.a(ll_isr.o)
 i.isr_test_rx_state
                0x10049108       0x38 ../../../../../../Library/Bluetooth_LE/library\libbluenrg1_stack.a(ll_isr.o)
 i.isr_test_tx_state
                0x10049140       0x68 ../../../../../../Library/Bluetooth_LE/library\libbluenrg1_stack.a(ll_isr.o)
 i.isr_unknown_state
                0x100491a8       0x2c ../../../../../../Library/Bluetooth_LE/library\libbluenrg1_stack.a(ll_isr.o)
 i.__ARM_common_memcpy1_6
                0x100491d4       0x1a ../../../../../../Library/Bluetooth_LE/library\libbluenrg1_stack.a(ll_isr.o)
                0x100491d4                __ARM_common_memcpy1_6
 *fill*         0x100491ee        0x2 
 i.LL_LE_Clear_White_List
                0x100491f0       0x28 ../../../../../../Library/Bluetooth_LE/library\libbluenrg1_stack.a(ll_privacy.o)
                0x100491f0                LL_LE_Clear_White_List
 i.LL_LE_Set_Address_Resolution_Enable
                0x10049218       0x20 ../../../../../../Library/Bluetooth_LE/library\libbluenrg1_stack.a(ll_privacy.o)
                0x10049218                LL_LE_Set_Address_Resolution_Enable
 i.LL_LE_Set_Resolvable_Private_Address_Timeout
                0x10049238       0x24 ../../../../../../Library/Bluetooth_LE/library\libbluenrg1_stack.a(ll_privacy.o)
                0x10049238                LL_LE_Set_Resolvable_Private_Address_Timeout
 i.LL_priv_add_to_ConnIDList
                0x1004925c       0x20 ../../../../../../Library/Bluetooth_LE/library\libbluenrg1_stack.a(ll_privacy.o)
                0x1004925c                LL_priv_add_to_ConnIDList
 i.LL_priv_remove_from_ConnIDList
                0x1004927c       0x18 ../../../../../../Library/Bluetooth_LE/library\libbluenrg1_stack.a(ll_privacy.o)
                0x1004927c                LL_priv_remove_from_ConnIDList
 i.LL_priv_test_address_in_ConnIDList
                0x10049294       0x16 ../../../../../../Library/Bluetooth_LE/library\libbluenrg1_stack.a(ll_privacy.o)
                0x10049294                LL_priv_test_address_in_ConnIDList
 *fill*         0x100492aa        0x2 
 i.PRIVWHIT_u8AddAddrInList
                0x100492ac      0x21c ../../../../../../Library/Bluetooth_LE/library\libbluenrg1_stack.a(ll_privacy.o)
                0x100492ac                PRIVWHIT_u8AddAddrInList
 i.PRIVWHIT_u8RemoveAddrInList
                0x100494c8      0x158 ../../../../../../Library/Bluetooth_LE/library\libbluenrg1_stack.a(ll_privacy.o)
                0x100494c8                PRIVWHIT_u8RemoveAddrInList
 i.PRIVWHIT_u8SearchAddrInList
                0x10049620       0xa0 ../../../../../../Library/Bluetooth_LE/library\libbluenrg1_stack.a(ll_privacy.o)
                0x10049620                PRIVWHIT_u8SearchAddrInList
 i.PRIVWHIT_vInit_Struct
                0x100496c0       0xd4 ../../../../../../Library/Bluetooth_LE/library\libbluenrg1_stack.a(ll_privacy.o)
                0x100496c0                PRIVWHIT_vInit_Struct
 i.PRIV_SearchAddrInEachList
                0x10049794       0xa0 ../../../../../../Library/Bluetooth_LE/library\libbluenrg1_stack.a(ll_privacy.o)
 i.PRIV_SearchAddrInWhiteList
                0x10049834       0x18 ../../../../../../Library/Bluetooth_LE/library\libbluenrg1_stack.a(ll_privacy.o)
                0x10049834                PRIV_SearchAddrInWhiteList
 i.PRIV_u32ProcessAdvPacket
                0x1004984c      0x614 ../../../../../../Library/Bluetooth_LE/library\libbluenrg1_stack.a(ll_privacy.o)
                0x1004984c                PRIV_u32ProcessAdvPacket
 i.PRIV_u8OfflineProcessing
                0x10049e60      0x118 ../../../../../../Library/Bluetooth_LE/library\libbluenrg1_stack.a(ll_privacy.o)
                0x10049e60                PRIV_u8OfflineProcessing
 i.PRIV_u8ResolvePrivateAddress
                0x10049f78      0x130 ../../../../../../Library/Bluetooth_LE/library\libbluenrg1_stack.a(ll_privacy.o)
                0x10049f78                PRIV_u8ResolvePrivateAddress
 i.PRIV_u8ResolvePrivateAddressUnit
                0x1004a0a8       0x34 ../../../../../../Library/Bluetooth_LE/library\libbluenrg1_stack.a(ll_privacy.o)
                0x1004a0a8                PRIV_u8ResolvePrivateAddressUnit
 i.PRIV_vGeneratePrivateAddress
                0x1004a0dc       0x62 ../../../../../../Library/Bluetooth_LE/library\libbluenrg1_stack.a(ll_privacy.o)
                0x1004a0dc                PRIV_vGeneratePrivateAddress
 *fill*         0x1004a13e        0x2 
 i.PRIV_vGenerate_hci_le_direct_advertising_report_event
                0x1004a140      0x180 ../../../../../../Library/Bluetooth_LE/library\libbluenrg1_stack.a(ll_privacy.o)
                0x1004a140                PRIV_vGenerate_hci_le_direct_advertising_report_event
 i.PRIV_vGenerate_hci_le_enhanced_connection_complete_event
                0x1004a2c0      0x208 ../../../../../../Library/Bluetooth_LE/library\libbluenrg1_stack.a(ll_privacy.o)
                0x1004a2c0                PRIV_vGenerate_hci_le_enhanced_connection_complete_event
 i.hci_le_direct_advertising_report_event_push
                0x1004a4c8       0x8c ../../../../../../Library/Bluetooth_LE/library\libbluenrg1_stack.a(ll_privacy.o)
 i.scan_connection_or_advertiser
                0x1004a554       0x1a ../../../../../../Library/Bluetooth_LE/library\libbluenrg1_stack.a(ll_privacy.o)
 *fill*         0x1004a56e        0x2 
 i.Data_Len_Update_Offline_Processing
                0x1004a570       0x58 ../../../../../../Library/Bluetooth_LE/library\libbluenrg1_stack.a(ll_routines.o)
                0x1004a570                Data_Len_Update_Offline_Processing
 i.Disconnection_Offline_Processing
                0x1004a5c8       0x48 ../../../../../../Library/Bluetooth_LE/library\libbluenrg1_stack.a(ll_routines.o)
                0x1004a5c8                Disconnection_Offline_Processing
 i.LL_Data_Length_Change_Event
                0x1004a610       0x52 ../../../../../../Library/Bluetooth_LE/library\libbluenrg1_stack.a(ll_routines.o)
                0x1004a610                LL_Data_Length_Change_Event
 i.LL_Data_Length_Update
                0x1004a662       0x60 ../../../../../../Library/Bluetooth_LE/library\libbluenrg1_stack.a(ll_routines.o)
                0x1004a662                LL_Data_Length_Update
 *fill*         0x1004a6c2        0x2 
 i.LL_Disconnect_Link
                0x1004a6c4       0x3c ../../../../../../Library/Bluetooth_LE/library\libbluenrg1_stack.a(ll_routines.o)
                0x1004a6c4                LL_Disconnect_Link
 i.LL_Send_Disconnection_Req
                0x1004a700       0xa4 ../../../../../../Library/Bluetooth_LE/library\libbluenrg1_stack.a(ll_routines.o)
                0x1004a700                LL_Send_Disconnection_Req
 i.LL_Send_Length_Req
                0x1004a7a4       0xd0 ../../../../../../Library/Bluetooth_LE/library\libbluenrg1_stack.a(ll_routines.o)
 i.LL_Send_Length_Resp
                0x1004a874       0xb4 ../../../../../../Library/Bluetooth_LE/library\libbluenrg1_stack.a(ll_routines.o)
                0x1004a874                LL_Send_Length_Resp
 i.LL_Set_Data_Length
                0x1004a928       0xc0 ../../../../../../Library/Bluetooth_LE/library\libbluenrg1_stack.a(ll_routines.o)
                0x1004a928                LL_Set_Data_Length
 i.MIN_U16      0x1004a9e8        0x8 ../../../../../../Library/Bluetooth_LE/library\libbluenrg1_stack.a(ll_routines.o)
 i.ll_write_supported_data
                0x1004a9f0       0x78 ../../../../../../Library/Bluetooth_LE/library\libbluenrg1_stack.a(ll_routines.o)
                0x1004a9f0                ll_write_supported_data
 i.read_rssi    0x1004aa68       0x7c ../../../../../../Library/Bluetooth_LE/library\libbluenrg1_stack.a(ll_routines.o)
                0x1004aa68                read_rssi
 i.LL_Create_Connection
                0x1004aae4      0x29c ../../../../../../Library/Bluetooth_LE/library\libbluenrg1_stack.a(ll_routines_master.o)
                0x1004aae4                LL_Create_Connection
 i.LL_Enable_Disable_Scan
                0x1004ad80      0x26c ../../../../../../Library/Bluetooth_LE/library\libbluenrg1_stack.a(ll_routines_master.o)
                0x1004ad80                LL_Enable_Disable_Scan
 i.check_access_address_patched
                0x1004afec       0xcc ../../../../../../Library/Bluetooth_LE/library\libbluenrg1_stack.a(ll_routines_master.o)
 i.hci_encryption_change_event_push
                0x1004b0b8       0x5c ../../../../../../Library/Bluetooth_LE/library\libbluenrg1_stack.a(ll_routines_master.o)
 i.hci_encryption_key_refresh_complete_event_push
                0x1004b114       0x58 ../../../../../../Library/Bluetooth_LE/library\libbluenrg1_stack.a(ll_routines_master.o)
 i.hci_le_advertising_report_event_push
                0x1004b16c       0x94 ../../../../../../Library/Bluetooth_LE/library\libbluenrg1_stack.a(ll_routines_master.o)
 i.hci_le_connection_complete_event_push
                0x1004b200       0x88 ../../../../../../Library/Bluetooth_LE/library\libbluenrg1_stack.a(ll_routines_master.o)
 i.hci_le_connection_update_complete_event_push
                0x1004b288       0x6c ../../../../../../Library/Bluetooth_LE/library\libbluenrg1_stack.a(ll_routines_master.o)
 i.int32ToLe3Byte
                0x1004b2f4        0xc ../../../../../../Library/Bluetooth_LE/library\libbluenrg1_stack.a(ll_routines_master.o)
 i.int32ToLe4Byte
                0x1004b300       0x10 ../../../../../../Library/Bluetooth_LE/library\libbluenrg1_stack.a(ll_routines_master.o)
 i.isr_event_handler
                0x1004b310      0x660 ../../../../../../Library/Bluetooth_LE/library\libbluenrg1_stack.a(ll_routines_master.o)
                0x1004b310                isr_event_handler
 i.isr_event_handler_scan_data
                0x1004b970      0x1fc ../../../../../../Library/Bluetooth_LE/library\libbluenrg1_stack.a(ll_routines_master.o)
                0x1004b970                isr_event_handler_scan_data
 i.wait_for_prescheduled_slot_cancellation
                0x1004bb6c       0x7c ../../../../../../Library/Bluetooth_LE/library\libbluenrg1_stack.a(ll_routines_master.o)
 i.LL_Encrypt_Plain_Data
                0x1004bbe8       0x88 ../../../../../../Library/Bluetooth_LE/library\libbluenrg1_stack.a(ll_routines_support.o)
                0x1004bbe8                LL_Encrypt_Plain_Data
 i.LL_Set_LTK   0x1004bc70       0x9c ../../../../../../Library/Bluetooth_LE/library\libbluenrg1_stack.a(ll_routines_support.o)
                0x1004bc70                LL_Set_LTK
 i.Dynamic_allocator
                0x1004bd0c      0x278 ../../../../../../Library/Bluetooth_LE/library\libbluenrg1_stack.a(mem_alloc.o)
                0x1004bd0c                Dynamic_allocator
 i.Dynamic_allocator_noRet
                0x1004bf84        0x2 ../../../../../../Library/Bluetooth_LE/library\libbluenrg1_stack.a(mem_alloc.o)
                0x1004bf84                Dynamic_allocator_noRet
 i.Mem_assign   0x1004bf86       0x16 ../../../../../../Library/Bluetooth_LE/library\libbluenrg1_stack.a(mem_alloc.o)
 i.mem_alloc_ctx_init
                0x1004bf9c       0xb8 ../../../../../../Library/Bluetooth_LE/library\libbluenrg1_stack.a(mem_alloc.o)
                0x1004bf9c                mem_alloc_ctx_init
 i.Mem_Buff_Append
                0x1004c054       0x12 ../../../../../../Library/Bluetooth_LE/library\libbluenrg1_stack.a(mem_buff.o)
                0x1004c054                Mem_Buff_Append
 i.Mem_Buff_Block_Copy
                0x1004c066       0x48 ../../../../../../Library/Bluetooth_LE/library\libbluenrg1_stack.a(mem_buff.o)
                0x1004c066                Mem_Buff_Block_Copy
 i.Mem_Buff_Block_Write
                0x1004c0ae       0x56 ../../../../../../Library/Bluetooth_LE/library\libbluenrg1_stack.a(mem_buff.o)
                0x1004c0ae                Mem_Buff_Block_Write
 i.Mem_Buff_Clone
                0x1004c104       0x32 ../../../../../../Library/Bluetooth_LE/library\libbluenrg1_stack.a(mem_buff.o)
                0x1004c104                Mem_Buff_Clone
 i.Mem_Buff_Cmp
                0x1004c136       0x78 ../../../../../../Library/Bluetooth_LE/library\libbluenrg1_stack.a(mem_buff.o)
                0x1004c136                Mem_Buff_Cmp
 i.Mem_Buff_Compact
                0x1004c1ae       0xba ../../../../../../Library/Bluetooth_LE/library\libbluenrg1_stack.a(mem_buff.o)
                0x1004c1ae                Mem_Buff_Compact
 i.Mem_Buff_Get
                0x1004c268       0x2e ../../../../../../Library/Bluetooth_LE/library\libbluenrg1_stack.a(mem_buff.o)
                0x1004c268                Mem_Buff_Get
 i.Mem_Buff_Get_Chain_Count
                0x1004c296       0x14 ../../../../../../Library/Bluetooth_LE/library\libbluenrg1_stack.a(mem_buff.o)
                0x1004c296                Mem_Buff_Get_Chain_Count
 i.Mem_Buff_Get_Chain_Size
                0x1004c2aa       0x14 ../../../../../../Library/Bluetooth_LE/library\libbluenrg1_stack.a(mem_buff.o)
                0x1004c2aa                Mem_Buff_Get_Chain_Size
 i.Mem_Buff_Init
                0x1004c2be       0x6a ../../../../../../Library/Bluetooth_LE/library\libbluenrg1_stack.a(mem_buff.o)
                0x1004c2be                Mem_Buff_Init
 i.Mem_Buff_Read
                0x1004c328       0x62 ../../../../../../Library/Bluetooth_LE/library\libbluenrg1_stack.a(mem_buff.o)
                0x1004c328                Mem_Buff_Read
 i.Mem_Buff_Release
                0x1004c38a       0x36 ../../../../../../Library/Bluetooth_LE/library\libbluenrg1_stack.a(mem_buff.o)
                0x1004c38a                Mem_Buff_Release
 i.Mem_Buff_Resize
                0x1004c3c0       0x8e ../../../../../../Library/Bluetooth_LE/library\libbluenrg1_stack.a(mem_buff.o)
                0x1004c3c0                Mem_Buff_Resize
 i.Mem_Buff_Write
                0x1004c44e       0x68 ../../../../../../Library/Bluetooth_LE/library\libbluenrg1_stack.a(mem_buff.o)
                0x1004c44e                Mem_Buff_Write
 *fill*         0x1004c4b6        0x2 
 i.adapt_slot   0x1004c4b8      0x260 ../../../../../../Library/Bluetooth_LE/library\libbluenrg1_stack.a(multi_master_time.o)
 i.advance_slave_timing_MultiSlave
                0x1004c718      0x2d0 ../../../../../../Library/Bluetooth_LE/library\libbluenrg1_stack.a(multi_master_time.o)
                0x1004c718                advance_slave_timing_MultiSlave
 i.anchor_replace
                0x1004c9e8       0x4c ../../../../../../Library/Bluetooth_LE/library\libbluenrg1_stack.a(multi_master_time.o)
                0x1004c9e8                anchor_replace
 i.cancel_current_master
                0x1004ca34      0x1a8 ../../../../../../Library/Bluetooth_LE/library\libbluenrg1_stack.a(multi_master_time.o)
                0x1004ca34                cancel_current_master
 i.get_advertiser
                0x1004cbdc       0x48 ../../../../../../Library/Bluetooth_LE/library\libbluenrg1_stack.a(multi_master_time.o)
                0x1004cbdc                get_advertiser
 i.get_connection_no
                0x1004cc24       0x88 ../../../../../../Library/Bluetooth_LE/library\libbluenrg1_stack.a(multi_master_time.o)
                0x1004cc24                get_connection_no
 i.get_next_free_slot
                0x1004ccac       0x34 ../../../../../../Library/Bluetooth_LE/library\libbluenrg1_stack.a(multi_master_time.o)
                0x1004ccac                get_next_free_slot
 i.get_scan_connection
                0x1004cce0       0x48 ../../../../../../Library/Bluetooth_LE/library\libbluenrg1_stack.a(multi_master_time.o)
                0x1004cce0                get_scan_connection
 i.is_slave     0x1004cd28       0x34 ../../../../../../Library/Bluetooth_LE/library\libbluenrg1_stack.a(multi_master_time.o)
                0x1004cd28                is_slave
 i.nsar_init    0x1004cd5c       0x18 ../../../../../../Library/Bluetooth_LE/library\libbluenrg1_stack.a(multi_master_time.o)
                0x1004cd5c                nsar_init
 i.nsar_insertSlotListEntry
                0x1004cd74       0x1c ../../../../../../Library/Bluetooth_LE/library\libbluenrg1_stack.a(multi_master_time.o)
 i.nsar_searchBestFreeSlot
                0x1004cd90       0xc0 ../../../../../../Library/Bluetooth_LE/library\libbluenrg1_stack.a(multi_master_time.o)
 i.nsar_updateBestFreeSlot
                0x1004ce50       0x22 ../../../../../../Library/Bluetooth_LE/library\libbluenrg1_stack.a(multi_master_time.o)
 *fill*         0x1004ce72        0x2 
 i.nsar_updateSlotListEntry
                0x1004ce74       0x6c ../../../../../../Library/Bluetooth_LE/library\libbluenrg1_stack.a(multi_master_time.o)
 i.request_connect_slot
                0x1004cee0       0x74 ../../../../../../Library/Bluetooth_LE/library\libbluenrg1_stack.a(multi_master_time.o)
                0x1004cee0                request_connect_slot
 i.request_scan_slot
                0x1004cf54       0x94 ../../../../../../Library/Bluetooth_LE/library\libbluenrg1_stack.a(multi_master_time.o)
                0x1004cf54                request_scan_slot
 i.schedule_advertise_slot
                0x1004cfe8       0xb0 ../../../../../../Library/Bluetooth_LE/library\libbluenrg1_stack.a(multi_master_time.o)
                0x1004cfe8                schedule_advertise_slot
 i.start_timebase
                0x1004d098       0xd0 ../../../../../../Library/Bluetooth_LE/library\libbluenrg1_stack.a(multi_master_time.o)
                0x1004d098                start_timebase
 i.swap_u16     0x1004d168        0xa ../../../../../../Library/Bluetooth_LE/library\libbluenrg1_stack.a(multi_master_time.o)
 *fill*         0x1004d172        0x2 
 i.timebase_start_connect
                0x1004d174       0x38 ../../../../../../Library/Bluetooth_LE/library\libbluenrg1_stack.a(multi_master_time.o)
                0x1004d174                timebase_start_connect
 i.Flash_Write_Flagged
                0x1004d1ac       0x3c ../../../../../../Library/Bluetooth_LE/library\libbluenrg1_stack.a(nvm.o)
                0x1004d1ac                Flash_Write_Flagged
 i.Is_Flash_Write_On_Going
                0x1004d1e8       0x10 ../../../../../../Library/Bluetooth_LE/library\libbluenrg1_stack.a(nvm.o)
                0x1004d1e8                Is_Flash_Write_On_Going
 i.BLEPLAT_PKA_Get_Current_Operation
                0x1004d1f8       0x14 ../../../../../../Library/Bluetooth_LE/library\libbluenrg1_stack.a(pka.o)
                0x1004d1f8                BLEPLAT_PKA_Get_Current_Operation
 i.BLEPLAT_PKA_Start_P256_DHKey_Generation
                0x1004d20c       0x50 ../../../../../../Library/Bluetooth_LE/library\libbluenrg1_stack.a(pka.o)
                0x1004d20c                BLEPLAT_PKA_Start_P256_DHKey_Generation
 i.BLEPLAT_PKA_Start_P256_Public_Key_Generation
                0x1004d25c       0x6c ../../../../../../Library/Bluetooth_LE/library\libbluenrg1_stack.a(pka.o)
                0x1004d25c                BLEPLAT_PKA_Start_P256_Public_Key_Generation