Archive member included to satisfy reference by file (symbol)

../../../../../../Library/Bluetooth_LE/library\libbluenrg1_stack.a(bluenrg_gap_aci.o)
                              User/throughput.o (aci_gap_init)
../../../../../../Library/Bluetooth_LE/library\libbluenrg1_stack.a(bluenrg_gatt_aci.o)
                              User/gatt_db.o (aci_gatt_add_char)
../../../../../../Library/Bluetooth_LE/library\libbluenrg1_stack.a(bluenrg_hal_aci.o)
                              User/throughput.o (aci_hal_set_tx_power_level)
../../../../../../Library/Bluetooth_LE/library\libbluenrg1_stack.a(bluenrg_main_func.o)
                              User/BLE_Throughput_main.o (BTLE_StackTick)
../../../../../../Library/Bluetooth_LE/library\libbluenrg1_stack.a(gap.o)
                              ../../../../../../Library/Bluetooth_LE/library\libbluenrg1_stack.a(bluenrg_gap_aci.o) (GAP_Create_Connection)
../../../../../../Library/Bluetooth_LE/library\libbluenrg1_stack.a(gatt_client.o)
                              ../../../../../../Library/Bluetooth_LE/library\libbluenrg1_stack.a(bluenrg_gatt_aci.o) (Gatt_Confirm_Indication)
../../../../../../Library/Bluetooth_LE/library\libbluenrg1_stack.a(gatt_server.o)
                              ../../../../../../Library/Bluetooth_LE/library\libbluenrg1_stack.a(gatt_client.o) (GATT_Send_Packet)
../../../../../../Library/Bluetooth_LE/library\libbluenrg1_stack.a(hal.o)
                              ../../../../../../Library/Bluetooth_LE/library\libbluenrg1_stack.a(bluenrg_hal_aci.o) (HAL_Read_ConfigData)
../../../../../../Library/Bluetooth_LE/library\libbluenrg1_stack.a(hci.o)
                              ../../../../../../Library/Bluetooth_LE/library\libbluenrg1_stack.a(bluenrg_main_func.o) (Controller_Process_Q)
../../../../../../Library/Bluetooth_LE/library\libbluenrg1_stack.a(host_timer.o)
                              ../../../../../../Library/Bluetooth_LE/library\libbluenrg1_stack.a(bluenrg_main_func.o) (Timer_Init)
../../../../../../Library/Bluetooth_LE/library\libbluenrg1_stack.a(l2cap.o)
                              ../../../../../../Library/Bluetooth_LE/library\libbluenrg1_stack.a(bluenrg_main_func.o) (L2C_Init)
../../../../../../Library/Bluetooth_LE/library\libbluenrg1_stack.a(ll_isr.o)
                              User/BlueNRG1_it.o (RAL_Isr)
../../../../../../Library/Bluetooth_LE/library\libbluenrg1_stack.a(ll_privacy.o)
                              ../../../../../../Library/Bluetooth_LE/library\libbluenrg1_stack.a(hci.o) (LL_LE_Add_Device_To_White_List)
../../../../../../Library/Bluetooth_LE/library\libbluenrg1_stack.a(ll_routines.o)
                              ../../../../../../Library/Bluetooth_LE/library\libbluenrg1_stack.a(hci.o) (Disconnection_Offline_Processing)
../../../../../../Library/Bluetooth_LE/library\libbluenrg1_stack.a(ll_routines_master.o)
                              ../../../../../../Library/Bluetooth_LE/library\libbluenrg1_stack.a(gap.o) (LL_Create_Connection)
../../../../../../Library/Bluetooth_LE/library\libbluenrg1_stack.a(ll_routines_support.o)
                              ../../../../../../Library/Bluetooth_LE/library\libbluenrg1_stack.a(ll_privacy.o) (LL_Encrypt_Plain_Data)
../../../../../../Library/Bluetooth_LE/library\libbluenrg1_stack.a(mem_alloc.o)
                              ../../../../../../Library/Bluetooth_LE/library\libbluenrg1_stack.a(bluenrg_main_func.o) (_BlueNRG_Stack_Init_params)
../../../../../../Library/Bluetooth_LE/library\libbluenrg1_stack.a(mem_buff.o)
                              ../../../../../../Library/Bluetooth_LE/library\libbluenrg1_stack.a(l2cap.o) (Mem_Buff_Append)
../../../../../../Library/Bluetooth_LE/library\libbluenrg1_stack.a(multi_master_time.o)
                              ../../../../../../Library/Bluetooth_LE/library\libbluenrg1_stack.a(hci.o) (LL_Get_Anchor_Interval)
../../../../../../Library/Bluetooth_LE/library\libbluenrg1_stack.a(nvm.o)
                              ../../../../../../Library/Bluetooth_LE/library\libbluenrg1_stack.a(ll_isr.o) (Is_Flash_Write_On_Going)
../../../../../../Library/Bluetooth_LE/library\libbluenrg1_stack.a(pka.o)
                              ../../../../../../Library/Bluetooth_LE/library\libbluenrg1_stack.a(hci.o) (BLEPLAT_PKA_Get_Current_Operation)
../../../../../../Library/Bluetooth_LE/library\libbluenrg1_stack.a(pm.o)
                              ../../../../../../Library/Bluetooth_LE/library\libbluenrg1_stack.a(l2cap.o) (PM_Compact)
../../../../../../Library/Bluetooth_LE/library\libbluenrg1_stack.a(rom_att.o)
                              ../../../../../../Library/Bluetooth_LE/library\libbluenrg1_stack.a(gatt_client.o) (ATT_fill_exchg_mtu_req)
../../../../../../Library/Bluetooth_LE/library\libbluenrg1_stack.a(rom_gap.o)
                              ../../../../../../Library/Bluetooth_LE/library\libbluenrg1_stack.a(gap.o) (GAP_Add_To_WhiteList)
[...]
Memory Configuration

Name             Origin             Length             Attributes
REGION_RAM       0x20000000         0x00006000         xrw
REGION_FLASH_BOOTLOADER 0x10040000         0x00000000         xr
REGION_FLASH     0x10040000         0x0003f000         xr
REGION_NVM       0x1007f000         0x00001000         xr
REGION_ROM       0x10000000         0x00000800         xr
*default*        0x00000000         0xffffffff

Linker script and memory map

START GROUP
LOAD HAL/clock.o
LOAD HAL/context_switch.o
LOAD HAL/gp_timer.o
LOAD HAL/miscutil.o
LOAD HAL/osal.o
LOAD Library/BlueNRG1_adc.o
LOAD Library/BlueNRG1_dma.o
LOAD Library/BlueNRG1_flash.o
LOAD Library/BlueNRG1_gpio.o
LOAD Library/BlueNRG1_i2c.o
LOAD Library/BlueNRG1_mft.o
LOAD Library/BlueNRG1_pka.o
LOAD Library/BlueNRG1_rtc.o
LOAD Library/BlueNRG1_spi.o
LOAD Library/BlueNRG1_sysCtrl.o
LOAD Library/BlueNRG1_uart.o
LOAD Library/BlueNRG1_wdg.o
LOAD Library/misc.o
LOAD Platform_Layers/SDK_EVAL_Button.o
LOAD Platform_Layers/SDK_EVAL_Com.o
LOAD Platform_Layers/SDK_EVAL_Config.o
LOAD Platform_Layers/SDK_EVAL_Led.o
LOAD Stack/stack_user_cfg.o
LOAD Startup/system_BlueNRG1.o
LOAD User/BLE_Throughput_main.o
LOAD User/BlueNRG1_it.o
LOAD User/gatt_db.o
LOAD User/throughput.o
LOAD ../../../../../../Library/Bluetooth_LE/library\libbluenrg1_stack.a
LOAD ../../../../../../Library/cryptolib\libcrypto.a
LOAD c:/wise-studio/tools/gcc-arm-none-eabi-9-2019-q4-major/bin/../lib/gcc/arm-none-eabi/9.2.1/../../../../arm-none-eabi/lib/thumb/v6-m/nofp\libm.a
LOAD c:/wise-studio/tools/gcc-arm-none-eabi-9-2019-q4-major/bin/../lib/gcc/arm-none-eabi/9.2.1/../../../../arm-none-eabi/lib/thumb/v6-m/nofp\libc_nano.a
END GROUP
                0x20000000                _MEMORY_RAM_BEGIN_ = 0x20000000
                0x00006000                _MEMORY_RAM_SIZE_ = 0x6000
                0x20005fff                _MEMORY_RAM_END_ = 0x20005fff
                0x10040000                _MEMORY_FLASH_BEGIN_ = 0x10040000
                0x00040000                _MEMORY_FLASH_SIZE_ = 0x40000
                0x1007ffff                _MEMORY_FLASH_END_ = 0x1007ffff
                0x10000000                _MEMORY_ROM_BEGIN_ = 0x10000000
                0x00000800                _MEMORY_ROM_SIZE_ = 0x800
                0x100007ff                _MEMORY_ROM_END_ = 0x100007ff
                0x00001000                FLASH_NVM_DATASIZE = 0x1000
                0x00000000                MEMORY_FLASH_APP_OFFSET = DEFINED (MEMORY_FLASH_APP_OFFSET)?MEMORY_FLASH_APP_OFFSET:0x0
                0x0003f000                MEMORY_FLASH_APP_SIZE = DEFINED (MEMORY_FLASH_APP_SIZE)?MEMORY_FLASH_APP_SIZE:((_MEMORY_FLASH_SIZE_ - FLASH_NVM_DATASIZE) - MEMORY_FLASH_APP_OFFSET)
                0x000002cc                MEMORY_RAM_APP_OFFSET = DEFINED (MEMORY_RAM_APP_OFFSET)?MEMORY_RAM_APP_OFFSET:0x2cc
                0x00000800                RESET_MANAGER_SIZE = DEFINED (RESET_MANAGER_SIZE)?RESET_MANAGER_SIZE:0x800
                0x0003f000                MEMORY_FLASH_APP_SIZE = DEFINED (ST_OTA_HIGHER_APPLICATION)?(((((_MEMORY_FLASH_SIZE_ - RESET_MANAGER_SIZE) - FLASH_NVM_DATASIZE) / 0x2) / 0x800) * 0x800):MEMORY_FLASH_APP_SIZE
                0x00000000                MEMORY_FLASH_APP_OFFSET = DEFINED (ST_OTA_HIGHER_APPLICATION)?(RESET_MANAGER_SIZE + MEMORY_FLASH_APP_SIZE):MEMORY_FLASH_APP_OFFSET
                0x0003f000                MEMORY_FLASH_APP_SIZE = DEFINED (ST_OTA_LOWER_APPLICATION)?(((((_MEMORY_FLASH_SIZE_ - RESET_MANAGER_SIZE) - FLASH_NVM_DATASIZE) / 0x2) / 0x800) * 0x800):MEMORY_FLASH_APP_SIZE
                0x00000000                MEMORY_FLASH_APP_OFFSET = DEFINED (ST_OTA_LOWER_APPLICATION)?RESET_MANAGER_SIZE:MEMORY_FLASH_APP_OFFSET
                0x00011800                SERVICE_MANAGER_SIZE = 0x11800
                0x0003f000                MEMORY_FLASH_APP_SIZE = DEFINED (ST_USE_OTA_SERVICE_MANAGER_APPLICATION)?((_MEMORY_FLASH_SIZE_ - SERVICE_MANAGER_SIZE) - FLASH_NVM_DATASIZE):MEMORY_FLASH_APP_SIZE
                0x00000000                MEMORY_FLASH_APP_OFFSET = DEFINED (ST_USE_OTA_SERVICE_MANAGER_APPLICATION)?SERVICE_MANAGER_SIZE:MEMORY_FLASH_APP_OFFSET
                0x00000000                _Min_Heap_Size = 0x0
                0x00000c00                _Min_Stack_Size = 0xc00

.bootloader     0x10040000        0x0
                0x10040000                . = ALIGN (0x4)
 *(.bootloader)
                0x10040000                . = ALIGN (0x4)

.intvec         0x10040000       0xc0
                0x10040000                . = ALIGN (0x4)
 *(.intvec)
 .intvec        0x10040000       0xc0 Startup/system_BlueNRG1.o
                0x10040000                __vector_table
                0x100400c0                . = ALIGN (0x4)

.text           0x100400c0    0x114d8
                0x100400c0                . = ALIGN (0x4)
 *(.cmd_call_table)
 *(.text)
 .text          0x100400c0       0xa0 HAL/context_switch.o
                0x100400c0                CS_contextSave
                0x10040112                CS_contextRestore
 .text          0x10040160       0x14 c:/wise-studio/tools/gcc-arm-none-eabi-9-2019-q4-major/bin/../lib/gcc/arm-none-eabi/9.2.1/thumb/v6-m/nofp\libgcc.a(_thumb1_case_shi.o)
                0x10040160                __gnu_thumb1_case_shi
 .text          0x10040174      0x114 c:/wise-studio/tools/gcc-arm-none-eabi-9-2019-q4-major/bin/../lib/gcc/arm-none-eabi/9.2.1/thumb/v6-m/nofp\libgcc.a(_udivsi3.o)
                0x10040174                __aeabi_uidiv
                0x10040174                __udivsi3
                0x10040280                __aeabi_uidivmod
 .text          0x10040288        0x4 c:/wise-studio/tools/gcc-arm-none-eabi-9-2019-q4-major/bin/../lib/gcc/arm-none-eabi/9.2.1/thumb/v6-m/nofp\libgcc.a(_dvmd_tls.o)
                0x10040288                __aeabi_idiv0
                0x10040288                __aeabi_ldiv0
 .text          0x1004028c       0x78 c:/wise-studio/tools/gcc-arm-none-eabi-9-2019-q4-major/bin/../lib/gcc/arm-none-eabi/9.2.1/thumb/v6-m/nofp\libgcc.a(unaligned-funcs.o)
                0x1004028c                __aeabi_uread4
                0x100402a4                __aeabi_uwrite4
                0x100402b8                __aeabi_uread8
                0x100402e4                __aeabi_uwrite8
 *(.text*)
 .text.SysCount_Handler
                0x10040304       0x10 HAL/clock.o
                0x10040304                SysCount_Handler
 .text.Clock_Init
                0x10040314       0x2c HAL/clock.o
                0x10040314                Clock_Init
 .text.HAL_GetPartInfo
                0x10040340       0x64 HAL/miscutil.o
                0x10040340                HAL_GetPartInfo
 .text.BLEPLAT_get_part_info
                0x100403a4       0x22 HAL/miscutil.o
                0x100403a4                BLEPLAT_get_part_info
 .text.Osal_MemCpy
                0x100403c6        0x8 HAL/osal.o
                0x100403c6                Osal_MemCpy
 .text.Osal_MemSet
                0x100403ce        0x8 HAL/osal.o
                0x100403ce                Osal_MemSet
 .text.Osal_MemCmp
                0x100403d6        0x8 HAL/osal.o
                0x100403d6                Osal_MemCmp
 *fill*         0x100403de        0x2 
 .text.FLASH_WaitCmdDone
                0x100403e0       0x10 Library/BlueNRG1_flash.o
                0x100403e0                FLASH_WaitCmdDone
 .text.FLASH_ErasePage
                0x100403f0       0x30 Library/BlueNRG1_flash.o
                0x100403f0                FLASH_ErasePage
 .text.FLASH_ProgramWord
                0x10040420       0x30 Library/BlueNRG1_flash.o
                0x10040420                FLASH_ProgramWord
 .text.GPIO_Init
                0x10040450       0xda Library/BlueNRG1_gpio.o
                0x10040450                GPIO_Init
 .text.GPIO_ReadBit
                0x1004052a       0x10 Library/BlueNRG1_gpio.o
                0x1004052a                GPIO_ReadBit
 .text.GPIO_ClearITPendingBit
                0x1004053a        0x8 Library/BlueNRG1_gpio.o
                0x1004053a                GPIO_ClearITPendingBit
 .text.GPIO_GetITPendingBit
                0x10040542       0x10 Library/BlueNRG1_gpio.o
                0x10040542                GPIO_GetITPendingBit
 .text.PKA_Reset
                0x10040552       0x14 Library/BlueNRG1_pka.o
                0x10040552                PKA_Reset
 *fill*         0x10040566        0x2 
 .text.SysCtrl_PeripheralClockCmd
                0x10040568       0x18 Library/BlueNRG1_sysCtrl.o
                0x10040568                SysCtrl_PeripheralClockCmd
 .text.SysCtrl_GetWakeupResetReason
                0x10040580       0xac Library/BlueNRG1_sysCtrl.o
                0x10040580                SysCtrl_GetWakeupResetReason
 .text.UART_Cmd
                0x1004062c       0x1c Library/BlueNRG1_uart.o
                0x1004062c                UART_Cmd
 .text.UART_Init
                0x10040648      0x150 Library/BlueNRG1_uart.o
                0x10040648                UART_Init
 .text.UART_SendData
                0x10040798       0x10 Library/BlueNRG1_uart.o
                0x10040798                UART_SendData
 .text.UART_ReceiveData
                0x100407a8        0xc Library/BlueNRG1_uart.o
                0x100407a8                UART_ReceiveData
 .text.UART_GetFlagStatus
                0x100407b4       0x1c Library/BlueNRG1_uart.o
                0x100407b4                UART_GetFlagStatus
 .text.UART_GetITStatus
                0x100407d0       0x14 Library/BlueNRG1_uart.o
                0x100407d0                UART_GetITStatus
 .text.UART_RxFifoIrqLevelConfig
                0x100407e4       0x18 Library/BlueNRG1_uart.o
                0x100407e4                UART_RxFifoIrqLevelConfig
 .text.Get_ButtonGpioPin
                0x100407fc       0x2c Platform_Layers/SDK_EVAL_Button.o
                0x100407fc                Get_ButtonGpioPin
 .text.SdkEvalUart_Send_Data
                0x10040828       0x16 Platform_Layers/SDK_EVAL_Com.o
 *fill*         0x1004083e        0x2 
 .text.SdkEvalComUartInit
                0x10040840       0x94 Platform_Layers/SDK_EVAL_Com.o
                0x10040840                SdkEvalComUartInit
 .text.SdkEvalComIOReceiveData
                0x100408d4       0x14 Platform_Layers/SDK_EVAL_Com.o
                0x100408d4                SdkEvalComIOReceiveData
 .text.SdkEvalComIOUartIrqHandler
                0x100408e8       0x2c Platform_Layers/SDK_EVAL_Com.o
                0x100408e8                SdkEvalComIOUartIrqHandler
 .text.Read_Buffer_Pop
                0x10040914       0x38 Platform_Layers/SDK_EVAL_Com.o
                0x10040914                Read_Buffer_Pop
 .text.putchar  0x1004094c        0xe Platform_Layers/SDK_EVAL_Com.o
                0x1004094c                putchar
 *fill*         0x1004095a        0x2 
 .text._sbrk    0x1004095c       0x38 Platform_Layers/SDK_EVAL_Com.o
                0x1004095c                _sbrk
 .text._close   0x10040994        0x6 Platform_Layers/SDK_EVAL_Com.o
                0x10040994                _close
 .text._fstat   0x1004099a        0xa Platform_Layers/SDK_EVAL_Com.o
                0x1004099a                _fstat
 .text._isatty  0x100409a4        0x4 Platform_Layers/SDK_EVAL_Com.o
                0x100409a4                _isatty
 .text._lseek   0x100409a8        0x4 Platform_Layers/SDK_EVAL_Com.o
                0x100409a8                _lseek
 .text._write   0x100409ac       0x1a Platform_Layers/SDK_EVAL_Com.o
                0x100409ac                _write
 .text._read    0x100409c6       0x22 Platform_Layers/SDK_EVAL_Com.o
                0x100409c6                _read
 .text.__aeabi_memcpy
                0x100409e8        0x8 Platform_Layers/SDK_EVAL_Com.o
                0x100409e8                __aeabi_memcpy
 .text.__aeabi_memcpy4
                0x100409f0        0x8 Platform_Layers/SDK_EVAL_Com.o
                0x100409f0                __aeabi_memcpy4
 .text.__aeabi_memclr
                0x100409f8        0xc Platform_Layers/SDK_EVAL_Com.o
                0x100409f8                __aeabi_memclr
 .text.__aeabi_memclr4
                0x10040a04        0x8 Platform_Layers/SDK_EVAL_Com.o
                0x10040a04                __aeabi_memclr4
 .text.SdkEvalIdentification
                0x10040a0c        0xc Platform_Layers/SDK_EVAL_Config.o
                0x10040a0c                SdkEvalIdentification
 .text.SdkEvalGetVersion
                0x10040a18        0xc Platform_Layers/SDK_EVAL_Config.o
                0x10040a18                SdkEvalGetVersion
 .text.PKA_Handler
                0x10040a24        0x2 Startup/system_BlueNRG1.o
                0x10040a24                PKA_Handler
 .text.PendSV_Handler
                0x10040a26        0x2 Startup/system_BlueNRG1.o
                0x10040a26                PendSV_Handler
 .text.NVM_Handler
                0x10040a28        0x2 Startup/system_BlueNRG1.o
                0x10040a28                NVM_Handler
 .text.SPI_Handler
                0x10040a2a        0x2 Startup/system_BlueNRG1.o
                0x10040a2a                SPI_Handler
 .text.MFT1A_Handler
                0x10040a2c        0x2 Startup/system_BlueNRG1.o
                0x10040a2c                MFT1A_Handler
 .text.MFT1B_Handler
                0x10040a2e        0x2 Startup/system_BlueNRG1.o
                0x10040a2e                MFT1B_Handler
 .text.MFT2A_Handler
                0x10040a30        0x2 Startup/system_BlueNRG1.o
                0x10040a30                MFT2A_Handler
 .text.MFT2B_Handler
                0x10040a32        0x2 Startup/system_BlueNRG1.o
                0x10040a32                MFT2B_Handler
 .text.RTC_Handler
                0x10040a34        0x2 Startup/system_BlueNRG1.o
                0x10040a34                RTC_Handler
 .text.WDG_Handler
                0x10040a36        0x2 Startup/system_BlueNRG1.o
                0x10040a36                WDG_Handler
 .text.ADC_Handler
                0x10040a38        0x2 Startup/system_BlueNRG1.o
                0x10040a38                ADC_Handler
 .text.I2C2_Handler
                0x10040a3a        0x2 Startup/system_BlueNRG1.o
                0x10040a3a                I2C2_Handler
 .text.I2C1_Handler
                0x10040a3c        0x2 Startup/system_BlueNRG1.o
                0x10040a3c                I2C1_Handler
 .text.DMA_Handler
                0x10040a3e        0x2 Startup/system_BlueNRG1.o
                0x10040a3e                DMA_Handler
 .text.Set_RF_FrontEnd
                0x10040a40       0x4c Startup/system_BlueNRG1.o
                0x10040a40                Set_RF_FrontEnd
 .text.BOR_ConfigSave
                0x10040a8c       0x48 Startup/system_BlueNRG1.o
                0x10040a8c                BOR_ConfigSave
 .text.SET_BORconfigStatus
                0x10040ad4       0x40 Startup/system_BlueNRG1.o
                0x10040ad4                SET_BORconfigStatus
 .text.__low_level_init
                0x10040b14       0xbc Startup/system_BlueNRG1.o
                0x10040b14                __low_level_init
 .text.RESET_HANDLER
                0x10040bd0       0x80 Startup/system_BlueNRG1.o
                0x10040bd0                RESET_HANDLER
 .text.DeviceConfiguration
                0x10040c50      0x144 Startup/system_BlueNRG1.o
                0x10040c50                DeviceConfiguration
 .text.SystemInit
                0x10040d94      0x114 Startup/system_BlueNRG1.o
                0x10040d94                SystemInit
 .text.startup.main
                0x10040ea8       0x70 User/BLE_Throughput_main.o
                0x10040ea8                main
 .text.hci_hardware_error_event
                0x10040f18       0x18 User/BLE_Throughput_main.o
                0x10040f18                hci_hardware_error_event
 .text.aci_hal_fw_error_event
                0x10040f30       0x16 User/BLE_Throughput_main.o
                0x10040f30                aci_hal_fw_error_event
 .text.NMI_Handler
                0x10040f46        0x2 User/BlueNRG1_it.o
                0x10040f46                NMI_Handler
 .text.HardFault_Handler
                0x10040f48        0x2 User/BlueNRG1_it.o
                0x10040f48                HardFault_Handler
 .text.SVC_Handler
                0x10040f4a        0x2 User/BlueNRG1_it.o
                0x10040f4a                SVC_Handler
 .text.SysTick_Handler
                0x10040f4c        0x8 User/BlueNRG1_it.o
                0x10040f4c                SysTick_Handler
 .text.GPIO_Handler
                0x10040f54       0x54 User/BlueNRG1_it.o
                0x10040f54                GPIO_Handler
 .text.UART_Handler
                0x10040fa8        0x8 User/BlueNRG1_it.o
                0x10040fa8                UART_Handler
 .text.Blue_Handler
                0x10040fb0        0x8 User/BlueNRG1_it.o
                0x10040fb0                Blue_Handler
 .text.Add_Throughput_Service
                0x10040fb8       0xdc User/gatt_db.o
                0x10040fb8                Add_Throughput_Service
 .text.Attribute_Modified_CB
                0x10041094       0x58 User/gatt_db.o
                0x10041094                Attribute_Modified_CB
 .text.delay_ms
                0x100410ec       0x1a User/throughput.o
                0x100410ec                delay_ms
 *fill*         0x10041106        0x2 
 .text.THROUGHPUT_DeviceInit
                0x10041108       0xe8 User/throughput.o
                0x10041108                THROUGHPUT_DeviceInit
 .text.Make_Connection
                0x100411f0       0x58 User/throughput.o
                0x100411f0                Make_Connection
 .text.APP_Tick
                0x10041248      0x214 User/throughput.o
                0x10041248                APP_Tick
 .text.hci_le_connection_complete_event
                0x1004145c       0x18 User/throughput.o
                0x1004145c                hci_le_connection_complete_event
 .text.hci_disconnection_complete_event
                0x10041474       0x58 User/throughput.o
                0x10041474                hci_disconnection_complete_event
 .text.aci_gatt_attribute_modified_event
                0x100414cc        0xe User/throughput.o
                0x100414cc                aci_gatt_attribute_modified_event
 *fill*         0x100414da        0x2 
 .text.aci_gatt_tx_pool_available_event
                0x100414dc       0x10 User/throughput.o
                0x100414dc                aci_gatt_tx_pool_available_event
 .text.__aeabi_memmove
                0x100414ec        0x8 c:/wise-studio/tools/gcc-arm-none-eabi-9-2019-q4-major/bin/../lib/gcc/arm-none-eabi/9.2.1/../../../../arm-none-eabi/lib/thumb/v6-m/nofp\libc_nano.a(lib_a-aeabi_memmove.o)
                0x100414ec                __aeabi_memmove
                0x100414ec                __aeabi_memmove4
                0x100414ec                __aeabi_memmove8
 .text.memcmp   0x100414f4       0x1c c:/wise-studio/tools/gcc-arm-none-eabi-9-2019-q4-major/bin/../lib/gcc/arm-none-eabi/9.2.1/../../../../arm-none-eabi/lib/thumb/v6-m/nofp\libc_nano.a(lib_a-memcmp.o)
                0x100414f4                memcmp
 .text.memcpy   0x10041510       0x12 c:/wise-studio/tools/gcc-arm-none-eabi-9-2019-q4-major/bin/../lib/gcc/arm-none-eabi/9.2.1/../../../../arm-none-eabi/lib/thumb/v6-m/nofp\libc_nano.a(lib_a-memcpy-stub.o)
                0x10041510                memcpy
 .text.memmove  0x10041522       0x26 c:/wise-studio/tools/gcc-arm-none-eabi-9-2019-q4-major/bin/../lib/gcc/arm-none-eabi/9.2.1/../../../../arm-none-eabi/lib/thumb/v6-m/nofp\libc_nano.a(lib_a-memmove.o)
                0x10041522                memmove
 .text.memset   0x10041548       0x10 c:/wise-studio/tools/gcc-arm-none-eabi-9-2019-q4-major/bin/../lib/gcc/arm-none-eabi/9.2.1/../../../../arm-none-eabi/lib/thumb/v6-m/nofp\libc_nano.a(lib_a-memset.o)
                0x10041548                memset
 .text.printf   0x10041558       0x34 c:/wise-studio/tools/gcc-arm-none-eabi-9-2019-q4-major/bin/../lib/gcc/arm-none-eabi/9.2.1/../../../../arm-none-eabi/lib/thumb/v6-m/nofp\libc_nano.a(lib_a-printf.o)
                0x10041558                iprintf
                0x10041558                printf
 .text._puts_r  0x1004158c       0xe4 c:/wise-studio/tools/gcc-arm-none-eabi-9-2019-q4-major/bin/../lib/gcc/arm-none-eabi/9.2.1/../../../../arm-none-eabi/lib/thumb/v6-m/nofp\libc_nano.a(lib_a-puts.o)
                0x1004158c                _puts_r
 .text.puts     0x10041670       0x14 c:/wise-studio/tools/gcc-arm-none-eabi-9-2019-q4-major/bin/../lib/gcc/arm-none-eabi/9.2.1/../../../../arm-none-eabi/lib/thumb/v6-m/nofp\libc_nano.a(lib_a-puts.o)
                0x10041670                puts
 .text.__swbuf_r
                0x10041684       0xac c:/wise-studio/tools/gcc-arm-none-eabi-9-2019-q4-major/bin/../lib/gcc/arm-none-eabi/9.2.1/../../../../arm-none-eabi/lib/thumb/v6-m/nofp\libc_nano.a(lib_a-wbuf.o)
                0x10041684                __swbuf_r
 .text.__swsetup_r
                0x10041730       0xf0 c:/wise-studio/tools/gcc-arm-none-eabi-9-2019-q4-major/bin/../lib/gcc/arm-none-eabi/9.2.1/../../../../arm-none-eabi/lib/thumb/v6-m/nofp\libc_nano.a(lib_a-wsetup.o)
                0x10041730                __swsetup_r
 .text.__sflush_r
                0x10041820      0x118 c:/wise-studio/tools/gcc-arm-none-eabi-9-2019-q4-major/bin/../lib/gcc/arm-none-eabi/9.2.1/../../../../arm-none-eabi/lib/thumb/v6-m/nofp\libc_nano.a(lib_a-fflush.o)
                0x10041820                __sflush_r
 .text._fflush_r
                0x10041938       0x80 c:/wise-studio/tools/gcc-arm-none-eabi-9-2019-q4-major/bin/../lib/gcc/arm-none-eabi/9.2.1/../../../../arm-none-eabi/lib/thumb/v6-m/nofp\libc_nano.a(lib_a-fflush.o)
                0x10041938                _fflush_r
 .text.std      0x100419b8       0x48 c:/wise-studio/tools/gcc-arm-none-eabi-9-2019-q4-major/bin/../lib/gcc/arm-none-eabi/9.2.1/../../../../arm-none-eabi/lib/thumb/v6-m/nofp\libc_nano.a(lib_a-findfp.o)
 .text._cleanup_r
                0x10041a00       0x10 c:/wise-studio/tools/gcc-arm-none-eabi-9-2019-q4-major/bin/../lib/gcc/arm-none-eabi/9.2.1/../../../../arm-none-eabi/lib/thumb/v6-m/nofp\libc_nano.a(lib_a-findfp.o)
                0x10041a00                _cleanup_r
 .text.__sfmoreglue
                0x10041a10       0x2c c:/wise-studio/tools/gcc-arm-none-eabi-9-2019-q4-major/bin/../lib/gcc/arm-none-eabi/9.2.1/../../../../arm-none-eabi/lib/thumb/v6-m/nofp\libc_nano.a(lib_a-findfp.o)
                0x10041a10                __sfmoreglue
 .text.__sfp_lock_acquire
                0x10041a3c       0x10 c:/wise-studio/tools/gcc-arm-none-eabi-9-2019-q4-major/bin/../lib/gcc/arm-none-eabi/9.2.1/../../../../arm-none-eabi/lib/thumb/v6-m/nofp\libc_nano.a(lib_a-findfp.o)
                0x10041a3c                __sfp_lock_acquire
 .text.__sfp_lock_release
                0x10041a4c       0x10 c:/wise-studio/tools/gcc-arm-none-eabi-9-2019-q4-major/bin/../lib/gcc/arm-none-eabi/9.2.1/../../../../arm-none-eabi/lib/thumb/v6-m/nofp\libc_nano.a(lib_a-findfp.o)
                0x10041a4c                __sfp_lock_release
 .text.__sinit_lock_acquire
                0x10041a5c       0x10 c:/wise-studio/tools/gcc-arm-none-eabi-9-2019-q4-major/bin/../lib/gcc/arm-none-eabi/9.2.1/../../../../arm-none-eabi/lib/thumb/v6-m/nofp\libc_nano.a(lib_a-findfp.o)
                0x10041a5c                __sinit_lock_acquire
 .text.__sinit_lock_release
                0x10041a6c       0x10 c:/wise-studio/tools/gcc-arm-none-eabi-9-2019-q4-major/bin/../lib/gcc/arm-none-eabi/9.2.1/../../../../arm-none-eabi/lib/thumb/v6-m/nofp\libc_nano.a(lib_a-findfp.o)
                0x10041a6c                __sinit_lock_release
 .text.__sinit  0x10041a7c       0x70 c:/wise-studio/tools/gcc-arm-none-eabi-9-2019-q4-major/bin/../lib/gcc/arm-none-eabi/9.2.1/../../../../arm-none-eabi/lib/thumb/v6-m/nofp\libc_nano.a(lib_a-findfp.o)
                0x10041a7c                __sinit
 .text.__sfp    0x10041aec       0x90 c:/wise-studio/tools/gcc-arm-none-eabi-9-2019-q4-major/bin/../lib/gcc/arm-none-eabi/9.2.1/../../../../arm-none-eabi/lib/thumb/v6-m/nofp\libc_nano.a(lib_a-findfp.o)
                0x10041aec                __sfp
 .text._fwalk_reent
                0x10041b7c       0x40 c:/wise-studio/tools/gcc-arm-none-eabi-9-2019-q4-major/bin/../lib/gcc/arm-none-eabi/9.2.1/../../../../arm-none-eabi/lib/thumb/v6-m/nofp\libc_nano.a(lib_a-fwalk.o)
                0x10041b7c                _fwalk_reent
 .text.__retarget_lock_init_recursive
                0x10041bbc        0x2 c:/wise-studio/tools/gcc-arm-none-eabi-9-2019-q4-major/bin/../lib/gcc/arm-none-eabi/9.2.1/../../../../arm-none-eabi/lib/thumb/v6-m/nofp\libc_nano.a(lib_a-lock.o)
                0x10041bbc                __retarget_lock_init_recursive
 .text.__retarget_lock_acquire_recursive
                0x10041bbe        0x2 c:/wise-studio/tools/gcc-arm-none-eabi-9-2019-q4-major/bin/../lib/gcc/arm-none-eabi/9.2.1/../../../../arm-none-eabi/lib/thumb/v6-m/nofp\libc_nano.a(lib_a-lock.o)
                0x10041bbe                __retarget_lock_acquire_recursive
 .text.__retarget_lock_release_recursive
                0x10041bc0        0x2 c:/wise-studio/tools/gcc-arm-none-eabi-9-2019-q4-major/bin/../lib/gcc/arm-none-eabi/9.2.1/../../../../arm-none-eabi/lib/thumb/v6-m/nofp\libc_nano.a(lib_a-lock.o)
                0x10041bc0                __retarget_lock_release_recursive
 *fill*         0x10041bc2        0x2 
 .text.__swhatbuf_r
                0x10041bc4       0x50 c:/wise-studio/tools/gcc-arm-none-eabi-9-2019-q4-major/bin/../lib/gcc/arm-none-eabi/9.2.1/../../../../arm-none-eabi/lib/thumb/v6-m/nofp\libc_nano.a(lib_a-makebuf.o)
                0x10041bc4                __swhatbuf_r
 .text.__smakebuf_r
                0x10041c14       0x88 c:/wise-studio/tools/gcc-arm-none-eabi-9-2019-q4-major/bin/../lib/gcc/arm-none-eabi/9.2.1/../../../../arm-none-eabi/lib/thumb/v6-m/nofp\libc_nano.a(lib_a-makebuf.o)
                0x10041c14                __smakebuf_r
 .text._free_r  0x10041c9c       0x94 c:/wise-studio/tools/gcc-arm-none-eabi-9-2019-q4-major/bin/../lib/gcc/arm-none-eabi/9.2.1/../../../../arm-none-eabi/lib/thumb/v6-m/nofp\libc_nano.a(lib_a-nano-freer.o)
                0x10041c9c                _free_r
 .text._malloc_r
                0x10041d30       0xbc c:/wise-studio/tools/gcc-arm-none-eabi-9-2019-q4-major/bin/../lib/gcc/arm-none-eabi/9.2.1/../../../../arm-none-eabi/lib/thumb/v6-m/nofp\libc_nano.a(lib_a-nano-mallocr.o)
                0x10041d30                _malloc_r
 .text.__sfputc_r
                0x10041dec       0x2a c:/wise-studio/tools/gcc-arm-none-eabi-9-2019-q4-major/bin/../lib/gcc/arm-none-eabi/9.2.1/../../../../arm-none-eabi/lib/thumb/v6-m/nofp\libc_nano.a(lib_a-nano-vfprintf.o)
 .text.__sfputs_r
                0x10041e16       0x24 c:/wise-studio/tools/gcc-arm-none-eabi-9-2019-q4-major/bin/../lib/gcc/arm-none-eabi/9.2.1/../../../../arm-none-eabi/lib/thumb/v6-m/nofp\libc_nano.a(lib_a-nano-vfprintf.o)
                0x10041e16                __sfputs_r
 *fill*         0x10041e3a        0x2 
 .text._vfprintf_r
                0x10041e3c      0x274 c:/wise-studio/tools/gcc-arm-none-eabi-9-2019-q4-major/bin/../lib/gcc/arm-none-eabi/9.2.1/../../../../arm-none-eabi/lib/thumb/v6-m/nofp\libc_nano.a(lib_a-nano-vfprintf.o)
                0x10041e3c                _vfprintf_r
                0x10041e3c                _vfiprintf_r
 .text._printf_common
                0x100420b0       0xde c:/wise-studio/tools/gcc-arm-none-eabi-9-2019-q4-major/bin/../lib/gcc/arm-none-eabi/9.2.1/../../../../arm-none-eabi/lib/thumb/v6-m/nofp\libc_nano.a(lib_a-nano-vfprintf_i.o)
                0x100420b0                _printf_common
 *fill*         0x1004218e        0x2 
 .text._printf_i
                0x10042190      0x224 c:/wise-studio/tools/gcc-arm-none-eabi-9-2019-q4-major/bin/../lib/gcc/arm-none-eabi/9.2.1/../../../../arm-none-eabi/lib/thumb/v6-m/nofp\libc_nano.a(lib_a-nano-vfprintf_i.o)
                0x10042190                _printf_i
 .text._sbrk_r  0x100423b4       0x24 c:/wise-studio/tools/gcc-arm-none-eabi-9-2019-q4-major/bin/../lib/gcc/arm-none-eabi/9.2.1/../../../../arm-none-eabi/lib/thumb/v6-m/nofp\libc_nano.a(lib_a-sbrkr.o)
                0x100423b4                _sbrk_r
 .text.__sread  0x100423d8       0x28 c:/wise-studio/tools/gcc-arm-none-eabi-9-2019-q4-major/bin/../lib/gcc/arm-none-eabi/9.2.1/../../../../arm-none-eabi/lib/thumb/v6-m/nofp\libc_nano.a(lib_a-stdio.o)
                0x100423d8                __sread
 .text.__swrite
                0x10042400       0x38 c:/wise-studio/tools/gcc-arm-none-eabi-9-2019-q4-major/bin/../lib/gcc/arm-none-eabi/9.2.1/../../../../arm-none-eabi/lib/thumb/v6-m/nofp\libc_nano.a(lib_a-stdio.o)
                0x10042400                __swrite
 .text.__sseek  0x10042438       0x2c c:/wise-studio/tools/gcc-arm-none-eabi-9-2019-q4-major/bin/../lib/gcc/arm-none-eabi/9.2.1/../../../../arm-none-eabi/lib/thumb/v6-m/nofp\libc_nano.a(lib_a-stdio.o)
                0x10042438                __sseek
 .text.__sclose
                0x10042464        0xc c:/wise-studio/tools/gcc-arm-none-eabi-9-2019-q4-major/bin/../lib/gcc/arm-none-eabi/9.2.1/../../../../arm-none-eabi/lib/thumb/v6-m/nofp\libc_nano.a(lib_a-stdio.o)
                0x10042464                __sclose
 .text._write_r
                0x10042470       0x28 c:/wise-studio/tools/gcc-arm-none-eabi-9-2019-q4-major/bin/../lib/gcc/arm-none-eabi/9.2.1/../../../../arm-none-eabi/lib/thumb/v6-m/nofp\libc_nano.a(lib_a-writer.o)
                0x10042470                _write_r
 .text._close_r
                0x10042498       0x24 c:/wise-studio/tools/gcc-arm-none-eabi-9-2019-q4-major/bin/../lib/gcc/arm-none-eabi/9.2.1/../../../../arm-none-eabi/lib/thumb/v6-m/nofp\libc_nano.a(lib_a-closer.o)
                0x10042498                _close_r
 .text._fstat_r
                0x100424bc       0x24 c:/wise-studio/tools/gcc-arm-none-eabi-9-2019-q4-major/bin/../lib/gcc/arm-none-eabi/9.2.1/../../../../arm-none-eabi/lib/thumb/v6-m/nofp\libc_nano.a(lib_a-fstatr.o)
                0x100424bc                _fstat_r
 .text._isatty_r
                0x100424e0       0x24 c:/wise-studio/tools/gcc-arm-none-eabi-9-2019-q4-major/bin/../lib/gcc/arm-none-eabi/9.2.1/../../../../arm-none-eabi/lib/thumb/v6-m/nofp\libc_nano.a(lib_a-isattyr.o)
                0x100424e0                _isatty_r
 .text._lseek_r
                0x10042504       0x28 c:/wise-studio/tools/gcc-arm-none-eabi-9-2019-q4-major/bin/../lib/gcc/arm-none-eabi/9.2.1/../../../../arm-none-eabi/lib/thumb/v6-m/nofp\libc_nano.a(lib_a-lseekr.o)
                0x10042504                _lseek_r
 .text.memchr   0x1004252c       0x16 c:/wise-studio/tools/gcc-arm-none-eabi-9-2019-q4-major/bin/../lib/gcc/arm-none-eabi/9.2.1/../../../../arm-none-eabi/lib/thumb/v6-m/nofp\libc_nano.a(lib_a-memchr-stub.o)
                0x1004252c                memchr
 *fill*         0x10042542        0x2 
 .text.__malloc_lock
                0x10042544       0x10 c:/wise-studio/tools/gcc-arm-none-eabi-9-2019-q4-major/bin/../lib/gcc/arm-none-eabi/9.2.1/../../../../arm-none-eabi/lib/thumb/v6-m/nofp\libc_nano.a(lib_a-mlock.o)
                0x10042544                __malloc_lock
 .text.__malloc_unlock
                0x10042554       0x10 c:/wise-studio/tools/gcc-arm-none-eabi-9-2019-q4-major/bin/../lib/gcc/arm-none-eabi/9.2.1/../../../../arm-none-eabi/lib/thumb/v6-m/nofp\libc_nano.a(lib_a-mlock.o)
                0x10042554                __malloc_unlock
 .text._read_r  0x10042564       0x28 c:/wise-studio/tools/gcc-arm-none-eabi-9-2019-q4-major/bin/../lib/gcc/arm-none-eabi/9.2.1/../../../../arm-none-eabi/lib/thumb/v6-m/nofp\libc_nano.a(lib_a-readr.o)
                0x10042564                _read_r
 *(i.*)
 i._aci_gap_set_discoverable_param_check
                0x1004258c       0x5c ../../../../../../Library/Bluetooth_LE/library\libbluenrg1_stack.a(bluenrg_gap_aci.o)
 i.aci_gap_init
                0x100425e8       0x30 ../../../../../../Library/Bluetooth_LE/library\libbluenrg1_stack.a(bluenrg_gap_aci.o)
                0x100425e8                aci_gap_init
 i.aci_gap_set_discoverable
                0x10042618       0x42 ../../../../../../Library/Bluetooth_LE/library\libbluenrg1_stack.a(bluenrg_gap_aci.o)
                0x10042618                aci_gap_set_discoverable
 i.aci_gap_terminate
                0x1004265a        0x8 ../../../../../../Library/Bluetooth_LE/library\libbluenrg1_stack.a(bluenrg_gap_aci.o)
                0x1004265a                aci_gap_terminate
 i._load_uuid   0x10042662       0x26 ../../../../../../Library/Bluetooth_LE/library\libbluenrg1_stack.a(bluenrg_gatt_aci.o)
 i.aci_gatt_add_char
                0x10042688       0x3e ../../../../../../Library/Bluetooth_LE/library\libbluenrg1_stack.a(bluenrg_gatt_aci.o)
                0x10042688                aci_gatt_add_char
 i.aci_gatt_add_service
                0x100426c6       0x36 ../../../../../../Library/Bluetooth_LE/library\libbluenrg1_stack.a(bluenrg_gatt_aci.o)
                0x100426c6                aci_gatt_add_service
 i.aci_gatt_init
                0x100426fc        0x8 ../../../../../../Library/Bluetooth_LE/library\libbluenrg1_stack.a(bluenrg_gatt_aci.o)
                0x100426fc                aci_gatt_init
 i.aci_gatt_update_char_value_ext
                0x10042704       0x22 ../../../../../../Library/Bluetooth_LE/library\libbluenrg1_stack.a(bluenrg_gatt_aci.o)
                0x10042704                aci_gatt_update_char_value_ext
 i.aci_hal_set_tx_power_level
                0x10042726        0x8 ../../../../../../Library/Bluetooth_LE/library\libbluenrg1_stack.a(bluenrg_hal_aci.o)
                0x10042726                aci_hal_set_tx_power_level
 i.aci_hal_write_config_data
                0x1004272e        0x8 ../../../../../../Library/Bluetooth_LE/library\libbluenrg1_stack.a(bluenrg_hal_aci.o)
                0x1004272e                aci_hal_write_config_data
 *fill*         0x10042736        0x2 
 i.BTLE_StackTick
                0x10042738       0x84 ../../../../../../Library/Bluetooth_LE/library\libbluenrg1_stack.a(bluenrg_main_func.o)
                0x10042738                BTLE_StackTick
 i.BlueNRG_Stack_Initialization
                0x100427bc       0x44 ../../../../../../Library/Bluetooth_LE/library\libbluenrg1_stack.a(bluenrg_main_func.o)
                0x100427bc                BlueNRG_Stack_Initialization
 i.BlueNRG_Stack_Initialize_ConfigData
                0x10042800       0x64 ../../../../../../Library/Bluetooth_LE/library\libbluenrg1_stack.a(bluenrg_main_func.o)
 i.BlueNRG_Stack_Initialize_Layers
                0x10042864       0x8c ../../../../../../Library/Bluetooth_LE/library\libbluenrg1_stack.a(bluenrg_main_func.o)
 i.BlueNRG_Stack_Initialize_RAM_check
                0x100428f0       0x80 ../../../../../../Library/Bluetooth_LE/library\libbluenrg1_stack.a(bluenrg_main_func.o)
                0x100428f0                BlueNRG_Stack_Initialize_RAM_check
 i.BlueNRG_Stack_Perform_Crystal_Check
                0x10042970       0xc4 ../../../../../../Library/Bluetooth_LE/library\libbluenrg1_stack.a(bluenrg_main_func.o)
 i.BlueNRG_Start_Crystal_Measurement
                0x10042a34       0x1c ../../../../../../Library/Bluetooth_LE/library\libbluenrg1_stack.a(bluenrg_main_func.o)
 i._BlueNRG_Stack_Initialization
                0x10042a50       0xe8 ../../../../../../Library/Bluetooth_LE/library\libbluenrg1_stack.a(bluenrg_main_func.o)
                0x10042a50                _BlueNRG_Stack_Initialization
 i.GAP_Connection_Complete_Handler
                0x10042b38       0x68 ../../../../../../Library/Bluetooth_LE/library\libbluenrg1_stack.a(gap.o)
                0x10042b38                GAP_Connection_Complete_Handler
 i.GAP_DiscProcTimeoutcb_ucfg
                0x10042ba0        0x2 ../../../../../../Library/Bluetooth_LE/library\libbluenrg1_stack.a(gap.o)
                0x10042ba0                GAP_DiscProcTimeoutcb_ucfg
 *fill*         0x10042ba2        0x2 
 i.GAP_Init     0x10042ba4      0x1fc ../../../../../../Library/Bluetooth_LE/library\libbluenrg1_stack.a(gap.o)
                0x10042ba4                GAP_Init
 i.GAP_Init_Context
                0x10042da0       0x14 ../../../../../../Library/Bluetooth_LE/library\libbluenrg1_stack.a(gap.o)
                0x10042da0                GAP_Init_Context
 i.GAP_LL_Event_Handler_ISR
                0x10042db4       0x68 ../../../../../../Library/Bluetooth_LE/library\libbluenrg1_stack.a(gap.o)
                0x10042db4                GAP_LL_Event_Handler_ISR
 i.GAP_LimDiscTimeoutcb
                0x10042e1c       0x2c ../../../../../../Library/Bluetooth_LE/library\libbluenrg1_stack.a(gap.o)
                0x10042e1c                GAP_LimDiscTimeoutcb
 i.GAP_Process_Q
                0x10042e48       0x40 ../../../../../../Library/Bluetooth_LE/library\libbluenrg1_stack.a(gap.o)
                0x10042e48                GAP_Process_Q
 i.GAP_Set_Discoverable_Mode
                0x10042e88       0x38 ../../../../../../Library/Bluetooth_LE/library\libbluenrg1_stack.a(gap.o)
                0x10042e88                GAP_Set_Discoverable_Mode
 i.GAP_check_and_set_role_ucfg
                0x10042ec0       0x1c ../../../../../../Library/Bluetooth_LE/library\libbluenrg1_stack.a(gap.o)
                0x10042ec0                GAP_check_and_set_role_ucfg
 i.GAP_discover_peer_name_ucfg
                0x10042edc        0x2 ../../../../../../Library/Bluetooth_LE/library\libbluenrg1_stack.a(gap.o)
                0x10042edc                GAP_discover_peer_name_ucfg
 i.GAP_enable_controller_privacy_ucfg
                0x10042ede        0x4 ../../../../../../Library/Bluetooth_LE/library\libbluenrg1_stack.a(gap.o)
                0x10042ede                GAP_enable_controller_privacy_ucfg
 *fill*         0x10042ee2        0x2 
 i._GAP_Parse_Advertising_Report
                0x10042ee4       0x6c ../../../../../../Library/Bluetooth_LE/library\libbluenrg1_stack.a(gap.o)
 i._gap_set_discoverable_connectable
                0x10042f50      0x174 ../../../../../../Library/Bluetooth_LE/library\libbluenrg1_stack.a(gap.o)
                0x10042f50                _gap_set_discoverable_connectable
 i.aci_gap_limited_discoverable_event_push
                0x100430c4       0x50 ../../../../../../Library/Bluetooth_LE/library\libbluenrg1_stack.a(gap.o)
 i.aci_gap_proc_complete_event_push
                0x10043114       0x74 ../../../../../../Library/Bluetooth_LE/library\libbluenrg1_stack.a(gap.o)
 i.advParamsCheckAndSet
                0x10043188       0x8c ../../../../../../Library/Bluetooth_LE/library\libbluenrg1_stack.a(gap.o)
                0x10043188                advParamsCheckAndSet
 i.gapClearAllModeFlags
                0x10043214       0x14 ../../../../../../Library/Bluetooth_LE/library\libbluenrg1_stack.a(gap.o)
                0x10043214                gapClearAllModeFlags
 i.setGapAdvData
                0x10043228      0x104 ../../../../../../Library/Bluetooth_LE/library\libbluenrg1_stack.a(gap.o)
                0x10043228                setGapAdvData
 i.Find_Gatt_Client
                0x1004332c       0x3c ../../../../../../Library/Bluetooth_LE/library\libbluenrg1_stack.a(gatt_client.o)
                0x1004332c                Find_Gatt_Client
 i.Build_Notif_Or_Ind
                0x10043368       0x3e ../../../../../../Library/Bluetooth_LE/library\libbluenrg1_stack.a(gatt_server.o)
                0x10043368                Build_Notif_Or_Ind
 *fill*         0x100433a6        0x2 
 i.Check_For_Service_Change
                0x100433a8      0x34c ../../../../../../Library/Bluetooth_LE/library\libbluenrg1_stack.a(gatt_server.o)
                0x100433a8                Check_For_Service_Change
 i.Find_Attr_Index
                0x100436f4       0x50 ../../../../../../Library/Bluetooth_LE/library\libbluenrg1_stack.a(gatt_server.o)
                0x100436f4                Find_Attr_Index
 i.Find_Timed_Out_Connection
                0x10043744       0x20 ../../../../../../Library/Bluetooth_LE/library\libbluenrg1_stack.a(gatt_server.o)
                0x10043744                Find_Timed_Out_Connection
 i.GATT_Connection_Complete_Handler
                0x10043764       0x44 ../../../../../../Library/Bluetooth_LE/library\libbluenrg1_stack.a(gatt_server.o)
                0x10043764                GATT_Connection_Complete_Handler
 i.GATT_Send_Packet
                0x100437a8       0x2c ../../../../../../Library/Bluetooth_LE/library\libbluenrg1_stack.a(gatt_server.o)
                0x100437a8                GATT_Send_Packet
 i.GATT_Server_Set_Flag
                0x100437d4       0x18 ../../../../../../Library/Bluetooth_LE/library\libbluenrg1_stack.a(gatt_server.o)
 i.GATT_TimeOut_Handler
                0x100437ec       0x1a ../../../../../../Library/Bluetooth_LE/library\libbluenrg1_stack.a(gatt_server.o)
                0x100437ec                GATT_TimeOut_Handler
 *fill*         0x10043806        0x2 
 i.Gatt_Add_Charac_Desc
                0x10043808      0x160 ../../../../../../Library/Bluetooth_LE/library\libbluenrg1_stack.a(gatt_server.o)
                0x10043808                Gatt_Add_Charac_Desc
 i.Gatt_Add_Characteristic
                0x10043968      0x33c ../../../../../../Library/Bluetooth_LE/library\libbluenrg1_stack.a(gatt_server.o)
                0x10043968                Gatt_Add_Characteristic
 i.Gatt_Add_Descriptor
                0x10043ca4      0x158 ../../../../../../Library/Bluetooth_LE/library\libbluenrg1_stack.a(gatt_server.o)
                0x10043ca4                Gatt_Add_Descriptor
 i.Gatt_Add_Service
                0x10043dfc      0x160 ../../../../../../Library/Bluetooth_LE/library\libbluenrg1_stack.a(gatt_server.o)
                0x10043dfc                Gatt_Add_Service
 i.Gatt_Find_Srv_From_Handle
                0x10043f5c       0x2c ../../../../../../Library/Bluetooth_LE/library\libbluenrg1_stack.a(gatt_server.o)
                0x10043f5c                Gatt_Find_Srv_From_Handle
 i.Gatt_Find_Srv_Owner_Of_Handle
                0x10043f88       0x48 ../../../../../../Library/Bluetooth_LE/library\libbluenrg1_stack.a(gatt_server.o)
                0x10043f88                Gatt_Find_Srv_Owner_Of_Handle
 i.Gatt_Find_Timed_Out_Connection_Index
                0x10043fd0       0x38 ../../../../../../Library/Bluetooth_LE/library\libbluenrg1_stack.a(gatt_server.o)
                0x10043fd0                Gatt_Find_Timed_Out_Connection_Index
 i.Gatt_Flush_Pending_AclPacket_Lists
                0x10044008       0x34 ../../../../../../Library/Bluetooth_LE/library\libbluenrg1_stack.a(gatt_server.o)
 i.Gatt_Process_Q
                0x1004403c      0x19c ../../../../../../Library/Bluetooth_LE/library\libbluenrg1_stack.a(gatt_server.o)
                0x1004403c                Gatt_Process_Q
 i.Gatt_Reset_To_Closed_State
                0x100441d8       0xfc ../../../../../../Library/Bluetooth_LE/library\libbluenrg1_stack.a(gatt_server.o)
 i.Gatt_Server_Db_Check
                0x100442d4       0x38 ../../../../../../Library/Bluetooth_LE/library\libbluenrg1_stack.a(gatt_server.o)
                0x100442d4                Gatt_Server_Db_Check
 i.Gatt_Server_Init
                0x1004430c      0x194 ../../../../../../Library/Bluetooth_LE/library\libbluenrg1_stack.a(gatt_server.o)
                0x1004430c                Gatt_Server_Init
 i.Gatt_Server_L2C_Handler
                0x100444a0      0x21c ../../../../../../Library/Bluetooth_LE/library\libbluenrg1_stack.a(gatt_server.o)
                0x100444a0                Gatt_Server_L2C_Handler
 i.Gatt_Server_L2C_Handler_ISR
                0x100446bc       0x4c ../../../../../../Library/Bluetooth_LE/library\libbluenrg1_stack.a(gatt_server.o)
                0x100446bc                Gatt_Server_L2C_Handler_ISR
 i.Gatt_Store_Server_Database_And_Reset_CCCD
                0x10044708      0x170 ../../../../../../Library/Bluetooth_LE/library\libbluenrg1_stack.a(gatt_server.o)
 i.Gatt_Update_Charac_Value
                0x10044878       0x68 ../../../../../../Library/Bluetooth_LE/library\libbluenrg1_stack.a(gatt_server.o)
                0x10044878                Gatt_Update_Charac_Value
 i.Gatt_Update_Charac_Value_Ext
                0x100448e0      0x390 ../../../../../../Library/Bluetooth_LE/library\libbluenrg1_stack.a(gatt_server.o)
                0x100448e0                Gatt_Update_Charac_Value_Ext
 i.Gatt_fetch_handle
                0x10044c70       0x3c ../../../../../../Library/Bluetooth_LE/library\libbluenrg1_stack.a(gatt_server.o)
                0x10044c70                Gatt_fetch_handle
 i.Gatt_search_handle
                0x10044cac       0x1e ../../../../../../Library/Bluetooth_LE/library\libbluenrg1_stack.a(gatt_server.o)
                0x10044cac                Gatt_search_handle
 *fill*         0x10044cca        0x2 
 i.Gatt_search_service_handle
                0x10044ccc       0x30 ../../../../../../Library/Bluetooth_LE/library\libbluenrg1_stack.a(gatt_server.o)
                0x10044ccc                Gatt_search_service_handle
 i.Ind_Service_Change_Charac
                0x10044cfc       0x48 ../../../../../../Library/Bluetooth_LE/library\libbluenrg1_stack.a(gatt_server.o)
                0x10044cfc                Ind_Service_Change_Charac
 i.Pm_Resize_Host_Acl_Pckt
                0x10044d44        0xe ../../../../../../Library/Bluetooth_LE/library\libbluenrg1_stack.a(gatt_server.o)
 *fill*         0x10044d52        0x2 
 i.Process_Peer_Client_Data
                0x10044d54      0x1f8 ../../../../../../Library/Bluetooth_LE/library\libbluenrg1_stack.a(gatt_server.o)
                0x10044d54                Process_Peer_Client_Data
 i.Process_Peer_Server_Data
                0x10044f4c      0x16c ../../../../../../Library/Bluetooth_LE/library\libbluenrg1_stack.a(gatt_server.o)
                0x10044f4c                Process_Peer_Server_Data
 i.Select_Next_Notification_Client
                0x100450b8       0x50 ../../../../../../Library/Bluetooth_LE/library\libbluenrg1_stack.a(gatt_server.o)
                0x100450b8                Select_Next_Notification_Client
 i.Send_Notif_Or_Ind
                0x10045108       0x4c ../../../../../../Library/Bluetooth_LE/library\libbluenrg1_stack.a(gatt_server.o)
                0x10045108                Send_Notif_Or_Ind
 i.aci_gatt_indication_event_push
                0x10045154       0x90 ../../../../../../Library/Bluetooth_LE/library\libbluenrg1_stack.a(gatt_server.o)
 i.aci_gatt_notification_event_push
                0x100451e4       0x90 ../../../../../../Library/Bluetooth_LE/library\libbluenrg1_stack.a(gatt_server.o)
 i.aci_hal_fw_error_event_push
                0x10045274       0x5c ../../../../../../Library/Bluetooth_LE/library\libbluenrg1_stack.a(gatt_server.o)
 i.store_data   0x100452d0       0x1e ../../../../../../Library/Bluetooth_LE/library\libbluenrg1_stack.a(gatt_server.o)
                0x100452d0                store_data
 i.__ARM_common_switch8
                0x100452ee       0x1a ../../../../../../Library/Bluetooth_LE/library\libbluenrg1_stack.a(gatt_server.o)
                0x100452ee                __ARM_common_switch8
 i.HAL_Flash_Store_Data
                0x10045308       0x54 ../../../../../../Library/Bluetooth_LE/library\libbluenrg1_stack.a(hal.o)
                0x10045308                HAL_Flash_Store_Data
 i.HAL_Generate_Random_Bytes_To
                0x1004535c       0x20 ../../../../../../Library/Bluetooth_LE/library\libbluenrg1_stack.a(hal.o)
                0x1004535c                HAL_Generate_Random_Bytes_To
 i.HAL_Set_TX_Power_Level
                0x1004537c       0x44 ../../../../../../Library/Bluetooth_LE/library\libbluenrg1_stack.a(hal.o)
                0x1004537c                HAL_Set_TX_Power_Level
 i.HAL_Write_ConfigData
                0x100453c0      0x148 ../../../../../../Library/Bluetooth_LE/library\libbluenrg1_stack.a(hal.o)
                0x100453c0                HAL_Write_ConfigData
 i.Hal_Get_Random_Number
                0x10045508       0x3a ../../../../../../Library/Bluetooth_LE/library\libbluenrg1_stack.a(hal.o)
                0x10045508                Hal_Get_Random_Number
 i.Hal_Get_Random_Number32
                0x10045542       0x12 ../../../../../../Library/Bluetooth_LE/library\libbluenrg1_stack.a(hal.o)
                0x10045542                Hal_Get_Random_Number32
 i.aci_hal_end_of_radio_activity_event
                0x10045554        0x2 ../../../../../../Library/Bluetooth_LE/library\libbluenrg1_stack.a(hal.o)
                0x10045554                aci_hal_end_of_radio_activity_event
 *fill*         0x10045556        0x2 
 i.ble_HAL_Init
                0x10045558       0x1c ../../../../../../Library/Bluetooth_LE/library\libbluenrg1_stack.a(hal.o)
                0x10045558                ble_HAL_Init
 i.char_copy    0x10045574       0x12 ../../../../../../Library/Bluetooth_LE/library\libbluenrg1_stack.a(hal.o)
                0x10045574                char_copy
 *fill*         0x10045586        0x2 
 i.hal_radio_activity_state_callback_check
                0x10045588       0x34 ../../../../../../Library/Bluetooth_LE/library\libbluenrg1_stack.a(hal.o)
                0x10045588                hal_radio_activity_state_callback_check
 i.hal_radio_activity_state_init
                0x100455bc       0x1c ../../../../../../Library/Bluetooth_LE/library\libbluenrg1_stack.a(hal.o)
                0x100455bc                hal_radio_activity_state_init
 i.hal_read_radio_activity_state
                0x100455d8       0x40 ../../../../../../Library/Bluetooth_LE/library\libbluenrg1_stack.a(hal.o)
                0x100455d8                hal_read_radio_activity_state
 i.set_string   0x10045618       0x10 ../../../../../../Library/Bluetooth_LE/library\libbluenrg1_stack.a(hal.o)
                0x10045618                set_string
 i.Controller_Process_Q
                0x10045628       0x20 ../../../../../../Library/Bluetooth_LE/library\libbluenrg1_stack.a(hci.o)
                0x10045628                Controller_Process_Q
 i.HCI_Init     0x10045648       0x6c ../../../../../../Library/Bluetooth_LE/library\libbluenrg1_stack.a(hci.o)
                0x10045648                HCI_Init
 i.PKA_Offline_Processing_ucfg
                0x100456b4        0x2 ../../../../../../Library/Bluetooth_LE/library\libbluenrg1_stack.a(hci.o)
                0x100456b4                PKA_Offline_Processing_ucfg
 i.PRIV_controller_privacy_csr_ucfg
                0x100456b6        0x4 ../../../../../../Library/Bluetooth_LE/library\libbluenrg1_stack.a(hci.o)
                0x100456b6                PRIV_controller_privacy_csr_ucfg
 i.data_length_extension_csr_ucfg
                0x100456ba        0x4 ../../../../../../Library/Bluetooth_LE/library\libbluenrg1_stack.a(hci.o)
                0x100456ba                data_length_extension_csr_ucfg
 i.hci_le_encrypt
                0x100456be        0xa ../../../../../../Library/Bluetooth_LE/library\libbluenrg1_stack.a(hci.o)
                0x100456be                hci_le_encrypt
 i.hci_le_long_term_key_request_reply
                0x100456c8        0xe ../../../../../../Library/Bluetooth_LE/library\libbluenrg1_stack.a(hci.o)
                0x100456c8                hci_le_long_term_key_request_reply
 i.hci_le_long_term_key_requested_negative_reply
                0x100456d6        0xe ../../../../../../Library/Bluetooth_LE/library\libbluenrg1_stack.a(hci.o)
                0x100456d6                hci_le_long_term_key_requested_negative_reply
 i.hci_le_set_scan_response_data
                0x100456e4       0x16 ../../../../../../Library/Bluetooth_LE/library\libbluenrg1_stack.a(hci.o)
                0x100456e4                hci_le_set_scan_response_data
 *fill*         0x100456fa        0x2 
 i.hci_rx_acl_data
                0x100456fc       0x6c ../../../../../../Library/Bluetooth_LE/library\libbluenrg1_stack.a(hci.o)
                0x100456fc                hci_rx_acl_data
 i.hci_tx_acl_data_done
                0x10045768       0x44 ../../../../../../Library/Bluetooth_LE/library\libbluenrg1_stack.a(hci.o)
                0x10045768                hci_tx_acl_data_done
 i.HAL_VTimerAcc_sysT32_ms
                0x100457ac       0x24 ../../../../../../Library/Bluetooth_LE/library\libbluenrg1_stack.a(host_timer.o)
                0x100457ac                HAL_VTimerAcc_sysT32_ms
 i.HAL_VTimerGetCurrentTime_sysT32
                0x100457d0       0x12 ../../../../../../Library/Bluetooth_LE/library\libbluenrg1_stack.a(host_timer.o)
                0x100457d0                HAL_VTimerGetCurrentTime_sysT32
 i.HAL_VTimerTimeoutCallback
                0x100457e2        0x2 ../../../../../../Library/Bluetooth_LE/library\libbluenrg1_stack.a(host_timer.o)
                0x100457e2                HAL_VTimerTimeoutCallback
 i.Set_Host_Timer_value
                0x100457e4       0x50 ../../../../../../Library/Bluetooth_LE/library\libbluenrg1_stack.a(host_timer.o)
                0x100457e4                Set_Host_Timer_value
 i.TimerCallback
                0x10045834       0x7c ../../../../../../Library/Bluetooth_LE/library\libbluenrg1_stack.a(host_timer.o)
 i.Timer_ExpiryCallback
                0x100458b0       0x14 ../../../../../../Library/Bluetooth_LE/library\libbluenrg1_stack.a(host_timer.o)
                0x100458b0                Timer_ExpiryCallback
 i.Timer_Init   0x100458c4       0x34 ../../../../../../Library/Bluetooth_LE/library\libbluenrg1_stack.a(host_timer.o)
                0x100458c4                Timer_Init
 i.Timer_ProcessQ
                0x100458f8      0x11c ../../../../../../Library/Bluetooth_LE/library\libbluenrg1_stack.a(host_timer.o)
                0x100458f8                Timer_ProcessQ
 i.Timer_StartOneShot
                0x10045a14       0x22 ../../../../../../Library/Bluetooth_LE/library\libbluenrg1_stack.a(host_timer.o)
                0x10045a14                Timer_StartOneShot
 *fill*         0x10045a36        0x2 
 i.Timer_StartOneShot_sysTime32
                0x10045a38       0x74 ../../../../../../Library/Bluetooth_LE/library\libbluenrg1_stack.a(host_timer.o)
                0x10045a38                Timer_StartOneShot_sysTime32
 i.Timer_StopOneShot
                0x10045aac       0x58 ../../../../../../Library/Bluetooth_LE/library\libbluenrg1_stack.a(host_timer.o)
                0x10045aac                Timer_StopOneShot
 i.Timer_sysTime32_convMachineTime
                0x10045b04       0x24 ../../../../../../Library/Bluetooth_LE/library\libbluenrg1_stack.a(host_timer.o)
                0x10045b04                Timer_sysTime32_convMachineTime
 i.L2C_Build_Command_Reject_Pdu
                0x10045b28       0x7c ../../../../../../Library/Bluetooth_LE/library\libbluenrg1_stack.a(l2cap.o)
                0x10045b28                L2C_Build_Command_Reject_Pdu
 i.L2C_Connection_Complete_Handler
                0x10045ba4       0x4a ../../../../../../Library/Bluetooth_LE/library\libbluenrg1_stack.a(l2cap.o)
                0x10045ba4                L2C_Connection_Complete_Handler
 i.L2C_Connection_Complete_Signal_Handler
                0x10045bee       0x2a ../../../../../../Library/Bluetooth_LE/library\libbluenrg1_stack.a(l2cap.o)
                0x10045bee                L2C_Connection_Complete_Signal_Handler
 i.L2C_Get_Connection_Info
                0x10045c18       0x34 ../../../../../../Library/Bluetooth_LE/library\libbluenrg1_stack.a(l2cap.o)
 i.L2C_Get_Connection_Info_Index
                0x10045c4c       0x30 ../../../../../../Library/Bluetooth_LE/library\libbluenrg1_stack.a(l2cap.o)
 i.L2C_Get_PDU_Len
                0x10045c7c        0xe ../../../../../../Library/Bluetooth_LE/library\libbluenrg1_stack.a(l2cap.o)
                0x10045c7c                L2C_Get_PDU_Len
 *fill*         0x10045c8a        0x2 
 i.L2C_Init     0x10045c8c       0x58 ../../../../../../Library/Bluetooth_LE/library\libbluenrg1_stack.a(l2cap.o)
                0x10045c8c                L2C_Init
 i.L2C_Mux_Acl_Packet
                0x10045ce4       0x58 ../../../../../../Library/Bluetooth_LE/library\libbluenrg1_stack.a(l2cap.o)
 i.L2C_Rcv_Data
                0x10045d3c       0xcc ../../../../../../Library/Bluetooth_LE/library\libbluenrg1_stack.a(l2cap.o)
 i.L2C_Rcv_Event_Handler
                0x10045e08       0x1e ../../../../../../Library/Bluetooth_LE/library\libbluenrg1_stack.a(l2cap.o)
                0x10045e08                L2C_Rcv_Event_Handler
 i.L2C_Rcv_Event_Handler_ISR
                0x10045e26       0x54 ../../../../../../Library/Bluetooth_LE/library\libbluenrg1_stack.a(l2cap.o)
                0x10045e26                L2C_Rcv_Event_Handler_ISR
 *fill*         0x10045e7a        0x2 
 i.L2C_Reset_To_Closed_State
                0x10045e7c       0x7c ../../../../../../Library/Bluetooth_LE/library\libbluenrg1_stack.a(l2cap.o)
 i.L2C_Send_Data
                0x10045ef8       0x4c ../../../../../../Library/Bluetooth_LE/library\libbluenrg1_stack.a(l2cap.o)
                0x10045ef8                L2C_Send_Data
 i.L2C_SigChan_Req_TimeOut_Handler
                0x10045f44       0x60 ../../../../../../Library/Bluetooth_LE/library\libbluenrg1_stack.a(l2cap.o)
                0x10045f44                L2C_SigChan_Req_TimeOut_Handler
 i.L2C_Signal_Channel_Handler
                0x10045fa4      0x1b0 ../../../../../../Library/Bluetooth_LE/library\libbluenrg1_stack.a(l2cap.o)
                0x10045fa4                L2C_Signal_Channel_Handler
 i.L2C_Signal_Channel_Handler_ISR
                0x10046154       0x24 ../../../../../../Library/Bluetooth_LE/library\libbluenrg1_stack.a(l2cap.o)
                0x10046154                L2C_Signal_Channel_Handler_ISR
 i.L2C_discard_accumulated_acl_data
                0x10046178       0x5c ../../../../../../Library/Bluetooth_LE/library\libbluenrg1_stack.a(l2cap.o)
 i.aci_l2cap_connection_update_req_event_push
                0x100461d4       0x98 ../../../../../../Library/Bluetooth_LE/library\libbluenrg1_stack.a(l2cap.o)
 i.Data_Length_Update_Control_ISR_ucfg
                0x1004626c        0x4 ../../../../../../Library/Bluetooth_LE/library\libbluenrg1_stack.a(ll_isr.o)
                0x1004626c                Data_Length_Update_Control_ISR_ucfg
 i.RAL_Isr      0x10046270      0x21c ../../../../../../Library/Bluetooth_LE/library\libbluenrg1_stack.a(ll_isr.o)
                0x10046270                RAL_Isr
 i.copy_4_u32   0x1004648c       0x12 ../../../../../../Library/Bluetooth_LE/library\libbluenrg1_stack.a(ll_isr.o)
                0x1004648c                copy_4_u32
 *fill*         0x1004649e        0x2 
 i.copy_tx_data_packet
                0x100464a0       0x84 ../../../../../../Library/Bluetooth_LE/library\libbluenrg1_stack.a(ll_isr.o)
                0x100464a0                copy_tx_data_packet
 i.encrypt      0x10046524       0x74 ../../../../../../Library/Bluetooth_LE/library\libbluenrg1_stack.a(ll_isr.o)
                0x10046524                encrypt
 i.isr_advertise_state
                0x10046598      0x3d0 ../../../../../../Library/Bluetooth_LE/library\libbluenrg1_stack.a(ll_isr.o)
 i.isr_connect_slave_state
                0x10046968      0x7e8 ../../../../../../Library/Bluetooth_LE/library\libbluenrg1_stack.a(ll_isr.o)
 i.isr_test_rx_state
                0x10047150       0x38 ../../../../../../Library/Bluetooth_LE/library\libbluenrg1_stack.a(ll_isr.o)
 i.isr_test_tx_state
                0x10047188       0x68 ../../../../../../Library/Bluetooth_LE/library\libbluenrg1_stack.a(ll_isr.o)
 i.isr_unknown_state
                0x100471f0       0x2c ../../../../../../Library/Bluetooth_LE/library\libbluenrg1_stack.a(ll_isr.o)
 i.state_func_call_init_csr_ucfg
                0x1004721c        0x2 ../../../../../../Library/Bluetooth_LE/library\libbluenrg1_stack.a(ll_isr.o)
                0x1004721c                state_func_call_init_csr_ucfg
 i.__ARM_common_memcpy1_6
                0x1004721e       0x1a ../../../../../../Library/Bluetooth_LE/library\libbluenrg1_stack.a(ll_isr.o)
                0x1004721e                __ARM_common_memcpy1_6
 i.LL_LE_Clear_White_List
                0x10047238       0x28 ../../../../../../Library/Bluetooth_LE/library\libbluenrg1_stack.a(ll_privacy.o)
                0x10047238                LL_LE_Clear_White_List
 i.LL_priv_add_to_ConnIDList_ucfg
                0x10047260        0x4 ../../../../../../Library/Bluetooth_LE/library\libbluenrg1_stack.a(ll_privacy.o)
                0x10047260                LL_priv_add_to_ConnIDList_ucfg
 i.LL_priv_remove_from_ConnIDList_ucfg
                0x10047264        0x2 ../../../../../../Library/Bluetooth_LE/library\libbluenrg1_stack.a(ll_privacy.o)
                0x10047264                LL_priv_remove_from_ConnIDList_ucfg
 *fill*         0x10047266        0x2 
 i.LL_priv_test_address_in_ConnIDList_ucfg
                0x10047268       0x40 ../../../../../../Library/Bluetooth_LE/library\libbluenrg1_stack.a(ll_privacy.o)
                0x10047268                LL_priv_test_address_in_ConnIDList_ucfg
 i.PRIVWHIT_u8SearchAddrInList
                0x100472a8       0xa0 ../../../../../../Library/Bluetooth_LE/library\libbluenrg1_stack.a(ll_privacy.o)
                0x100472a8                PRIVWHIT_u8SearchAddrInList
 i.PRIVWHIT_vInit_Struct
                0x10047348       0xd4 ../../../../../../Library/Bluetooth_LE/library\libbluenrg1_stack.a(ll_privacy.o)
                0x10047348                PRIVWHIT_vInit_Struct
 i.PRIV_SearchAddrInEachList
                0x1004741c       0xa0 ../../../../../../Library/Bluetooth_LE/library\libbluenrg1_stack.a(ll_privacy.o)
 i.PRIV_SearchAddrInWhiteList
                0x100474bc       0x18 ../../../../../../Library/Bluetooth_LE/library\libbluenrg1_stack.a(ll_privacy.o)
                0x100474bc                PRIV_SearchAddrInWhiteList
 i.PRIV_u32ProcessAdvPacket_ucfg
                0x100474d4        0x4 ../../../../../../Library/Bluetooth_LE/library\libbluenrg1_stack.a(ll_privacy.o)
                0x100474d4                PRIV_u32ProcessAdvPacket_ucfg
 i.PRIV_u8OfflineProcessing_ucfg
                0x100474d8        0x4 ../../../../../../Library/Bluetooth_LE/library\libbluenrg1_stack.a(ll_privacy.o)
                0x100474d8                PRIV_u8OfflineProcessing_ucfg
 i.PRIV_vGeneratePrivateAddress_ucfg
                0x100474dc        0x2 ../../../../../../Library/Bluetooth_LE/library\libbluenrg1_stack.a(ll_privacy.o)
                0x100474dc                PRIV_vGeneratePrivateAddress_ucfg
 i.PRIV_vGenerate_hci_le_enhanced_connection_complete_event_ucfg
                0x100474de        0x2 ../../../../../../Library/Bluetooth_LE/library\libbluenrg1_stack.a(ll_privacy.o)
                0x100474de                PRIV_vGenerate_hci_le_enhanced_connection_complete_event_ucfg
 i.Data_Len_Update_Offline_Processing_ucfg
                0x100474e0        0x2 ../../../../../../Library/Bluetooth_LE/library\libbluenrg1_stack.a(ll_routines.o)
                0x100474e0                Data_Len_Update_Offline_Processing_ucfg
 *fill*         0x100474e2        0x2 
 i.Disconnection_Offline_Processing
                0x100474e4       0x48 ../../../../../../Library/Bluetooth_LE/library\libbluenrg1_stack.a(ll_routines.o)
                0x100474e4                Disconnection_Offline_Processing
 i.LL_Data_Length_Change_Event_ucfg
                0x1004752c        0x4 ../../../../../../Library/Bluetooth_LE/library\libbluenrg1_stack.a(ll_routines.o)
                0x1004752c                LL_Data_Length_Change_Event_ucfg
 i.LL_Disconnect_Link
                0x10047530       0x3c ../../../../../../Library/Bluetooth_LE/library\libbluenrg1_stack.a(ll_routines.o)
                0x10047530                LL_Disconnect_Link
 i.LL_Send_Disconnection_Req
                0x1004756c       0xa4 ../../../../../../Library/Bluetooth_LE/library\libbluenrg1_stack.a(ll_routines.o)
                0x1004756c                LL_Send_Disconnection_Req
 i.LL_Send_Length_Resp_ucfg
                0x10047610        0x4 ../../../../../../Library/Bluetooth_LE/library\libbluenrg1_stack.a(ll_routines.o)
                0x10047610                LL_Send_Length_Resp_ucfg
 i.ll_write_supported_data_ucfg
                0x10047614        0x4 ../../../../../../Library/Bluetooth_LE/library\libbluenrg1_stack.a(ll_routines.o)
                0x10047614                ll_write_supported_data_ucfg
 i.read_rssi    0x10047618       0x7c ../../../../../../Library/Bluetooth_LE/library\libbluenrg1_stack.a(ll_routines.o)
                0x10047618                read_rssi
 i.hci_encryption_change_event_push
                0x10047694       0x5c ../../../../../../Library/Bluetooth_LE/library\libbluenrg1_stack.a(ll_routines_master.o)
 i.hci_encryption_key_refresh_complete_event_push
                0x100476f0       0x58 ../../../../../../Library/Bluetooth_LE/library\libbluenrg1_stack.a(ll_routines_master.o)
 i.hci_le_connection_complete_event_push
                0x10047748       0x88 ../../../../../../Library/Bluetooth_LE/library\libbluenrg1_stack.a(ll_routines_master.o)
 i.hci_le_connection_update_complete_event_push
                0x100477d0       0x6c ../../../../../../Library/Bluetooth_LE/library\libbluenrg1_stack.a(ll_routines_master.o)
 i.isr_event_handler
                0x1004783c      0x660 ../../../../../../Library/Bluetooth_LE/library\libbluenrg1_stack.a(ll_routines_master.o)
                0x1004783c                isr_event_handler
 i.isr_event_handler_scan_data_ucfg
                0x10047e9c        0x2 ../../../../../../Library/Bluetooth_LE/library\libbluenrg1_stack.a(ll_routines_master.o)
                0x10047e9c                isr_event_handler_scan_data_ucfg
 *fill*         0x10047e9e        0x2 
 i.LL_Encrypt_Plain_Data_ucfg
                0x10047ea0       0xa0 ../../../../../../Library/Bluetooth_LE/library\libbluenrg1_stack.a(ll_routines_support.o)
                0x10047ea0                LL_Encrypt_Plain_Data_ucfg
 i.LL_Set_LTK   0x10047f40       0x9c ../../../../../../Library/Bluetooth_LE/library\libbluenrg1_stack.a(ll_routines_support.o)
                0x10047f40                LL_Set_LTK
 i.Dynamic_allocator
                0x10047fdc      0x278 ../../../../../../Library/Bluetooth_LE/library\libbluenrg1_stack.a(mem_alloc.o)
                0x10047fdc                Dynamic_allocator
 i.Dynamic_allocator_noRet
                0x10048254        0x2 ../../../../../../Library/Bluetooth_LE/library\libbluenrg1_stack.a(mem_alloc.o)
                0x10048254                Dynamic_allocator_noRet
 i.Mem_assign   0x10048256       0x16 ../../../../../../Library/Bluetooth_LE/library\libbluenrg1_stack.a(mem_alloc.o)
 i.mem_alloc_ctx_init
                0x1004826c       0xb8 ../../../../../../Library/Bluetooth_LE/library\libbluenrg1_stack.a(mem_alloc.o)
                0x1004826c                mem_alloc_ctx_init
 i.Mem_Buff_Append
                0x10048324       0x12 ../../../../../../Library/Bluetooth_LE/library\libbluenrg1_stack.a(mem_buff.o)
                0x10048324                Mem_Buff_Append
 i.Mem_Buff_Block_Copy
                0x10048336       0x48 ../../../../../../Library/Bluetooth_LE/library\libbluenrg1_stack.a(mem_buff.o)
                0x10048336                Mem_Buff_Block_Copy
 i.Mem_Buff_Block_Write
                0x1004837e       0x56 ../../../../../../Library/Bluetooth_LE/library\libbluenrg1_stack.a(mem_buff.o)
                0x1004837e                Mem_Buff_Block_Write
 i.Mem_Buff_Clone
                0x100483d4       0x32 ../../../../../../Library/Bluetooth_LE/library\libbluenrg1_stack.a(mem_buff.o)
                0x100483d4                Mem_Buff_Clone
 i.Mem_Buff_Cmp
                0x10048406       0x78 ../../../../../../Library/Bluetooth_LE/library\libbluenrg1_stack.a(mem_buff.o)
                0x10048406                Mem_Buff_Cmp
 i.Mem_Buff_Compact
                0x1004847e       0xba ../../../../../../Library/Bluetooth_LE/library\libbluenrg1_stack.a(mem_buff.o)
                0x1004847e                Mem_Buff_Compact
 i.Mem_Buff_Get
                0x10048538       0x2e ../../../../../../Library/Bluetooth_LE/library\libbluenrg1_stack.a(mem_buff.o)
                0x10048538                Mem_Buff_Get
 i.Mem_Buff_Get_Chain_Count
                0x10048566       0x14 ../../../../../../Library/Bluetooth_LE/library\libbluenrg1_stack.a(mem_buff.o)
                0x10048566                Mem_Buff_Get_Chain_Count
 i.Mem_Buff_Get_Chain_Size
                0x1004857a       0x14 ../../../../../../Library/Bluetooth_LE/library\libbluenrg1_stack.a(mem_buff.o)
                0x1004857a                Mem_Buff_Get_Chain_Size
 i.Mem_Buff_Init
                0x1004858e       0x6a ../../../../../../Library/Bluetooth_LE/library\libbluenrg1_stack.a(mem_buff.o)
                0x1004858e                Mem_Buff_Init
 i.Mem_Buff_Read
                0x100485f8       0x62 ../../../../../../Library/Bluetooth_LE/library\libbluenrg1_stack.a(mem_buff.o)
                0x100485f8                Mem_Buff_Read
 i.Mem_Buff_Release
                0x1004865a       0x36 ../../../../../../Library/Bluetooth_LE/library\libbluenrg1_stack.a(mem_buff.o)
                0x1004865a                Mem_Buff_Release
 i.Mem_Buff_Resize
                0x10048690       0x8e ../../../../../../Library/Bluetooth_LE/library\libbluenrg1_stack.a(mem_buff.o)
                0x10048690                Mem_Buff_Resize
 i.Mem_Buff_Write
                0x1004871e       0x68 ../../../../../../Library/Bluetooth_LE/library\libbluenrg1_stack.a(mem_buff.o)
                0x1004871e                Mem_Buff_Write
 *fill*         0x10048786        0x2 
 i.adapt_slot   0x10048788      0x260 ../../../../../../Library/Bluetooth_LE/library\libbluenrg1_stack.a(multi_master_time.o)
 i.advance_slave_timing_MultiSlave
                0x100489e8      0x2d0 ../../../../../../Library/Bluetooth_LE/library\libbluenrg1_stack.a(multi_master_time.o)
                0x100489e8                advance_slave_timing_MultiSlave
 i.cancel_current_master
                0x10048cb8      0x1a8 ../../../../../../Library/Bluetooth_LE/library\libbluenrg1_stack.a(multi_master_time.o)
                0x10048cb8                cancel_current_master
 i.get_advertiser
                0x10048e60       0x48 ../../../../../../Library/Bluetooth_LE/library\libbluenrg1_stack.a(multi_master_time.o)
                0x10048e60                get_advertiser
 i.get_connection_no
                0x10048ea8       0x88 ../../../../../../Library/Bluetooth_LE/library\libbluenrg1_stack.a(multi_master_time.o)
                0x10048ea8                get_connection_no
 i.get_next_free_slot
                0x10048f30       0x34 ../../../../../../Library/Bluetooth_LE/library\libbluenrg1_stack.a(multi_master_time.o)
                0x10048f30                get_next_free_slot
 i.get_scan_connection
                0x10048f64       0x48 ../../../../../../Library/Bluetooth_LE/library\libbluenrg1_stack.a(multi_master_time.o)
                0x10048f64                get_scan_connection
 i.is_slave     0x10048fac       0x34 ../../../../../../Library/Bluetooth_LE/library\libbluenrg1_stack.a(multi_master_time.o)
                0x10048fac                is_slave
 i.nsar_init    0x10048fe0       0x18 ../../../../../../Library/Bluetooth_LE/library\libbluenrg1_stack.a(multi_master_time.o)
                0x10048fe0                nsar_init
 i.nsar_insertSlotListEntry
                0x10048ff8       0x1c ../../../../../../Library/Bluetooth_LE/library\libbluenrg1_stack.a(multi_master_time.o)
 i.nsar_searchBestFreeSlot
                0x10049014       0xc0 ../../../../../../Library/Bluetooth_LE/library\libbluenrg1_stack.a(multi_master_time.o)
 i.nsar_updateBestFreeSlot
                0x100490d4       0x22 ../../../../../../Library/Bluetooth_LE/library\libbluenrg1_stack.a(multi_master_time.o)
 *fill*         0x100490f6        0x2 
 i.nsar_updateSlotListEntry
                0x100490f8       0x6c ../../../../../../Library/Bluetooth_LE/library\libbluenrg1_stack.a(multi_master_time.o)
 i.schedule_advertise_slot
                0x10049164       0xb0 ../../../../../../Library/Bluetooth_LE/library\libbluenrg1_stack.a(multi_master_time.o)
                0x10049164                schedule_advertise_slot
 i.start_timebase
                0x10049214       0xd0 ../../../../../../Library/Bluetooth_LE/library\libbluenrg1_stack.a(multi_master_time.o)
                0x10049214                start_timebase
 i.swap_u16     0x100492e4        0xa ../../../../../../Library/Bluetooth_LE/library\libbluenrg1_stack.a(multi_master_time.o)
 *fill*         0x100492ee        0x2 
 i.timebase_start_connect
                0x100492f0       0x38 ../../../../../../Library/Bluetooth_LE/library\libbluenrg1_stack.a(multi_master_time.o)
                0x100492f0                timebase_start_connect
 i.Flash_Write_Flagged
                0x10049328       0x3c ../../../../../../Library/Bluetooth_LE/library\libbluenrg1_stack.a(nvm.o)
                0x10049328                Flash_Write_Flagged
 i.Is_Flash_Write_On_Going
                0x10049364       0x10 ../../../../../../Library/Bluetooth_LE/library\libbluenrg1_stack.a(nvm.o)
                0x10049364                Is_Flash_Write_On_Going
 i.PM_Check_And_Set
                0x10049374       0x50 ../../../../../../Library/Bluetooth_LE/library\libbluenrg1_stack.a(pm.o)
 i.PM_Clone_Pckt
                0x100493c4       0x22 ../../../../../../Library/Bluetooth_LE/library\libbluenrg1_stack.a(pm.o)
                0x100493c4                PM_Clone_Pckt
 *fill*         0x100493e6        0x2 
 i.PM_Compact   0x100493e8       0x54 ../../../../../../Library/Bluetooth_LE/library\libbluenrg1_stack.a(pm.o)
                0x100493e8                PM_Compact
 i.PM_Copy_Pckt_Data
                0x1004943c       0x12 ../../../../../../Library/Bluetooth_LE/library\libbluenrg1_stack.a(pm.o)
                0x1004943c                PM_Copy_Pckt_Data
 *fill*         0x1004944e        0x2 
 i.PM_Eng_Config
                0x10049450       0x18 ../../../../../../Library/Bluetooth_LE/library\libbluenrg1_stack.a(pm.o)
                0x10049450                PM_Eng_Config
 i.PM_Extract_Pdu_MBuff
                0x10049468        0xc ../../../../../../Library/Bluetooth_LE/library\libbluenrg1_stack.a(pm.o)
                0x10049468                PM_Extract_Pdu_MBuff
 i.PM_Get_Available_Buffer
                0x10049474       0x3c ../../../../../../Library/Bluetooth_LE/library\libbluenrg1_stack.a(pm.o)
                0x10049474                PM_Get_Available_Buffer
 i.PM_Get_Mem_Buff_Count
                0x100494b0        0xa ../../../../../../Library/Bluetooth_LE/library\libbluenrg1_stack.a(pm.o)
                0x100494b0                PM_Get_Mem_Buff_Count
 *fill*         0x100494ba        0x2 
 i.PM_Get_Pckt  0x100494bc       0x44 ../../../../../../Library/Bluetooth_LE/library\libbluenrg1_stack.a(pm.o)
                0x100494bc                PM_Get_Pckt
 i.PM_Init      0x10049500       0x68 ../../../../../../Library/Bluetooth_LE/library\libbluenrg1_stack.a(pm.o)
                0x10049500                PM_Init
 i.PM_Pckt_Cmp  0x10049568        0xa ../../../../../../Library/Bluetooth_LE/library\libbluenrg1_stack.a(pm.o)
                0x10049568                PM_Pckt_Cmp
 *fill*         0x10049572        0x2 
 i.PM_Release_Acl_Pckt
                0x10049574       0x3c ../../../../../../Library/Bluetooth_LE/library\libbluenrg1_stack.a(pm.o)
                0x10049574                PM_Release_Acl_Pckt
 i.PM_Resize_Pckt_Pdu_Size
                0x100495b0       0x6c ../../../../../../Library/Bluetooth_LE/library\libbluenrg1_stack.a(pm.o)
                0x100495b0                PM_Resize_Pckt_Pdu_Size
 i.PM_Write_Pckt_Data
                0x1004961c       0x12 ../../../../../../Library/Bluetooth_LE/library\libbluenrg1_stack.a(pm.o)
                0x1004961c                PM_Write_Pckt_Data
 i.Accu_Handles_Requiring_Auth
                0x1004962e       0x6e ../../../../../../Library/Bluetooth_LE/library\libbluenrg1_stack.a(rom_att.o)
                0x1004962e                Accu_Handles_Requiring_Auth
 i.Accu_UuidTypes_Requiring_Auth
                0x1004969c       0xea ../../../../../../Library/Bluetooth_LE/library\libbluenrg1_stack.a(rom_att.o)
                0x1004969c                Accu_UuidTypes_Requiring_Auth
 *fill*         0x10049786        0x2 
 i.GAP_Privacy1v2
                0x10049788      0x1e0 ../../../../../../Library/Bluetooth_LE/library\libbluenrg1_stack.a(rom_gap.o)
                0x10049788                GAP_Privacy1v2
 i.GAP_PrivateAddrTimercb
                0x10049968       0x48 ../../../../../../Library/Bluetooth_LE/library\libbluenrg1_stack.a(rom_gap.o)
                0x10049968                GAP_PrivateAddrTimercb
 i.GapIsPrivacySupported
                0x100499b0       0x14 ../../../../../../Library/Bluetooth_LE/library\libbluenrg1_stack.a(rom_gap.o)
                0x100499b0                GapIsPrivacySupported
 i.Generate_Non_Resolvable_Private_Address
                0x100499c4       0x88 ../../../../../../Library/Bluetooth_LE/library\libbluenrg1_stack.a(rom_gap.o)
                0x100499c4                Generate_Non_Resolvable_Private_Address
 i.GAP_Notify_Add_Charac
                0x10049a4c       0x70 ../../../../../../Library/Bluetooth_LE/library\libbluenrg1_stack.a(rom_gap_rom.o)
                0x10049a4c                GAP_Notify_Add_Charac
 i.GAP_Terminate_Link
                0x10049abc        0x8 ../../../../../../Library/Bluetooth_LE/library\libbluenrg1_stack.a(rom_gap_rom.o)
                0x10049abc                GAP_Terminate_Link
 i.Get_GAP_Handle
                0x10049ac4       0x10 ../../../../../../Library/Bluetooth_LE/library\libbluenrg1_stack.a(rom_gap_rom.o)
                0x10049ac4                Get_GAP_Handle
 i.Get_StaticRandAddr
                0x10049ad4       0x14 ../../../../../../Library/Bluetooth_LE/library\libbluenrg1_stack.a(rom_gap_rom.o)
                0x10049ad4                Get_StaticRandAddr
 i.Check_Encry_Key_Size
                0x10049ae8       0x18 ../../../../../../Library/Bluetooth_LE/library\libbluenrg1_stack.a(rom_gatt_server.o)
                0x10049ae8                Check_Encry_Key_Size
 i.GATT_Num_Charac_Present
                0x10049b00       0x3a ../../../../../../Library/Bluetooth_LE/library\libbluenrg1_stack.a(rom_gatt_server.o)
                0x10049b00                GATT_Num_Charac_Present
 *fill*         0x10049b3a        0x2 
 i.Start_Gatt_Timer
                0x10049b3c       0x24 ../../../../../../Library/Bluetooth_LE/library\libbluenrg1_stack.a(rom_gatt_server.o)
                0x10049b3c                Start_Gatt_Timer
 i.Stop_Gatt_Timer
                0x10049b60       0x1c ../../../../../../Library/Bluetooth_LE/library\libbluenrg1_stack.a(rom_gatt_server.o)
                0x10049b60                Stop_Gatt_Timer
 i.List_Circular_Get_Size
                0x10049b7c       0x14 ../../../../../../Library/Bluetooth_LE/library\libbluenrg1_stack.a(rom_list.o)
                0x10049b7c                List_Circular_Get_Size
 i.List_Circular_Insert_Tail
                0x10049b90        0xe ../../../../../../Library/Bluetooth_LE/library\libbluenrg1_stack.a(rom_list.o)
                0x10049b90                List_Circular_Insert_Tail
 i.List_Circular_Node_Present
                0x10049b9e       0x16 ../../../../../../Library/Bluetooth_LE/library\libbluenrg1_stack.a(rom_list.o)
                0x10049b9e                List_Circular_Node_Present
 i.List_Circular_Remove_Head
                0x10049bb4       0x1a ../../../../../../Library/Bluetooth_LE/library\libbluenrg1_stack.a(rom_list.o)
                0x10049bb4                List_Circular_Remove_Head
 i.List_Circular_Remove_Node
                0x10049bce       0x20 ../../../../../../Library/Bluetooth_LE/library\libbluenrg1_stack.a(rom_list.o)
                0x10049bce                List_Circular_Remove_Node
 *fill*         0x10049bee        0x2 
 i.isr_postproc1
                0x10049bf0      0x110 ../../../../../../Library/Bluetooth_LE/library\libbluenrg1_stack.a(rom_ll_isr_postproc.o)
                0x10049bf0                isr_postproc1
 i.isr_postproc_encrypt_data
                0x10049d00       0x16 ../../../../../../Library/Bluetooth_LE/library\libbluenrg1_stack.a(rom_ll_isr_postproc.o)
                0x10049d00                isr_postproc_encrypt_data
 i.wait_for_aes_ready
                0x10049d16       0x24 ../../../../../../Library/Bluetooth_LE/library\libbluenrg1_stack.a(rom_ll_isr_postproc.o)
 *fill*         0x10049d3a        0x2 
 i.LL_update_proc
                0x10049d3c       0xa0 ../../../../../../Library/Bluetooth_LE/library\libbluenrg1_stack.a(rom_ll_isr_routines.o)
                0x10049d3c                LL_update_proc
 i.addr_u32_from_u8
                0x10049ddc       0x1e ../../../../../../Library/Bluetooth_LE/library\libbluenrg1_stack.a(rom_ll_isr_routines.o)
 i.cancel_connect_master_ucfg
                0x10049dfa        0x4 ../../../../../../Library/Bluetooth_LE/library\libbluenrg1_stack.a(rom_ll_isr_routines.o)
                0x10049dfa                cancel_connect_master_ucfg
 *fill*         0x10049dfe        0x2 
 i.cancel_master
                0x10049e00       0x80 ../../../../../../Library/Bluetooth_LE/library\libbluenrg1_stack.a(rom_ll_isr_routines.o)
                0x10049e00                cancel_master
 i.get_adv_addr
                0x10049e80       0x14 ../../../../../../Library/Bluetooth_LE/library\libbluenrg1_stack.a(rom_ll_isr_routines.o)
                0x10049e80                get_adv_addr
 i.get_scan_addr
                0x10049e94       0x14 ../../../../../../Library/Bluetooth_LE/library\libbluenrg1_stack.a(rom_ll_isr_routines.o)
                0x10049e94                get_scan_addr
 i.go_to_connect
                0x10049ea8      0x29c ../../../../../../Library/Bluetooth_LE/library\libbluenrg1_stack.a(rom_ll_isr_routines.o)
                0x10049ea8                go_to_connect
 i.le2ByteToInt16
                0x1004a144        0xa ../../../../../../Library/Bluetooth_LE/library\libbluenrg1_stack.a(rom_ll_isr_routines.o)
 i.le4ByteToInt32
                0x1004a14e       0x16 ../../../../../../Library/Bluetooth_LE/library\libbluenrg1_stack.a(rom_ll_isr_routines.o)
 i.unpack_channel_map
                0x1004a164       0x2e ../../../../../../Library/Bluetooth_LE/library\libbluenrg1_stack.a(rom_ll_isr_routines.o)
                0x1004a164                unpack_channel_map
 i.unpack_update_request
                0x1004a192       0x48 ../../../../../../Library/Bluetooth_LE/library\libbluenrg1_stack.a(rom_ll_isr_routines.o)
                0x1004a192                unpack_update_request
 i.Is_Address_Initialized
                0x1004a1da       0x18 ../../../../../../Library/Bluetooth_LE/library\libbluenrg1_stack.a(rom_ll_ll_routines.o)
                0x1004a1da                Is_Address_Initialized
 i.LL_Allow_Address_Setting
                0x1004a1f2       0x42 ../../../../../../Library/Bluetooth_LE/library\libbluenrg1_stack.a(rom_ll_ll_routines.o)
                0x1004a1f2                LL_Allow_Address_Setting
 i.LL_Check_And_Set_Addresses
                0x1004a234      0x1fc ../../../../../../Library/Bluetooth_LE/library\libbluenrg1_stack.a(rom_ll_ll_routines.o)
                0x1004a234                LL_Check_And_Set_Addresses
 i.LL_Enable_Disable_Adv
                0x1004a430      0x224 ../../../../../../Library/Bluetooth_LE/library\libbluenrg1_stack.a(rom_ll_ll_routines.o)
                0x1004a430                LL_Enable_Disable_Adv
 i.LL_Get_Address
                0x1004a654       0x30 ../../../../../../Library/Bluetooth_LE/library\libbluenrg1_stack.a(rom_ll_ll_routines.o)
                0x1004a654                LL_Get_Address
 i.LL_Get_AdvAddress
                0x1004a684       0x40 ../../../../../../Library/Bluetooth_LE/library\libbluenrg1_stack.a(rom_ll_ll_routines.o)
                0x1004a684                LL_Get_AdvAddress
 i.LL_Get_ScanAddress
                0x1004a6c4       0x40 ../../../../../../Library/Bluetooth_LE/library\libbluenrg1_stack.a(rom_ll_ll_routines.o)
                0x1004a6c4                LL_Get_ScanAddress
 i.LL_Init      0x1004a704      0x190 ../../../../../../Library/Bluetooth_LE/library\libbluenrg1_stack.a(rom_ll_ll_routines.o)
                0x1004a704                LL_Init
 i.LL_Send_ACL_Data
                0x1004a894       0x50 ../../../../../../Library/Bluetooth_LE/library\libbluenrg1_stack.a(rom_ll_ll_routines.o)
                0x1004a894                LL_Send_ACL_Data
 i.LL_Set_Adv_Data
                0x1004a8e4       0x78 ../../../../../../Library/Bluetooth_LE/library\libbluenrg1_stack.a(rom_ll_ll_routines.o)
                0x1004a8e4                LL_Set_Adv_Data
 i.LL_Set_Adv_PDU_Format
                0x1004a95c       0xd0 ../../../../../../Library/Bluetooth_LE/library\libbluenrg1_stack.a(rom_ll_ll_routines.o)
                0x1004a95c                LL_Set_Adv_PDU_Format
 i.LL_Set_Adv_Params
                0x1004aa2c      0x14c ../../../../../../Library/Bluetooth_LE/library\libbluenrg1_stack.a(rom_ll_ll_routines.o)
                0x1004aa2c                LL_Set_Adv_Params
 i.LL_Set_Advertising_Buffers
                0x1004ab78       0x88 ../../../../../../Library/Bluetooth_LE/library\libbluenrg1_stack.a(rom_ll_ll_routines.o)
                0x1004ab78                LL_Set_Advertising_Buffers
 i.LL_Set_DirectAddress
                0x1004ac00       0x38 ../../../../../../Library/Bluetooth_LE/library\libbluenrg1_stack.a(rom_ll_ll_routines.o)
 i.LL_Set_OwnAddress
                0x1004ac38       0x24 ../../../../../../Library/Bluetooth_LE/library\libbluenrg1_stack.a(rom_ll_ll_routines.o)
                0x1004ac38                LL_Set_OwnAddress
 i.LL_Set_Scan_Resp_Data
                0x1004ac5c       0x5c ../../../../../../Library/Bluetooth_LE/library\libbluenrg1_stack.a(rom_ll_ll_routines.o)
                0x1004ac5c                LL_Set_Scan_Resp_Data
 i.LL_Update_Advertising_Buffers
                0x1004acb8       0x54 ../../../../../../Library/Bluetooth_LE/library\libbluenrg1_stack.a(rom_ll_ll_routines.o)
                0x1004acb8                LL_Update_Advertising_Buffers
 i.LL_Update_Scanning_Initiating_Buffers
                0x1004ad0c       0x48 ../../../../../../Library/Bluetooth_LE/library\libbluenrg1_stack.a(rom_ll_ll_routines.o)
                0x1004ad0c                LL_Update_Scanning_Initiating_Buffers
 i.addr_u32_from_u8
                0x1004ad54       0x20 ../../../../../../Library/Bluetooth_LE/library\libbluenrg1_stack.a(rom_ll_ll_routines.o)
 i.int32ToLe4Byte
                0x1004ad74       0x10 ../../../../../../Library/Bluetooth_LE/library\libbluenrg1_stack.a(rom_ll_ll_routines.o)
 i.le4ByteToInt32
                0x1004ad84       0x16 ../../../../../../Library/Bluetooth_LE/library\libbluenrg1_stack.a(rom_ll_ll_routines.o)
 *fill*         0x1004ad9a        0x2 
 i.wait_for_prescheduled_slot_cancellation
                0x1004ad9c       0x7c ../../../../../../Library/Bluetooth_LE/library\libbluenrg1_stack.a(rom_ll_ll_routines.o)
 i.LL_Set_Channel_Classification_offline_processing_ucfg
                0x1004ae18        0x2 ../../../../../../Library/Bluetooth_LE/library\libbluenrg1_stack.a(rom_ll_ll_routines_master.o)
                0x1004ae18                LL_Set_Channel_Classification_offline_processing_ucfg
 *fill*         0x1004ae1a        0x2 
 i.Blue_Set_Radio_Config_Data
                0x1004ae1c       0x24 ../../../../../../Library/Bluetooth_LE/library\libbluenrg1_stack.a(rom_ll_routines_support.o)
                0x1004ae1c                Blue_Set_Radio_Config_Data
 i.LL_Get_Adv_Tx_Power_Level
                0x1004ae40       0x1c ../../../../../../Library/Bluetooth_LE/library\libbluenrg1_stack.a(rom_ll_routines_support.o)
                0x1004ae40                LL_Get_Adv_Tx_Power_Level
 i.convert_power
                0x1004ae5c       0x20 ../../../../../../Library/Bluetooth_LE/library\libbluenrg1_stack.a(rom_ll_routines_support.o)
 i.modulo_37    0x1004ae7c       0x1c ../../../../../../Library/Bluetooth_LE/library\libbluenrg1_stack.a(rom_ll_routines_support.o)
                0x1004ae7c                modulo_37
 i.WindowWiden1
                0x1004ae98        0xa ../../../../../../Library/Bluetooth_LE/library\libbluenrg1_stack.a(rom_ll_timehandling.o)
                0x1004ae98                WindowWiden1
 i.WindowWiden2
                0x1004aea2       0x10 ../../../../../../Library/Bluetooth_LE/library\libbluenrg1_stack.a(rom_ll_timehandling.o)
                0x1004aea2                WindowWiden2
 *fill*         0x1004aeb2        0x2 
 i.machine_time_trans
                0x1004aeb4       0x20 ../../../../../../Library/Bluetooth_LE/library\libbluenrg1_stack.a(rom_ll_timehandling.o)
                0x1004aeb4                machine_time_trans
 i.set_freq     0x1004aed4       0x88 ../../../../../../Library/Bluetooth_LE/library\libbluenrg1_stack.a(rom_ll_timehandling.o)
                0x1004aed4                set_freq
 i.set_sca      0x1004af5c       0x1c ../../../../../../Library/Bluetooth_LE/library\libbluenrg1_stack.a(rom_ll_timehandling.o)
                0x1004af5c                set_sca
 i.system_time_trans
                0x1004af78       0x10 ../../../../../../Library/Bluetooth_LE/library\libbluenrg1_stack.a(rom_ll_timehandling.o)
                0x1004af78                system_time_trans
 i.system_time_trans_ext
                0x1004af88       0x30 ../../../../../../Library/Bluetooth_LE/library\libbluenrg1_stack.a(rom_ll_timehandling.o)
                0x1004af88                system_time_trans_ext
 i.time_offset1
                0x1004afb8        0xe ../../../../../../Library/Bluetooth_LE/library\libbluenrg1_stack.a(rom_ll_timehandling.o)
                0x1004afb8                time_offset1
 *fill*         0x1004afc6        0x2 
 i.time_offset2
                0x1004afc8       0x10 ../../../../../../Library/Bluetooth_LE/library\libbluenrg1_stack.a(rom_ll_timehandling.o)
                0x1004afc8                time_offset2
 i.Blue_Init_Global
                0x1004afd8       0xa8 ../../../../../../Library/Bluetooth_LE/library\libbluenrg1_stack.a(routines_support.o)
                0x1004afd8                Blue_Init_Global
 i.advance_transmit
                0x1004b080      0x158 ../../../../../../Library/Bluetooth_LE/library\libbluenrg1_stack.a(routines_support.o)
                0x1004b080                advance_transmit
 i.microseconds_to_machine_time
                0x1004b1d8        0x8 ../../../../../../Library/Bluetooth_LE/library\libbluenrg1_stack.a(routines_support.o)
                0x1004b1d8                microseconds_to_machine_time
 i.slave_advance
                0x1004b1e0      0x208 ../../../../../../Library/Bluetooth_LE/library\libbluenrg1_stack.a(routines_support.o)
                0x1004b1e0                slave_advance
 i.swap_slaves  0x1004b3e8      0x13c ../../../../../../Library/Bluetooth_LE/library\libbluenrg1_stack.a(routines_support.o)
                0x1004b3e8                swap_slaves
 i.swap_u16     0x1004b524        0xa ../../../../../../Library/Bluetooth_LE/library\libbluenrg1_stack.a(routines_support.o)
 i.swap_u32     0x1004b52e        0xa ../../../../../../Library/Bluetooth_LE/library\libbluenrg1_stack.a(routines_support.o)
 i.swap_u8      0x1004b538        0xa ../../../../../../Library/Bluetooth_LE/library\libbluenrg1_stack.a(routines_support.o)
 i.Erase_Sector
                0x1004b542        0xe ../../../../../../Library/Bluetooth_LE/library\libbluenrg1_stack.a(sdb.o)
 i.SDB_Add_Record
                0x1004b550      0x16c ../../../../../../Library/Bluetooth_LE/library\libbluenrg1_stack.a(sdb.o)
                0x1004b550                SDB_Add_Record
 i.SDB_Find_Matching_LTK
                0x1004b6bc       0x8c ../../../../../../Library/Bluetooth_LE/library\libbluenrg1_stack.a(sdb.o)
                0x1004b6bc                SDB_Find_Matching_LTK
 i.SDB_Find_Record
                0x1004b748       0xa8 ../../../../../../Library/Bluetooth_LE/library\libbluenrg1_stack.a(sdb.o)
                0x1004b748                SDB_Find_Record
 i.SDB_Get_Number_Of_Valid_Records
                0x1004b7f0       0x38 ../../../../../../Library/Bluetooth_LE/library\libbluenrg1_stack.a(sdb.o)
                0x1004b7f0                SDB_Get_Number_Of_Valid_Records
 i.SDB_flash_write_client_data
                0x1004b828       0xb8 ../../../../../../Library/Bluetooth_LE/library\libbluenrg1_stack.a(sdb.o)
                0x1004b828                SDB_flash_write_client_data
 i.SDB_get_security_data_record
                0x1004b8e0       0xd8 ../../../../../../Library/Bluetooth_LE/library\libbluenrg1_stack.a(sdb.o)
                0x1004b8e0                SDB_get_security_data_record
 i.SDB_read_peer_bonded_data
                0x1004b9b8       0x44 ../../../../../../Library/Bluetooth_LE/library\libbluenrg1_stack.a(sdb.o)
                0x1004b9b8                SDB_read_peer_bonded_data
 i.Write_Client_Data
                0x1004b9fc      0x1bc ../../../../../../Library/Bluetooth_LE/library\libbluenrg1_stack.a(sdb.o)
 i.int32ToLe4Byte