Archive member included to satisfy reference by file (symbol)

../../../../../../Library/Bluetooth_LE/library\libbluenrg1_stack.a(bluenrg_gap_aci.o)
                              User/throughput.o (aci_gap_init)
../../../../../../Library/Bluetooth_LE/library\libbluenrg1_stack.a(bluenrg_gatt_aci.o)
                              User/gatt_db.o (aci_gatt_add_char)
../../../../../../Library/Bluetooth_LE/library\libbluenrg1_stack.a(bluenrg_hal_aci.o)
                              User/throughput.o (aci_hal_set_tx_power_level)
../../../../../../Library/Bluetooth_LE/library\libbluenrg1_stack.a(bluenrg_main_func.o)
                              User/BLE_Throughput_main.o (BTLE_StackTick)
../../../../../../Library/Bluetooth_LE/library\libbluenrg1_stack.a(gap.o)
                              ../../../../../../Library/Bluetooth_LE/library\libbluenrg1_stack.a(bluenrg_gap_aci.o) (GAP_Create_Connection)
../../../../../../Library/Bluetooth_LE/library\libbluenrg1_stack.a(gatt_client.o)
                              ../../../../../../Library/Bluetooth_LE/library\libbluenrg1_stack.a(bluenrg_gatt_aci.o) (Gatt_Confirm_Indication)
../../../../../../Library/Bluetooth_LE/library\libbluenrg1_stack.a(gatt_server.o)
                              ../../../../../../Library/Bluetooth_LE/library\libbluenrg1_stack.a(gatt_client.o) (GATT_Send_Packet)
../../../../../../Library/Bluetooth_LE/library\libbluenrg1_stack.a(hal.o)
                              ../../../../../../Library/Bluetooth_LE/library\libbluenrg1_stack.a(bluenrg_hal_aci.o) (HAL_Read_ConfigData)
../../../../../../Library/Bluetooth_LE/library\libbluenrg1_stack.a(hci.o)
                              ../../../../../../Library/Bluetooth_LE/library\libbluenrg1_stack.a(bluenrg_main_func.o) (Controller_Process_Q)
../../../../../../Library/Bluetooth_LE/library\libbluenrg1_stack.a(host_timer.o)
                              ../../../../../../Library/Bluetooth_LE/library\libbluenrg1_stack.a(bluenrg_main_func.o) (Timer_Init)
../../../../../../Library/Bluetooth_LE/library\libbluenrg1_stack.a(l2cap.o)
                              ../../../../../../Library/Bluetooth_LE/library\libbluenrg1_stack.a(bluenrg_main_func.o) (L2C_Init)
../../../../../../Library/Bluetooth_LE/library\libbluenrg1_stack.a(ll_isr.o)
                              User/BlueNRG1_it.o (RAL_Isr)
../../../../../../Library/Bluetooth_LE/library\libbluenrg1_stack.a(ll_privacy.o)
                              ../../../../../../Library/Bluetooth_LE/library\libbluenrg1_stack.a(hci.o) (LL_LE_Add_Device_To_White_List)
../../../../../../Library/Bluetooth_LE/library\libbluenrg1_stack.a(ll_routines.o)
                              ../../../../../../Library/Bluetooth_LE/library\libbluenrg1_stack.a(hci.o) (Disconnection_Offline_Processing)
../../../../../../Library/Bluetooth_LE/library\libbluenrg1_stack.a(ll_routines_master.o)
                              ../../../../../../Library/Bluetooth_LE/library\libbluenrg1_stack.a(gap.o) (LL_Create_Connection)
../../../../../../Library/Bluetooth_LE/library\libbluenrg1_stack.a(ll_routines_support.o)
                              ../../../../../../Library/Bluetooth_LE/library\libbluenrg1_stack.a(ll_privacy.o) (LL_Encrypt_Plain_Data)
../../../../../../Library/Bluetooth_LE/library\libbluenrg1_stack.a(mem_alloc.o)
                              ../../../../../../Library/Bluetooth_LE/library\libbluenrg1_stack.a(bluenrg_main_func.o) (_BlueNRG_Stack_Init_params)
../../../../../../Library/Bluetooth_LE/library\libbluenrg1_stack.a(mem_buff.o)
                              ../../../../../../Library/Bluetooth_LE/library\libbluenrg1_stack.a(l2cap.o) (Mem_Buff_Append)
../../../../../../Library/Bluetooth_LE/library\libbluenrg1_stack.a(multi_master_time.o)
                              ../../../../../../Library/Bluetooth_LE/library\libbluenrg1_stack.a(hci.o) (LL_Get_Anchor_Interval)
../../../../../../Library/Bluetooth_LE/library\libbluenrg1_stack.a(nvm.o)
                              ../../../../../../Library/Bluetooth_LE/library\libbluenrg1_stack.a(ll_isr.o) (Is_Flash_Write_On_Going)
../../../../../../Library/Bluetooth_LE/library\libbluenrg1_stack.a(pka.o)
                              ../../../../../../Library/Bluetooth_LE/library\libbluenrg1_stack.a(hci.o) (BLEPLAT_PKA_Get_Current_Operation)
../../../../../../Library/Bluetooth_LE/library\libbluenrg1_stack.a(pm.o)
                              ../../../../../../Library/Bluetooth_LE/library\libbluenrg1_stack.a(l2cap.o) (PM_Compact)
../../../../../../Library/Bluetooth_LE/library\libbluenrg1_stack.a(rom_att.o)
                              ../../../../../../Library/Bluetooth_LE/library\libbluenrg1_stack.a(gatt_client.o) (ATT_fill_exchg_mtu_req)
../../../../../../Library/Bluetooth_LE/library\libbluenrg1_stack.a(rom_gap.o)
                              ../../../../../../Library/Bluetooth_LE/library\libbluenrg1_stack.a(gap.o) (GAP_Add_To_WhiteList)
[...]
Memory Configuration

Name             Origin             Length             Attributes
REGION_RAM       0x20000000         0x00006000         xrw
REGION_FLASH_BOOTLOADER 0x10040000         0x00000000         xr
REGION_FLASH     0x10040000         0x0003f000         xr
REGION_NVM       0x1007f000         0x00001000         xr
REGION_ROM       0x10000000         0x00000800         xr
*default*        0x00000000         0xffffffff

Linker script and memory map

START GROUP
LOAD HAL/clock.o
LOAD HAL/context_switch.o
LOAD HAL/gp_timer.o
LOAD HAL/miscutil.o
LOAD HAL/osal.o
LOAD Library/BlueNRG1_adc.o
LOAD Library/BlueNRG1_dma.o
LOAD Library/BlueNRG1_flash.o
LOAD Library/BlueNRG1_gpio.o
LOAD Library/BlueNRG1_i2c.o
LOAD Library/BlueNRG1_mft.o
LOAD Library/BlueNRG1_pka.o
LOAD Library/BlueNRG1_rtc.o
LOAD Library/BlueNRG1_spi.o
LOAD Library/BlueNRG1_sysCtrl.o
LOAD Library/BlueNRG1_uart.o
LOAD Library/BlueNRG1_wdg.o
LOAD Library/misc.o
LOAD Platform_Layers/SDK_EVAL_Button.o
LOAD Platform_Layers/SDK_EVAL_Com.o
LOAD Platform_Layers/SDK_EVAL_Config.o
LOAD Platform_Layers/SDK_EVAL_Led.o
LOAD Stack/stack_user_cfg.o
LOAD Startup/system_BlueNRG1.o
LOAD User/BLE_Throughput_main.o
LOAD User/BlueNRG1_it.o
LOAD User/gatt_db.o
LOAD User/throughput.o
LOAD ../../../../../../Library/Bluetooth_LE/library\libbluenrg1_stack.a
LOAD ../../../../../../Library/cryptolib\libcrypto.a
LOAD c:/wise-studio/tools/gcc-arm-none-eabi-9-2019-q4-major/bin/../lib/gcc/arm-none-eabi/9.2.1/../../../../arm-none-eabi/lib/thumb/v6-m/nofp\libm.a
LOAD c:/wise-studio/tools/gcc-arm-none-eabi-9-2019-q4-major/bin/../lib/gcc/arm-none-eabi/9.2.1/../../../../arm-none-eabi/lib/thumb/v6-m/nofp\libc_nano.a
END GROUP
                0x20000000                _MEMORY_RAM_BEGIN_ = 0x20000000
                0x00006000                _MEMORY_RAM_SIZE_ = 0x6000
                0x20005fff                _MEMORY_RAM_END_ = 0x20005fff
                0x10040000                _MEMORY_FLASH_BEGIN_ = 0x10040000
                0x00040000                _MEMORY_FLASH_SIZE_ = 0x40000
                0x1007ffff                _MEMORY_FLASH_END_ = 0x1007ffff
                0x10000000                _MEMORY_ROM_BEGIN_ = 0x10000000
                0x00000800                _MEMORY_ROM_SIZE_ = 0x800
                0x100007ff                _MEMORY_ROM_END_ = 0x100007ff
                0x00001000                FLASH_NVM_DATASIZE = 0x1000
                0x00000000                MEMORY_FLASH_APP_OFFSET = DEFINED (MEMORY_FLASH_APP_OFFSET)?MEMORY_FLASH_APP_OFFSET:0x0
                0x0003f000                MEMORY_FLASH_APP_SIZE = DEFINED (MEMORY_FLASH_APP_SIZE)?MEMORY_FLASH_APP_SIZE:((_MEMORY_FLASH_SIZE_ - FLASH_NVM_DATASIZE) - MEMORY_FLASH_APP_OFFSET)
                0x000002cc                MEMORY_RAM_APP_OFFSET = DEFINED (MEMORY_RAM_APP_OFFSET)?MEMORY_RAM_APP_OFFSET:0x2cc
                0x00000800                RESET_MANAGER_SIZE = DEFINED (RESET_MANAGER_SIZE)?RESET_MANAGER_SIZE:0x800
                0x0003f000                MEMORY_FLASH_APP_SIZE = DEFINED (ST_OTA_HIGHER_APPLICATION)?(((((_MEMORY_FLASH_SIZE_ - RESET_MANAGER_SIZE) - FLASH_NVM_DATASIZE) / 0x2) / 0x800) * 0x800):MEMORY_FLASH_APP_SIZE
                0x00000000                MEMORY_FLASH_APP_OFFSET = DEFINED (ST_OTA_HIGHER_APPLICATION)?(RESET_MANAGER_SIZE + MEMORY_FLASH_APP_SIZE):MEMORY_FLASH_APP_OFFSET
                0x0003f000                MEMORY_FLASH_APP_SIZE = DEFINED (ST_OTA_LOWER_APPLICATION)?(((((_MEMORY_FLASH_SIZE_ - RESET_MANAGER_SIZE) - FLASH_NVM_DATASIZE) / 0x2) / 0x800) * 0x800):MEMORY_FLASH_APP_SIZE
                0x00000000                MEMORY_FLASH_APP_OFFSET = DEFINED (ST_OTA_LOWER_APPLICATION)?RESET_MANAGER_SIZE:MEMORY_FLASH_APP_OFFSET
                0x00011800                SERVICE_MANAGER_SIZE = 0x11800
                0x0003f000                MEMORY_FLASH_APP_SIZE = DEFINED (ST_USE_OTA_SERVICE_MANAGER_APPLICATION)?((_MEMORY_FLASH_SIZE_ - SERVICE_MANAGER_SIZE) - FLASH_NVM_DATASIZE):MEMORY_FLASH_APP_SIZE
                0x00000000                MEMORY_FLASH_APP_OFFSET = DEFINED (ST_USE_OTA_SERVICE_MANAGER_APPLICATION)?SERVICE_MANAGER_SIZE:MEMORY_FLASH_APP_OFFSET
                0x00000000                _Min_Heap_Size = 0x0
                0x00000c00                _Min_Stack_Size = 0xc00

.bootloader     0x10040000        0x0
                0x10040000                . = ALIGN (0x4)
 *(.bootloader)
                0x10040000                . = ALIGN (0x4)

.intvec         0x10040000       0xc0
                0x10040000                . = ALIGN (0x4)
 *(.intvec)
 .intvec        0x10040000       0xc0 Startup/system_BlueNRG1.o
                0x10040000                __vector_table
                0x100400c0                . = ALIGN (0x4)

.text           0x100400c0    0x11694
                0x100400c0                . = ALIGN (0x4)
 *(.cmd_call_table)
 *(.text)
 .text          0x100400c0       0xa0 HAL/context_switch.o
                0x100400c0                CS_contextSave
                0x10040112                CS_contextRestore
 .text          0x10040160       0x14 c:/wise-studio/tools/gcc-arm-none-eabi-9-2019-q4-major/bin/../lib/gcc/arm-none-eabi/9.2.1/thumb/v6-m/nofp\libgcc.a(_thumb1_case_shi.o)
                0x10040160                __gnu_thumb1_case_shi
 .text          0x10040174      0x114 c:/wise-studio/tools/gcc-arm-none-eabi-9-2019-q4-major/bin/../lib/gcc/arm-none-eabi/9.2.1/thumb/v6-m/nofp\libgcc.a(_udivsi3.o)
                0x10040174                __aeabi_uidiv
                0x10040174                __udivsi3
                0x10040280                __aeabi_uidivmod
 .text          0x10040288        0x4 c:/wise-studio/tools/gcc-arm-none-eabi-9-2019-q4-major/bin/../lib/gcc/arm-none-eabi/9.2.1/thumb/v6-m/nofp\libgcc.a(_dvmd_tls.o)
                0x10040288                __aeabi_idiv0
                0x10040288                __aeabi_ldiv0
 .text          0x1004028c       0x78 c:/wise-studio/tools/gcc-arm-none-eabi-9-2019-q4-major/bin/../lib/gcc/arm-none-eabi/9.2.1/thumb/v6-m/nofp\libgcc.a(unaligned-funcs.o)
                0x1004028c                __aeabi_uread4
                0x100402a4                __aeabi_uwrite4
                0x100402b8                __aeabi_uread8
                0x100402e4                __aeabi_uwrite8
 *(.text*)
 .text.SysCount_Handler
                0x10040304       0x10 HAL/clock.o
                0x10040304                SysCount_Handler
 .text.Clock_Init
                0x10040314       0x2c HAL/clock.o
                0x10040314                Clock_Init
 .text.Clock_Time
                0x10040340        0xc HAL/clock.o
                0x10040340                Clock_Time
 .text.HAL_GetPartInfo
                0x1004034c       0x64 HAL/miscutil.o
                0x1004034c                HAL_GetPartInfo
 .text.BLEPLAT_get_part_info
                0x100403b0       0x22 HAL/miscutil.o
                0x100403b0                BLEPLAT_get_part_info
 .text.Osal_MemCpy
                0x100403d2        0x8 HAL/osal.o
                0x100403d2                Osal_MemCpy
 .text.Osal_MemSet
                0x100403da        0x8 HAL/osal.o
                0x100403da                Osal_MemSet
 .text.Osal_MemCmp
                0x100403e2        0x8 HAL/osal.o
                0x100403e2                Osal_MemCmp
 *fill*         0x100403ea        0x2 
 .text.FLASH_WaitCmdDone
                0x100403ec       0x10 Library/BlueNRG1_flash.o
                0x100403ec                FLASH_WaitCmdDone
 .text.FLASH_ErasePage
                0x100403fc       0x30 Library/BlueNRG1_flash.o
                0x100403fc                FLASH_ErasePage
 .text.FLASH_ProgramWord
                0x1004042c       0x30 Library/BlueNRG1_flash.o
                0x1004042c                FLASH_ProgramWord
 .text.GPIO_Init
                0x1004045c       0xda Library/BlueNRG1_gpio.o
                0x1004045c                GPIO_Init
 .text.GPIO_ReadBit
                0x10040536       0x10 Library/BlueNRG1_gpio.o
                0x10040536                GPIO_ReadBit
 .text.GPIO_ClearITPendingBit
                0x10040546        0x8 Library/BlueNRG1_gpio.o
                0x10040546                GPIO_ClearITPendingBit
 .text.GPIO_GetITPendingBit
                0x1004054e       0x10 Library/BlueNRG1_gpio.o
                0x1004054e                GPIO_GetITPendingBit
 .text.PKA_Reset
                0x1004055e       0x14 Library/BlueNRG1_pka.o
                0x1004055e                PKA_Reset
 *fill*         0x10040572        0x2 
 .text.SysCtrl_PeripheralClockCmd
                0x10040574       0x18 Library/BlueNRG1_sysCtrl.o
                0x10040574                SysCtrl_PeripheralClockCmd
 .text.SysCtrl_GetWakeupResetReason
                0x1004058c       0xac Library/BlueNRG1_sysCtrl.o
                0x1004058c                SysCtrl_GetWakeupResetReason
 .text.UART_Cmd
                0x10040638       0x1c Library/BlueNRG1_uart.o
                0x10040638                UART_Cmd
 .text.UART_Init
                0x10040654      0x150 Library/BlueNRG1_uart.o
                0x10040654                UART_Init
 .text.UART_SendData
                0x100407a4       0x10 Library/BlueNRG1_uart.o
                0x100407a4                UART_SendData
 .text.UART_ReceiveData
                0x100407b4        0xc Library/BlueNRG1_uart.o
                0x100407b4                UART_ReceiveData
 .text.UART_GetFlagStatus
                0x100407c0       0x1c Library/BlueNRG1_uart.o
                0x100407c0                UART_GetFlagStatus
 .text.UART_GetITStatus
                0x100407dc       0x14 Library/BlueNRG1_uart.o
                0x100407dc                UART_GetITStatus
 .text.UART_RxFifoIrqLevelConfig
                0x100407f0       0x18 Library/BlueNRG1_uart.o
                0x100407f0                UART_RxFifoIrqLevelConfig
 .text.Get_ButtonGpioPin
                0x10040808       0x2c Platform_Layers/SDK_EVAL_Button.o
                0x10040808                Get_ButtonGpioPin
 .text.SdkEvalUart_Send_Data
                0x10040834       0x16 Platform_Layers/SDK_EVAL_Com.o
 *fill*         0x1004084a        0x2 
 .text.SdkEvalComUartInit
                0x1004084c       0x94 Platform_Layers/SDK_EVAL_Com.o
                0x1004084c                SdkEvalComUartInit
 .text.SdkEvalComIOReceiveData
                0x100408e0       0x14 Platform_Layers/SDK_EVAL_Com.o
                0x100408e0                SdkEvalComIOReceiveData
 .text.SdkEvalComIOUartIrqHandler
                0x100408f4       0x2c Platform_Layers/SDK_EVAL_Com.o
                0x100408f4                SdkEvalComIOUartIrqHandler
 .text.Read_Buffer_Pop
                0x10040920       0x38 Platform_Layers/SDK_EVAL_Com.o
                0x10040920                Read_Buffer_Pop
 .text._sbrk    0x10040958       0x38 Platform_Layers/SDK_EVAL_Com.o
                0x10040958                _sbrk
 .text._close   0x10040990        0x6 Platform_Layers/SDK_EVAL_Com.o
                0x10040990                _close
 .text._fstat   0x10040996        0xa Platform_Layers/SDK_EVAL_Com.o
                0x10040996                _fstat
 .text._isatty  0x100409a0        0x4 Platform_Layers/SDK_EVAL_Com.o
                0x100409a0                _isatty
 .text._lseek   0x100409a4        0x4 Platform_Layers/SDK_EVAL_Com.o
                0x100409a4                _lseek
 .text._write   0x100409a8       0x1a Platform_Layers/SDK_EVAL_Com.o
                0x100409a8                _write
 .text._read    0x100409c2       0x22 Platform_Layers/SDK_EVAL_Com.o
                0x100409c2                _read
 .text.__aeabi_memcpy
                0x100409e4        0x8 Platform_Layers/SDK_EVAL_Com.o
                0x100409e4                __aeabi_memcpy
 .text.__aeabi_memcpy4
                0x100409ec        0x8 Platform_Layers/SDK_EVAL_Com.o
                0x100409ec                __aeabi_memcpy4
 .text.__aeabi_memclr
                0x100409f4        0xc Platform_Layers/SDK_EVAL_Com.o
                0x100409f4                __aeabi_memclr
 .text.__aeabi_memclr4
                0x10040a00        0x8 Platform_Layers/SDK_EVAL_Com.o
                0x10040a00                __aeabi_memclr4
 .text.SdkEvalIdentification
                0x10040a08        0xc Platform_Layers/SDK_EVAL_Config.o
                0x10040a08                SdkEvalIdentification
 .text.SdkEvalGetVersion
                0x10040a14        0xc Platform_Layers/SDK_EVAL_Config.o
                0x10040a14                SdkEvalGetVersion
 .text.PKA_Handler
                0x10040a20        0x2 Startup/system_BlueNRG1.o
                0x10040a20                PKA_Handler
 .text.PendSV_Handler
                0x10040a22        0x2 Startup/system_BlueNRG1.o
                0x10040a22                PendSV_Handler
 .text.NVM_Handler
                0x10040a24        0x2 Startup/system_BlueNRG1.o
                0x10040a24                NVM_Handler
 .text.SPI_Handler
                0x10040a26        0x2 Startup/system_BlueNRG1.o
                0x10040a26                SPI_Handler
 .text.MFT1A_Handler
                0x10040a28        0x2 Startup/system_BlueNRG1.o
                0x10040a28                MFT1A_Handler
 .text.MFT1B_Handler
                0x10040a2a        0x2 Startup/system_BlueNRG1.o
                0x10040a2a                MFT1B_Handler
 .text.MFT2A_Handler
                0x10040a2c        0x2 Startup/system_BlueNRG1.o
                0x10040a2c                MFT2A_Handler
 .text.MFT2B_Handler
                0x10040a2e        0x2 Startup/system_BlueNRG1.o
                0x10040a2e                MFT2B_Handler
 .text.RTC_Handler
                0x10040a30        0x2 Startup/system_BlueNRG1.o
                0x10040a30                RTC_Handler
 .text.WDG_Handler
                0x10040a32        0x2 Startup/system_BlueNRG1.o
                0x10040a32                WDG_Handler
 .text.ADC_Handler
                0x10040a34        0x2 Startup/system_BlueNRG1.o
                0x10040a34                ADC_Handler
 .text.I2C2_Handler
                0x10040a36        0x2 Startup/system_BlueNRG1.o
                0x10040a36                I2C2_Handler
 .text.I2C1_Handler
                0x10040a38        0x2 Startup/system_BlueNRG1.o
                0x10040a38                I2C1_Handler
 .text.DMA_Handler
                0x10040a3a        0x2 Startup/system_BlueNRG1.o
                0x10040a3a                DMA_Handler
 .text.Set_RF_FrontEnd
                0x10040a3c       0x4c Startup/system_BlueNRG1.o
                0x10040a3c                Set_RF_FrontEnd
 .text.BOR_ConfigSave
                0x10040a88       0x48 Startup/system_BlueNRG1.o
                0x10040a88                BOR_ConfigSave
 .text.SET_BORconfigStatus
                0x10040ad0       0x40 Startup/system_BlueNRG1.o
                0x10040ad0                SET_BORconfigStatus
 .text.__low_level_init
                0x10040b10       0xbc Startup/system_BlueNRG1.o
                0x10040b10                __low_level_init
 .text.RESET_HANDLER
                0x10040bcc       0x80 Startup/system_BlueNRG1.o
                0x10040bcc                RESET_HANDLER
 .text.DeviceConfiguration
                0x10040c4c      0x144 Startup/system_BlueNRG1.o
                0x10040c4c                DeviceConfiguration
 .text.SystemInit
                0x10040d90      0x114 Startup/system_BlueNRG1.o
                0x10040d90                SystemInit
 .text.startup.main
                0x10040ea4       0x70 User/BLE_Throughput_main.o
                0x10040ea4                main
 .text.hci_hardware_error_event
                0x10040f14       0x18 User/BLE_Throughput_main.o
                0x10040f14                hci_hardware_error_event
 .text.aci_hal_fw_error_event
                0x10040f2c       0x16 User/BLE_Throughput_main.o
                0x10040f2c                aci_hal_fw_error_event
 .text.NMI_Handler
                0x10040f42        0x2 User/BlueNRG1_it.o
                0x10040f42                NMI_Handler
 .text.HardFault_Handler
                0x10040f44        0x2 User/BlueNRG1_it.o
                0x10040f44                HardFault_Handler
 .text.SVC_Handler
                0x10040f46        0x2 User/BlueNRG1_it.o
                0x10040f46                SVC_Handler
 .text.SysTick_Handler
                0x10040f48        0x8 User/BlueNRG1_it.o
                0x10040f48                SysTick_Handler
 .text.GPIO_Handler
                0x10040f50       0x54 User/BlueNRG1_it.o
                0x10040f50                GPIO_Handler
 .text.UART_Handler
                0x10040fa4        0x8 User/BlueNRG1_it.o
                0x10040fa4                UART_Handler
 .text.Blue_Handler
                0x10040fac        0x8 User/BlueNRG1_it.o
                0x10040fac                Blue_Handler
 .text.Add_Throughput_Service
                0x10040fb4       0xdc User/gatt_db.o
                0x10040fb4                Add_Throughput_Service
 .text.Attribute_Modified_CB
                0x10041090      0x17c User/gatt_db.o
                0x10041090                Attribute_Modified_CB
 .text.delay_ms
                0x1004120c       0x1a User/throughput.o
                0x1004120c                delay_ms
 *fill*         0x10041226        0x2 
 .text.THROUGHPUT_DeviceInit
                0x10041228       0xe8 User/throughput.o
                0x10041228                THROUGHPUT_DeviceInit
 .text.Make_Connection
                0x10041310       0x58 User/throughput.o
                0x10041310                Make_Connection
 .text.APP_Tick
                0x10041368      0x214 User/throughput.o
                0x10041368                APP_Tick
 .text.hci_le_connection_complete_event
                0x1004157c       0x18 User/throughput.o
                0x1004157c                hci_le_connection_complete_event
 .text.hci_disconnection_complete_event
                0x10041594       0x58 User/throughput.o
                0x10041594                hci_disconnection_complete_event
 .text.aci_gatt_attribute_modified_event
                0x100415ec        0xe User/throughput.o
                0x100415ec                aci_gatt_attribute_modified_event
 *fill*         0x100415fa        0x2 
 .text.aci_gatt_tx_pool_available_event
                0x100415fc       0x10 User/throughput.o
                0x100415fc                aci_gatt_tx_pool_available_event
 .text.__aeabi_memmove
                0x1004160c        0x8 c:/wise-studio/tools/gcc-arm-none-eabi-9-2019-q4-major/bin/../lib/gcc/arm-none-eabi/9.2.1/../../../../arm-none-eabi/lib/thumb/v6-m/nofp\libc_nano.a(lib_a-aeabi_memmove.o)
                0x1004160c                __aeabi_memmove
                0x1004160c                __aeabi_memmove4
                0x1004160c                __aeabi_memmove8
 .text.memcmp   0x10041614       0x1c c:/wise-studio/tools/gcc-arm-none-eabi-9-2019-q4-major/bin/../lib/gcc/arm-none-eabi/9.2.1/../../../../arm-none-eabi/lib/thumb/v6-m/nofp\libc_nano.a(lib_a-memcmp.o)
                0x10041614                memcmp
 .text.memcpy   0x10041630       0x12 c:/wise-studio/tools/gcc-arm-none-eabi-9-2019-q4-major/bin/../lib/gcc/arm-none-eabi/9.2.1/../../../../arm-none-eabi/lib/thumb/v6-m/nofp\libc_nano.a(lib_a-memcpy-stub.o)
                0x10041630                memcpy
 .text.memmove  0x10041642       0x26 c:/wise-studio/tools/gcc-arm-none-eabi-9-2019-q4-major/bin/../lib/gcc/arm-none-eabi/9.2.1/../../../../arm-none-eabi/lib/thumb/v6-m/nofp\libc_nano.a(lib_a-memmove.o)
                0x10041642                memmove
 .text.memset   0x10041668       0x10 c:/wise-studio/tools/gcc-arm-none-eabi-9-2019-q4-major/bin/../lib/gcc/arm-none-eabi/9.2.1/../../../../arm-none-eabi/lib/thumb/v6-m/nofp\libc_nano.a(lib_a-memset.o)
                0x10041668                memset
 .text.printf   0x10041678       0x34 c:/wise-studio/tools/gcc-arm-none-eabi-9-2019-q4-major/bin/../lib/gcc/arm-none-eabi/9.2.1/../../../../arm-none-eabi/lib/thumb/v6-m/nofp\libc_nano.a(lib_a-printf.o)
                0x10041678                iprintf
                0x10041678                printf
 .text._puts_r  0x100416ac       0xe4 c:/wise-studio/tools/gcc-arm-none-eabi-9-2019-q4-major/bin/../lib/gcc/arm-none-eabi/9.2.1/../../../../arm-none-eabi/lib/thumb/v6-m/nofp\libc_nano.a(lib_a-puts.o)
                0x100416ac                _puts_r
 .text.puts     0x10041790       0x14 c:/wise-studio/tools/gcc-arm-none-eabi-9-2019-q4-major/bin/../lib/gcc/arm-none-eabi/9.2.1/../../../../arm-none-eabi/lib/thumb/v6-m/nofp\libc_nano.a(lib_a-puts.o)
                0x10041790                puts
 .text.__swbuf_r
                0x100417a4       0xac c:/wise-studio/tools/gcc-arm-none-eabi-9-2019-q4-major/bin/../lib/gcc/arm-none-eabi/9.2.1/../../../../arm-none-eabi/lib/thumb/v6-m/nofp\libc_nano.a(lib_a-wbuf.o)
                0x100417a4                __swbuf_r
 .text.__swsetup_r
                0x10041850       0xf0 c:/wise-studio/tools/gcc-arm-none-eabi-9-2019-q4-major/bin/../lib/gcc/arm-none-eabi/9.2.1/../../../../arm-none-eabi/lib/thumb/v6-m/nofp\libc_nano.a(lib_a-wsetup.o)
                0x10041850                __swsetup_r
 .text.__sflush_r
                0x10041940      0x118 c:/wise-studio/tools/gcc-arm-none-eabi-9-2019-q4-major/bin/../lib/gcc/arm-none-eabi/9.2.1/../../../../arm-none-eabi/lib/thumb/v6-m/nofp\libc_nano.a(lib_a-fflush.o)
                0x10041940                __sflush_r
 .text._fflush_r
                0x10041a58       0x80 c:/wise-studio/tools/gcc-arm-none-eabi-9-2019-q4-major/bin/../lib/gcc/arm-none-eabi/9.2.1/../../../../arm-none-eabi/lib/thumb/v6-m/nofp\libc_nano.a(lib_a-fflush.o)
                0x10041a58                _fflush_r
 .text.std      0x10041ad8       0x48 c:/wise-studio/tools/gcc-arm-none-eabi-9-2019-q4-major/bin/../lib/gcc/arm-none-eabi/9.2.1/../../../../arm-none-eabi/lib/thumb/v6-m/nofp\libc_nano.a(lib_a-findfp.o)
 .text._cleanup_r
                0x10041b20       0x10 c:/wise-studio/tools/gcc-arm-none-eabi-9-2019-q4-major/bin/../lib/gcc/arm-none-eabi/9.2.1/../../../../arm-none-eabi/lib/thumb/v6-m/nofp\libc_nano.a(lib_a-findfp.o)
                0x10041b20                _cleanup_r
 .text.__sfmoreglue
                0x10041b30       0x2c c:/wise-studio/tools/gcc-arm-none-eabi-9-2019-q4-major/bin/../lib/gcc/arm-none-eabi/9.2.1/../../../../arm-none-eabi/lib/thumb/v6-m/nofp\libc_nano.a(lib_a-findfp.o)
                0x10041b30                __sfmoreglue
 .text.__sfp_lock_acquire
                0x10041b5c       0x10 c:/wise-studio/tools/gcc-arm-none-eabi-9-2019-q4-major/bin/../lib/gcc/arm-none-eabi/9.2.1/../../../../arm-none-eabi/lib/thumb/v6-m/nofp\libc_nano.a(lib_a-findfp.o)
                0x10041b5c                __sfp_lock_acquire
 .text.__sfp_lock_release
                0x10041b6c       0x10 c:/wise-studio/tools/gcc-arm-none-eabi-9-2019-q4-major/bin/../lib/gcc/arm-none-eabi/9.2.1/../../../../arm-none-eabi/lib/thumb/v6-m/nofp\libc_nano.a(lib_a-findfp.o)
                0x10041b6c                __sfp_lock_release
 .text.__sinit_lock_acquire
                0x10041b7c       0x10 c:/wise-studio/tools/gcc-arm-none-eabi-9-2019-q4-major/bin/../lib/gcc/arm-none-eabi/9.2.1/../../../../arm-none-eabi/lib/thumb/v6-m/nofp\libc_nano.a(lib_a-findfp.o)
                0x10041b7c                __sinit_lock_acquire
 .text.__sinit_lock_release
                0x10041b8c       0x10 c:/wise-studio/tools/gcc-arm-none-eabi-9-2019-q4-major/bin/../lib/gcc/arm-none-eabi/9.2.1/../../../../arm-none-eabi/lib/thumb/v6-m/nofp\libc_nano.a(lib_a-findfp.o)
                0x10041b8c                __sinit_lock_release
 .text.__sinit  0x10041b9c       0x70 c:/wise-studio/tools/gcc-arm-none-eabi-9-2019-q4-major/bin/../lib/gcc/arm-none-eabi/9.2.1/../../../../arm-none-eabi/lib/thumb/v6-m/nofp\libc_nano.a(lib_a-findfp.o)
                0x10041b9c                __sinit
 .text.__sfp    0x10041c0c       0x90 c:/wise-studio/tools/gcc-arm-none-eabi-9-2019-q4-major/bin/../lib/gcc/arm-none-eabi/9.2.1/../../../../arm-none-eabi/lib/thumb/v6-m/nofp\libc_nano.a(lib_a-findfp.o)
                0x10041c0c                __sfp
 .text._fwalk_reent
                0x10041c9c       0x40 c:/wise-studio/tools/gcc-arm-none-eabi-9-2019-q4-major/bin/../lib/gcc/arm-none-eabi/9.2.1/../../../../arm-none-eabi/lib/thumb/v6-m/nofp\libc_nano.a(lib_a-fwalk.o)
                0x10041c9c                _fwalk_reent
 .text.__retarget_lock_init_recursive
                0x10041cdc        0x2 c:/wise-studio/tools/gcc-arm-none-eabi-9-2019-q4-major/bin/../lib/gcc/arm-none-eabi/9.2.1/../../../../arm-none-eabi/lib/thumb/v6-m/nofp\libc_nano.a(lib_a-lock.o)
                0x10041cdc                __retarget_lock_init_recursive
 .text.__retarget_lock_acquire_recursive
                0x10041cde        0x2 c:/wise-studio/tools/gcc-arm-none-eabi-9-2019-q4-major/bin/../lib/gcc/arm-none-eabi/9.2.1/../../../../arm-none-eabi/lib/thumb/v6-m/nofp\libc_nano.a(lib_a-lock.o)
                0x10041cde                __retarget_lock_acquire_recursive
 .text.__retarget_lock_release_recursive
                0x10041ce0        0x2 c:/wise-studio/tools/gcc-arm-none-eabi-9-2019-q4-major/bin/../lib/gcc/arm-none-eabi/9.2.1/../../../../arm-none-eabi/lib/thumb/v6-m/nofp\libc_nano.a(lib_a-lock.o)
                0x10041ce0                __retarget_lock_release_recursive
 *fill*         0x10041ce2        0x2 
 .text.__swhatbuf_r
                0x10041ce4       0x50 c:/wise-studio/tools/gcc-arm-none-eabi-9-2019-q4-major/bin/../lib/gcc/arm-none-eabi/9.2.1/../../../../arm-none-eabi/lib/thumb/v6-m/nofp\libc_nano.a(lib_a-makebuf.o)
                0x10041ce4                __swhatbuf_r
 .text.__smakebuf_r
                0x10041d34       0x88 c:/wise-studio/tools/gcc-arm-none-eabi-9-2019-q4-major/bin/../lib/gcc/arm-none-eabi/9.2.1/../../../../arm-none-eabi/lib/thumb/v6-m/nofp\libc_nano.a(lib_a-makebuf.o)
                0x10041d34                __smakebuf_r
 .text._free_r  0x10041dbc       0x94 c:/wise-studio/tools/gcc-arm-none-eabi-9-2019-q4-major/bin/../lib/gcc/arm-none-eabi/9.2.1/../../../../arm-none-eabi/lib/thumb/v6-m/nofp\libc_nano.a(lib_a-nano-freer.o)
                0x10041dbc                _free_r
 .text._malloc_r
                0x10041e50       0xbc c:/wise-studio/tools/gcc-arm-none-eabi-9-2019-q4-major/bin/../lib/gcc/arm-none-eabi/9.2.1/../../../../arm-none-eabi/lib/thumb/v6-m/nofp\libc_nano.a(lib_a-nano-mallocr.o)
                0x10041e50                _malloc_r
 .text.__sfputc_r
                0x10041f0c       0x2a c:/wise-studio/tools/gcc-arm-none-eabi-9-2019-q4-major/bin/../lib/gcc/arm-none-eabi/9.2.1/../../../../arm-none-eabi/lib/thumb/v6-m/nofp\libc_nano.a(lib_a-nano-vfprintf.o)
 .text.__sfputs_r
                0x10041f36       0x24 c:/wise-studio/tools/gcc-arm-none-eabi-9-2019-q4-major/bin/../lib/gcc/arm-none-eabi/9.2.1/../../../../arm-none-eabi/lib/thumb/v6-m/nofp\libc_nano.a(lib_a-nano-vfprintf.o)
                0x10041f36                __sfputs_r
 *fill*         0x10041f5a        0x2 
 .text._vfprintf_r
                0x10041f5c      0x274 c:/wise-studio/tools/gcc-arm-none-eabi-9-2019-q4-major/bin/../lib/gcc/arm-none-eabi/9.2.1/../../../../arm-none-eabi/lib/thumb/v6-m/nofp\libc_nano.a(lib_a-nano-vfprintf.o)
                0x10041f5c                _vfprintf_r
                0x10041f5c                _vfiprintf_r
 .text._printf_common
                0x100421d0       0xde c:/wise-studio/tools/gcc-arm-none-eabi-9-2019-q4-major/bin/../lib/gcc/arm-none-eabi/9.2.1/../../../../arm-none-eabi/lib/thumb/v6-m/nofp\libc_nano.a(lib_a-nano-vfprintf_i.o)
                0x100421d0                _printf_common
 *fill*         0x100422ae        0x2 
 .text._printf_i
                0x100422b0      0x224 c:/wise-studio/tools/gcc-arm-none-eabi-9-2019-q4-major/bin/../lib/gcc/arm-none-eabi/9.2.1/../../../../arm-none-eabi/lib/thumb/v6-m/nofp\libc_nano.a(lib_a-nano-vfprintf_i.o)
                0x100422b0                _printf_i
 .text._sbrk_r  0x100424d4       0x24 c:/wise-studio/tools/gcc-arm-none-eabi-9-2019-q4-major/bin/../lib/gcc/arm-none-eabi/9.2.1/../../../../arm-none-eabi/lib/thumb/v6-m/nofp\libc_nano.a(lib_a-sbrkr.o)
                0x100424d4                _sbrk_r
 .text.__sread  0x100424f8       0x28 c:/wise-studio/tools/gcc-arm-none-eabi-9-2019-q4-major/bin/../lib/gcc/arm-none-eabi/9.2.1/../../../../arm-none-eabi/lib/thumb/v6-m/nofp\libc_nano.a(lib_a-stdio.o)
                0x100424f8                __sread
 .text.__swrite
                0x10042520       0x38 c:/wise-studio/tools/gcc-arm-none-eabi-9-2019-q4-major/bin/../lib/gcc/arm-none-eabi/9.2.1/../../../../arm-none-eabi/lib/thumb/v6-m/nofp\libc_nano.a(lib_a-stdio.o)
                0x10042520                __swrite
 .text.__sseek  0x10042558       0x2c c:/wise-studio/tools/gcc-arm-none-eabi-9-2019-q4-major/bin/../lib/gcc/arm-none-eabi/9.2.1/../../../../arm-none-eabi/lib/thumb/v6-m/nofp\libc_nano.a(lib_a-stdio.o)
                0x10042558                __sseek
 .text.__sclose
                0x10042584        0xc c:/wise-studio/tools/gcc-arm-none-eabi-9-2019-q4-major/bin/../lib/gcc/arm-none-eabi/9.2.1/../../../../arm-none-eabi/lib/thumb/v6-m/nofp\libc_nano.a(lib_a-stdio.o)
                0x10042584                __sclose
 .text._write_r
                0x10042590       0x28 c:/wise-studio/tools/gcc-arm-none-eabi-9-2019-q4-major/bin/../lib/gcc/arm-none-eabi/9.2.1/../../../../arm-none-eabi/lib/thumb/v6-m/nofp\libc_nano.a(lib_a-writer.o)
                0x10042590                _write_r
 .text._close_r
                0x100425b8       0x24 c:/wise-studio/tools/gcc-arm-none-eabi-9-2019-q4-major/bin/../lib/gcc/arm-none-eabi/9.2.1/../../../../arm-none-eabi/lib/thumb/v6-m/nofp\libc_nano.a(lib_a-closer.o)
                0x100425b8                _close_r
 .text._fstat_r
                0x100425dc       0x24 c:/wise-studio/tools/gcc-arm-none-eabi-9-2019-q4-major/bin/../lib/gcc/arm-none-eabi/9.2.1/../../../../arm-none-eabi/lib/thumb/v6-m/nofp\libc_nano.a(lib_a-fstatr.o)
                0x100425dc                _fstat_r
 .text._isatty_r
                0x10042600       0x24 c:/wise-studio/tools/gcc-arm-none-eabi-9-2019-q4-major/bin/../lib/gcc/arm-none-eabi/9.2.1/../../../../arm-none-eabi/lib/thumb/v6-m/nofp\libc_nano.a(lib_a-isattyr.o)
                0x10042600                _isatty_r
 .text._lseek_r
                0x10042624       0x28 c:/wise-studio/tools/gcc-arm-none-eabi-9-2019-q4-major/bin/../lib/gcc/arm-none-eabi/9.2.1/../../../../arm-none-eabi/lib/thumb/v6-m/nofp\libc_nano.a(lib_a-lseekr.o)
                0x10042624                _lseek_r
 .text.memchr   0x1004264c       0x16 c:/wise-studio/tools/gcc-arm-none-eabi-9-2019-q4-major/bin/../lib/gcc/arm-none-eabi/9.2.1/../../../../arm-none-eabi/lib/thumb/v6-m/nofp\libc_nano.a(lib_a-memchr-stub.o)
                0x1004264c                memchr
 *fill*         0x10042662        0x2 
 .text.__malloc_lock
                0x10042664       0x10 c:/wise-studio/tools/gcc-arm-none-eabi-9-2019-q4-major/bin/../lib/gcc/arm-none-eabi/9.2.1/../../../../arm-none-eabi/lib/thumb/v6-m/nofp\libc_nano.a(lib_a-mlock.o)
                0x10042664                __malloc_lock
 .text.__malloc_unlock
                0x10042674       0x10 c:/wise-studio/tools/gcc-arm-none-eabi-9-2019-q4-major/bin/../lib/gcc/arm-none-eabi/9.2.1/../../../../arm-none-eabi/lib/thumb/v6-m/nofp\libc_nano.a(lib_a-mlock.o)
                0x10042674                __malloc_unlock
 .text._read_r  0x10042684       0x28 c:/wise-studio/tools/gcc-arm-none-eabi-9-2019-q4-major/bin/../lib/gcc/arm-none-eabi/9.2.1/../../../../arm-none-eabi/lib/thumb/v6-m/nofp\libc_nano.a(lib_a-readr.o)
                0x10042684                _read_r
 *(i.*)
 i._aci_gap_set_discoverable_param_check
                0x100426ac       0x5c ../../../../../../Library/Bluetooth_LE/library\libbluenrg1_stack.a(bluenrg_gap_aci.o)
 i.aci_gap_init
                0x10042708       0x30 ../../../../../../Library/Bluetooth_LE/library\libbluenrg1_stack.a(bluenrg_gap_aci.o)
                0x10042708                aci_gap_init
 i.aci_gap_set_discoverable
                0x10042738       0x42 ../../../../../../Library/Bluetooth_LE/library\libbluenrg1_stack.a(bluenrg_gap_aci.o)
                0x10042738                aci_gap_set_discoverable
 i.aci_gap_terminate
                0x1004277a        0x8 ../../../../../../Library/Bluetooth_LE/library\libbluenrg1_stack.a(bluenrg_gap_aci.o)
                0x1004277a                aci_gap_terminate
 i._load_uuid   0x10042782       0x26 ../../../../../../Library/Bluetooth_LE/library\libbluenrg1_stack.a(bluenrg_gatt_aci.o)
 i.aci_gatt_add_char
                0x100427a8       0x3e ../../../../../../Library/Bluetooth_LE/library\libbluenrg1_stack.a(bluenrg_gatt_aci.o)
                0x100427a8                aci_gatt_add_char
 i.aci_gatt_add_service
                0x100427e6       0x36 ../../../../../../Library/Bluetooth_LE/library\libbluenrg1_stack.a(bluenrg_gatt_aci.o)
                0x100427e6                aci_gatt_add_service
 i.aci_gatt_init
                0x1004281c        0x8 ../../../../../../Library/Bluetooth_LE/library\libbluenrg1_stack.a(bluenrg_gatt_aci.o)
                0x1004281c                aci_gatt_init
 i.aci_gatt_update_char_value_ext
                0x10042824       0x22 ../../../../../../Library/Bluetooth_LE/library\libbluenrg1_stack.a(bluenrg_gatt_aci.o)
                0x10042824                aci_gatt_update_char_value_ext
 i.aci_hal_set_tx_power_level
                0x10042846        0x8 ../../../../../../Library/Bluetooth_LE/library\libbluenrg1_stack.a(bluenrg_hal_aci.o)
                0x10042846                aci_hal_set_tx_power_level
 i.aci_hal_write_config_data
                0x1004284e        0x8 ../../../../../../Library/Bluetooth_LE/library\libbluenrg1_stack.a(bluenrg_hal_aci.o)
                0x1004284e                aci_hal_write_config_data
 *fill*         0x10042856        0x2 
 i.BTLE_StackTick
                0x10042858       0x84 ../../../../../../Library/Bluetooth_LE/library\libbluenrg1_stack.a(bluenrg_main_func.o)
                0x10042858                BTLE_StackTick
 i.BlueNRG_Stack_Initialization
                0x100428dc       0x44 ../../../../../../Library/Bluetooth_LE/library\libbluenrg1_stack.a(bluenrg_main_func.o)
                0x100428dc                BlueNRG_Stack_Initialization
 i.BlueNRG_Stack_Initialize_ConfigData
                0x10042920       0x64 ../../../../../../Library/Bluetooth_LE/library\libbluenrg1_stack.a(bluenrg_main_func.o)
 i.BlueNRG_Stack_Initialize_Layers
                0x10042984       0x8c ../../../../../../Library/Bluetooth_LE/library\libbluenrg1_stack.a(bluenrg_main_func.o)
 i.BlueNRG_Stack_Initialize_RAM_check
                0x10042a10       0x80 ../../../../../../Library/Bluetooth_LE/library\libbluenrg1_stack.a(bluenrg_main_func.o)
                0x10042a10                BlueNRG_Stack_Initialize_RAM_check
 i.BlueNRG_Stack_Perform_Crystal_Check
                0x10042a90       0xc4 ../../../../../../Library/Bluetooth_LE/library\libbluenrg1_stack.a(bluenrg_main_func.o)
 i.BlueNRG_Start_Crystal_Measurement
                0x10042b54       0x1c ../../../../../../Library/Bluetooth_LE/library\libbluenrg1_stack.a(bluenrg_main_func.o)
 i._BlueNRG_Stack_Initialization
                0x10042b70       0xe8 ../../../../../../Library/Bluetooth_LE/library\libbluenrg1_stack.a(bluenrg_main_func.o)
                0x10042b70                _BlueNRG_Stack_Initialization
 i.GAP_Connection_Complete_Handler
                0x10042c58       0x68 ../../../../../../Library/Bluetooth_LE/library\libbluenrg1_stack.a(gap.o)
                0x10042c58                GAP_Connection_Complete_Handler
 i.GAP_DiscProcTimeoutcb_ucfg
                0x10042cc0        0x2 ../../../../../../Library/Bluetooth_LE/library\libbluenrg1_stack.a(gap.o)
                0x10042cc0                GAP_DiscProcTimeoutcb_ucfg
 *fill*         0x10042cc2        0x2 
 i.GAP_Init     0x10042cc4      0x1fc ../../../../../../Library/Bluetooth_LE/library\libbluenrg1_stack.a(gap.o)
                0x10042cc4                GAP_Init
 i.GAP_Init_Context
                0x10042ec0       0x14 ../../../../../../Library/Bluetooth_LE/library\libbluenrg1_stack.a(gap.o)
                0x10042ec0                GAP_Init_Context
 i.GAP_LL_Event_Handler_ISR
                0x10042ed4       0x68 ../../../../../../Library/Bluetooth_LE/library\libbluenrg1_stack.a(gap.o)
                0x10042ed4                GAP_LL_Event_Handler_ISR
 i.GAP_LimDiscTimeoutcb
                0x10042f3c       0x2c ../../../../../../Library/Bluetooth_LE/library\libbluenrg1_stack.a(gap.o)
                0x10042f3c                GAP_LimDiscTimeoutcb
 i.GAP_Process_Q
                0x10042f68       0x40 ../../../../../../Library/Bluetooth_LE/library\libbluenrg1_stack.a(gap.o)
                0x10042f68                GAP_Process_Q
 i.GAP_Set_Discoverable_Mode
                0x10042fa8       0x38 ../../../../../../Library/Bluetooth_LE/library\libbluenrg1_stack.a(gap.o)
                0x10042fa8                GAP_Set_Discoverable_Mode
 i.GAP_check_and_set_role_ucfg
                0x10042fe0       0x1c ../../../../../../Library/Bluetooth_LE/library\libbluenrg1_stack.a(gap.o)
                0x10042fe0                GAP_check_and_set_role_ucfg
 i.GAP_discover_peer_name_ucfg
                0x10042ffc        0x2 ../../../../../../Library/Bluetooth_LE/library\libbluenrg1_stack.a(gap.o)
                0x10042ffc                GAP_discover_peer_name_ucfg
 i.GAP_enable_controller_privacy_ucfg
                0x10042ffe        0x4 ../../../../../../Library/Bluetooth_LE/library\libbluenrg1_stack.a(gap.o)
                0x10042ffe                GAP_enable_controller_privacy_ucfg
 *fill*         0x10043002        0x2 
 i._GAP_Parse_Advertising_Report
                0x10043004       0x6c ../../../../../../Library/Bluetooth_LE/library\libbluenrg1_stack.a(gap.o)
 i._gap_set_discoverable_connectable
                0x10043070      0x174 ../../../../../../Library/Bluetooth_LE/library\libbluenrg1_stack.a(gap.o)
                0x10043070                _gap_set_discoverable_connectable
 i.aci_gap_limited_discoverable_event_push
                0x100431e4       0x50 ../../../../../../Library/Bluetooth_LE/library\libbluenrg1_stack.a(gap.o)
 i.aci_gap_proc_complete_event_push
                0x10043234       0x74 ../../../../../../Library/Bluetooth_LE/library\libbluenrg1_stack.a(gap.o)
 i.advParamsCheckAndSet
                0x100432a8       0x8c ../../../../../../Library/Bluetooth_LE/library\libbluenrg1_stack.a(gap.o)
                0x100432a8                advParamsCheckAndSet
 i.gapClearAllModeFlags
                0x10043334       0x14 ../../../../../../Library/Bluetooth_LE/library\libbluenrg1_stack.a(gap.o)
                0x10043334                gapClearAllModeFlags
 i.setGapAdvData
                0x10043348      0x104 ../../../../../../Library/Bluetooth_LE/library\libbluenrg1_stack.a(gap.o)
                0x10043348                setGapAdvData
 i.Find_Gatt_Client
                0x1004344c       0x3c ../../../../../../Library/Bluetooth_LE/library\libbluenrg1_stack.a(gatt_client.o)
                0x1004344c                Find_Gatt_Client
 i.Build_Notif_Or_Ind
                0x10043488       0x3e ../../../../../../Library/Bluetooth_LE/library\libbluenrg1_stack.a(gatt_server.o)
                0x10043488                Build_Notif_Or_Ind
 *fill*         0x100434c6        0x2 
 i.Check_For_Service_Change
                0x100434c8      0x34c ../../../../../../Library/Bluetooth_LE/library\libbluenrg1_stack.a(gatt_server.o)
                0x100434c8                Check_For_Service_Change
 i.Find_Attr_Index
                0x10043814       0x50 ../../../../../../Library/Bluetooth_LE/library\libbluenrg1_stack.a(gatt_server.o)
                0x10043814                Find_Attr_Index
 i.Find_Timed_Out_Connection
                0x10043864       0x20 ../../../../../../Library/Bluetooth_LE/library\libbluenrg1_stack.a(gatt_server.o)
                0x10043864                Find_Timed_Out_Connection
 i.GATT_Connection_Complete_Handler
                0x10043884       0x44 ../../../../../../Library/Bluetooth_LE/library\libbluenrg1_stack.a(gatt_server.o)
                0x10043884                GATT_Connection_Complete_Handler
 i.GATT_Send_Packet
                0x100438c8       0x2c ../../../../../../Library/Bluetooth_LE/library\libbluenrg1_stack.a(gatt_server.o)
                0x100438c8                GATT_Send_Packet
 i.GATT_Server_Set_Flag
                0x100438f4       0x18 ../../../../../../Library/Bluetooth_LE/library\libbluenrg1_stack.a(gatt_server.o)
 i.GATT_TimeOut_Handler
                0x1004390c       0x1a ../../../../../../Library/Bluetooth_LE/library\libbluenrg1_stack.a(gatt_server.o)
                0x1004390c                GATT_TimeOut_Handler
 *fill*         0x10043926        0x2 
 i.Gatt_Add_Charac_Desc
                0x10043928      0x160 ../../../../../../Library/Bluetooth_LE/library\libbluenrg1_stack.a(gatt_server.o)
                0x10043928                Gatt_Add_Charac_Desc
 i.Gatt_Add_Characteristic
                0x10043a88      0x33c ../../../../../../Library/Bluetooth_LE/library\libbluenrg1_stack.a(gatt_server.o)
                0x10043a88                Gatt_Add_Characteristic
 i.Gatt_Add_Descriptor
                0x10043dc4      0x158 ../../../../../../Library/Bluetooth_LE/library\libbluenrg1_stack.a(gatt_server.o)
                0x10043dc4                Gatt_Add_Descriptor
 i.Gatt_Add_Service
                0x10043f1c      0x160 ../../../../../../Library/Bluetooth_LE/library\libbluenrg1_stack.a(gatt_server.o)
                0x10043f1c                Gatt_Add_Service
 i.Gatt_Find_Srv_From_Handle
                0x1004407c       0x2c ../../../../../../Library/Bluetooth_LE/library\libbluenrg1_stack.a(gatt_server.o)
                0x1004407c                Gatt_Find_Srv_From_Handle
 i.Gatt_Find_Srv_Owner_Of_Handle
                0x100440a8       0x48 ../../../../../../Library/Bluetooth_LE/library\libbluenrg1_stack.a(gatt_server.o)
                0x100440a8                Gatt_Find_Srv_Owner_Of_Handle
 i.Gatt_Find_Timed_Out_Connection_Index
                0x100440f0       0x38 ../../../../../../Library/Bluetooth_LE/library\libbluenrg1_stack.a(gatt_server.o)
                0x100440f0                Gatt_Find_Timed_Out_Connection_Index
 i.Gatt_Flush_Pending_AclPacket_Lists
                0x10044128       0x34 ../../../../../../Library/Bluetooth_LE/library\libbluenrg1_stack.a(gatt_server.o)
 i.Gatt_Process_Q
                0x1004415c      0x19c ../../../../../../Library/Bluetooth_LE/library\libbluenrg1_stack.a(gatt_server.o)
                0x1004415c                Gatt_Process_Q
 i.Gatt_Reset_To_Closed_State
                0x100442f8       0xfc ../../../../../../Library/Bluetooth_LE/library\libbluenrg1_stack.a(gatt_server.o)
 i.Gatt_Server_Db_Check
                0x100443f4       0x38 ../../../../../../Library/Bluetooth_LE/library\libbluenrg1_stack.a(gatt_server.o)
                0x100443f4                Gatt_Server_Db_Check
 i.Gatt_Server_Init
                0x1004442c      0x194 ../../../../../../Library/Bluetooth_LE/library\libbluenrg1_stack.a(gatt_server.o)
                0x1004442c                Gatt_Server_Init
 i.Gatt_Server_L2C_Handler
                0x100445c0      0x21c ../../../../../../Library/Bluetooth_LE/library\libbluenrg1_stack.a(gatt_server.o)
                0x100445c0                Gatt_Server_L2C_Handler
 i.Gatt_Server_L2C_Handler_ISR
                0x100447dc       0x4c ../../../../../../Library/Bluetooth_LE/library\libbluenrg1_stack.a(gatt_server.o)
                0x100447dc                Gatt_Server_L2C_Handler_ISR
 i.Gatt_Store_Server_Database_And_Reset_CCCD
                0x10044828      0x170 ../../../../../../Library/Bluetooth_LE/library\libbluenrg1_stack.a(gatt_server.o)
 i.Gatt_Update_Charac_Value
                0x10044998       0x68 ../../../../../../Library/Bluetooth_LE/library\libbluenrg1_stack.a(gatt_server.o)
                0x10044998                Gatt_Update_Charac_Value
 i.Gatt_Update_Charac_Value_Ext
                0x10044a00      0x390 ../../../../../../Library/Bluetooth_LE/library\libbluenrg1_stack.a(gatt_server.o)
                0x10044a00                Gatt_Update_Charac_Value_Ext
 i.Gatt_fetch_handle
                0x10044d90       0x3c ../../../../../../Library/Bluetooth_LE/library\libbluenrg1_stack.a(gatt_server.o)
                0x10044d90                Gatt_fetch_handle
 i.Gatt_search_handle
                0x10044dcc       0x1e ../../../../../../Library/Bluetooth_LE/library\libbluenrg1_stack.a(gatt_server.o)
                0x10044dcc                Gatt_search_handle
 *fill*         0x10044dea        0x2 
 i.Gatt_search_service_handle
                0x10044dec       0x30 ../../../../../../Library/Bluetooth_LE/library\libbluenrg1_stack.a(gatt_server.o)
                0x10044dec                Gatt_search_service_handle
 i.Ind_Service_Change_Charac
                0x10044e1c       0x48 ../../../../../../Library/Bluetooth_LE/library\libbluenrg1_stack.a(gatt_server.o)
                0x10044e1c                Ind_Service_Change_Charac
 i.Pm_Resize_Host_Acl_Pckt
                0x10044e64        0xe ../../../../../../Library/Bluetooth_LE/library\libbluenrg1_stack.a(gatt_server.o)
 *fill*         0x10044e72        0x2 
 i.Process_Peer_Client_Data
                0x10044e74      0x1f8 ../../../../../../Library/Bluetooth_LE/library\libbluenrg1_stack.a(gatt_server.o)
                0x10044e74                Process_Peer_Client_Data
 i.Process_Peer_Server_Data
                0x1004506c      0x16c ../../../../../../Library/Bluetooth_LE/library\libbluenrg1_stack.a(gatt_server.o)
                0x1004506c                Process_Peer_Server_Data
 i.Select_Next_Notification_Client
                0x100451d8       0x50 ../../../../../../Library/Bluetooth_LE/library\libbluenrg1_stack.a(gatt_server.o)
                0x100451d8                Select_Next_Notification_Client
 i.Send_Notif_Or_Ind
                0x10045228       0x4c ../../../../../../Library/Bluetooth_LE/library\libbluenrg1_stack.a(gatt_server.o)
                0x10045228                Send_Notif_Or_Ind
 i.aci_gatt_indication_event_push
                0x10045274       0x90 ../../../../../../Library/Bluetooth_LE/library\libbluenrg1_stack.a(gatt_server.o)
 i.aci_gatt_notification_event_push
                0x10045304       0x90 ../../../../../../Library/Bluetooth_LE/library\libbluenrg1_stack.a(gatt_server.o)
 i.aci_hal_fw_error_event_push
                0x10045394       0x5c ../../../../../../Library/Bluetooth_LE/library\libbluenrg1_stack.a(gatt_server.o)
 i.store_data   0x100453f0       0x1e ../../../../../../Library/Bluetooth_LE/library\libbluenrg1_stack.a(gatt_server.o)
                0x100453f0                store_data
 i.__ARM_common_switch8
                0x1004540e       0x1a ../../../../../../Library/Bluetooth_LE/library\libbluenrg1_stack.a(gatt_server.o)
                0x1004540e                __ARM_common_switch8
 i.HAL_Flash_Store_Data
                0x10045428       0x54 ../../../../../../Library/Bluetooth_LE/library\libbluenrg1_stack.a(hal.o)
                0x10045428                HAL_Flash_Store_Data
 i.HAL_Generate_Random_Bytes_To
                0x1004547c       0x20 ../../../../../../Library/Bluetooth_LE/library\libbluenrg1_stack.a(hal.o)
                0x1004547c                HAL_Generate_Random_Bytes_To
 i.HAL_Set_TX_Power_Level
                0x1004549c       0x44 ../../../../../../Library/Bluetooth_LE/library\libbluenrg1_stack.a(hal.o)
                0x1004549c                HAL_Set_TX_Power_Level
 i.HAL_Write_ConfigData
                0x100454e0      0x148 ../../../../../../Library/Bluetooth_LE/library\libbluenrg1_stack.a(hal.o)
                0x100454e0                HAL_Write_ConfigData
 i.Hal_Get_Random_Number
                0x10045628       0x3a ../../../../../../Library/Bluetooth_LE/library\libbluenrg1_stack.a(hal.o)
                0x10045628                Hal_Get_Random_Number
 i.Hal_Get_Random_Number32
                0x10045662       0x12 ../../../../../../Library/Bluetooth_LE/library\libbluenrg1_stack.a(hal.o)
                0x10045662                Hal_Get_Random_Number32
 i.aci_hal_end_of_radio_activity_event
                0x10045674        0x2 ../../../../../../Library/Bluetooth_LE/library\libbluenrg1_stack.a(hal.o)
                0x10045674                aci_hal_end_of_radio_activity_event
 *fill*         0x10045676        0x2 
 i.ble_HAL_Init
                0x10045678       0x1c ../../../../../../Library/Bluetooth_LE/library\libbluenrg1_stack.a(hal.o)
                0x10045678                ble_HAL_Init
 i.char_copy    0x10045694       0x12 ../../../../../../Library/Bluetooth_LE/library\libbluenrg1_stack.a(hal.o)
                0x10045694                char_copy
 *fill*         0x100456a6        0x2 
 i.hal_radio_activity_state_callback_check
                0x100456a8       0x34 ../../../../../../Library/Bluetooth_LE/library\libbluenrg1_stack.a(hal.o)
                0x100456a8                hal_radio_activity_state_callback_check
 i.hal_radio_activity_state_init
                0x100456dc       0x1c ../../../../../../Library/Bluetooth_LE/library\libbluenrg1_stack.a(hal.o)
                0x100456dc                hal_radio_activity_state_init
 i.hal_read_radio_activity_state
                0x100456f8       0x40 ../../../../../../Library/Bluetooth_LE/library\libbluenrg1_stack.a(hal.o)
                0x100456f8                hal_read_radio_activity_state
 i.set_string   0x10045738       0x10 ../../../../../../Library/Bluetooth_LE/library\libbluenrg1_stack.a(hal.o)
                0x10045738                set_string
 i.Controller_Process_Q
                0x10045748       0x20 ../../../../../../Library/Bluetooth_LE/library\libbluenrg1_stack.a(hci.o)
                0x10045748                Controller_Process_Q
 i.HCI_Init     0x10045768       0x6c ../../../../../../Library/Bluetooth_LE/library\libbluenrg1_stack.a(hci.o)
                0x10045768                HCI_Init
 i.PKA_Offline_Processing_ucfg
                0x100457d4        0x2 ../../../../../../Library/Bluetooth_LE/library\libbluenrg1_stack.a(hci.o)
                0x100457d4                PKA_Offline_Processing_ucfg
 i.PRIV_controller_privacy_csr_ucfg
                0x100457d6        0x4 ../../../../../../Library/Bluetooth_LE/library\libbluenrg1_stack.a(hci.o)
                0x100457d6                PRIV_controller_privacy_csr_ucfg
 i.data_length_extension_csr_ucfg
                0x100457da        0x4 ../../../../../../Library/Bluetooth_LE/library\libbluenrg1_stack.a(hci.o)
                0x100457da                data_length_extension_csr_ucfg
 i.hci_le_encrypt
                0x100457de        0xa ../../../../../../Library/Bluetooth_LE/library\libbluenrg1_stack.a(hci.o)
                0x100457de                hci_le_encrypt
 i.hci_le_long_term_key_request_reply
                0x100457e8        0xe ../../../../../../Library/Bluetooth_LE/library\libbluenrg1_stack.a(hci.o)
                0x100457e8                hci_le_long_term_key_request_reply
 i.hci_le_long_term_key_requested_negative_reply
                0x100457f6        0xe ../../../../../../Library/Bluetooth_LE/library\libbluenrg1_stack.a(hci.o)
                0x100457f6                hci_le_long_term_key_requested_negative_reply
 i.hci_le_set_scan_response_data
                0x10045804       0x16 ../../../../../../Library/Bluetooth_LE/library\libbluenrg1_stack.a(hci.o)
                0x10045804                hci_le_set_scan_response_data
 *fill*         0x1004581a        0x2 
 i.hci_rx_acl_data
                0x1004581c       0x6c ../../../../../../Library/Bluetooth_LE/library\libbluenrg1_stack.a(hci.o)
                0x1004581c                hci_rx_acl_data
 i.hci_tx_acl_data_done
                0x10045888       0x44 ../../../../../../Library/Bluetooth_LE/library\libbluenrg1_stack.a(hci.o)
                0x10045888                hci_tx_acl_data_done
 i.HAL_VTimerAcc_sysT32_ms
                0x100458cc       0x24 ../../../../../../Library/Bluetooth_LE/library\libbluenrg1_stack.a(host_timer.o)
                0x100458cc                HAL_VTimerAcc_sysT32_ms
 i.HAL_VTimerGetCurrentTime_sysT32
                0x100458f0       0x12 ../../../../../../Library/Bluetooth_LE/library\libbluenrg1_stack.a(host_timer.o)
                0x100458f0                HAL_VTimerGetCurrentTime_sysT32
 i.HAL_VTimerTimeoutCallback
                0x10045902        0x2 ../../../../../../Library/Bluetooth_LE/library\libbluenrg1_stack.a(host_timer.o)
                0x10045902                HAL_VTimerTimeoutCallback
 i.Set_Host_Timer_value
                0x10045904       0x50 ../../../../../../Library/Bluetooth_LE/library\libbluenrg1_stack.a(host_timer.o)
                0x10045904                Set_Host_Timer_value
 i.TimerCallback
                0x10045954       0x7c ../../../../../../Library/Bluetooth_LE/library\libbluenrg1_stack.a(host_timer.o)
 i.Timer_ExpiryCallback
                0x100459d0       0x14 ../../../../../../Library/Bluetooth_LE/library\libbluenrg1_stack.a(host_timer.o)
                0x100459d0                Timer_ExpiryCallback
 i.Timer_Init   0x100459e4       0x34 ../../../../../../Library/Bluetooth_LE/library\libbluenrg1_stack.a(host_timer.o)
                0x100459e4                Timer_Init
 i.Timer_ProcessQ
                0x10045a18      0x11c ../../../../../../Library/Bluetooth_LE/library\libbluenrg1_stack.a(host_timer.o)
                0x10045a18                Timer_ProcessQ
 i.Timer_StartOneShot
                0x10045b34       0x22 ../../../../../../Library/Bluetooth_LE/library\libbluenrg1_stack.a(host_timer.o)
                0x10045b34                Timer_StartOneShot
 *fill*         0x10045b56        0x2 
 i.Timer_StartOneShot_sysTime32
                0x10045b58       0x74 ../../../../../../Library/Bluetooth_LE/library\libbluenrg1_stack.a(host_timer.o)
                0x10045b58                Timer_StartOneShot_sysTime32
 i.Timer_StopOneShot
                0x10045bcc       0x58 ../../../../../../Library/Bluetooth_LE/library\libbluenrg1_stack.a(host_timer.o)
                0x10045bcc                Timer_StopOneShot
 i.Timer_sysTime32_convMachineTime
                0x10045c24       0x24 ../../../../../../Library/Bluetooth_LE/library\libbluenrg1_stack.a(host_timer.o)
                0x10045c24                Timer_sysTime32_convMachineTime
 i.L2C_Build_Command_Reject_Pdu
                0x10045c48       0x7c ../../../../../../Library/Bluetooth_LE/library\libbluenrg1_stack.a(l2cap.o)
                0x10045c48                L2C_Build_Command_Reject_Pdu
 i.L2C_Connection_Complete_Handler
                0x10045cc4       0x4a ../../../../../../Library/Bluetooth_LE/library\libbluenrg1_stack.a(l2cap.o)
                0x10045cc4                L2C_Connection_Complete_Handler
 i.L2C_Connection_Complete_Signal_Handler
                0x10045d0e       0x2a ../../../../../../Library/Bluetooth_LE/library\libbluenrg1_stack.a(l2cap.o)
                0x10045d0e                L2C_Connection_Complete_Signal_Handler
 i.L2C_Get_Connection_Info
                0x10045d38       0x34 ../../../../../../Library/Bluetooth_LE/library\libbluenrg1_stack.a(l2cap.o)
 i.L2C_Get_Connection_Info_Index
                0x10045d6c       0x30 ../../../../../../Library/Bluetooth_LE/library\libbluenrg1_stack.a(l2cap.o)
 i.L2C_Get_PDU_Len
                0x10045d9c        0xe ../../../../../../Library/Bluetooth_LE/library\libbluenrg1_stack.a(l2cap.o)
                0x10045d9c                L2C_Get_PDU_Len
 *fill*         0x10045daa        0x2 
 i.L2C_Init     0x10045dac       0x58 ../../../../../../Library/Bluetooth_LE/library\libbluenrg1_stack.a(l2cap.o)
                0x10045dac                L2C_Init
 i.L2C_Mux_Acl_Packet
                0x10045e04       0x58 ../../../../../../Library/Bluetooth_LE/library\libbluenrg1_stack.a(l2cap.o)
 i.L2C_Rcv_Data
                0x10045e5c       0xcc ../../../../../../Library/Bluetooth_LE/library\libbluenrg1_stack.a(l2cap.o)
 i.L2C_Rcv_Event_Handler
                0x10045f28       0x1e ../../../../../../Library/Bluetooth_LE/library\libbluenrg1_stack.a(l2cap.o)
                0x10045f28                L2C_Rcv_Event_Handler
 i.L2C_Rcv_Event_Handler_ISR
                0x10045f46       0x54 ../../../../../../Library/Bluetooth_LE/library\libbluenrg1_stack.a(l2cap.o)
                0x10045f46                L2C_Rcv_Event_Handler_ISR
 *fill*         0x10045f9a        0x2 
 i.L2C_Reset_To_Closed_State
                0x10045f9c       0x7c ../../../../../../Library/Bluetooth_LE/library\libbluenrg1_stack.a(l2cap.o)
 i.L2C_Send_Data
                0x10046018       0x4c ../../../../../../Library/Bluetooth_LE/library\libbluenrg1_stack.a(l2cap.o)
                0x10046018                L2C_Send_Data
 i.L2C_SigChan_Req_TimeOut_Handler
                0x10046064       0x60 ../../../../../../Library/Bluetooth_LE/library\libbluenrg1_stack.a(l2cap.o)
                0x10046064                L2C_SigChan_Req_TimeOut_Handler
 i.L2C_Signal_Channel_Handler
                0x100460c4      0x1b0 ../../../../../../Library/Bluetooth_LE/library\libbluenrg1_stack.a(l2cap.o)
                0x100460c4                L2C_Signal_Channel_Handler
 i.L2C_Signal_Channel_Handler_ISR
                0x10046274       0x24 ../../../../../../Library/Bluetooth_LE/library\libbluenrg1_stack.a(l2cap.o)
                0x10046274                L2C_Signal_Channel_Handler_ISR
 i.L2C_discard_accumulated_acl_data
                0x10046298       0x5c ../../../../../../Library/Bluetooth_LE/library\libbluenrg1_stack.a(l2cap.o)
 i.aci_l2cap_connection_update_req_event_push
                0x100462f4       0x98 ../../../../../../Library/Bluetooth_LE/library\libbluenrg1_stack.a(l2cap.o)
 i.Data_Length_Update_Control_ISR_ucfg
                0x1004638c        0x4 ../../../../../../Library/Bluetooth_LE/library\libbluenrg1_stack.a(ll_isr.o)
                0x1004638c                Data_Length_Update_Control_ISR_ucfg
 i.RAL_Isr      0x10046390      0x21c ../../../../../../Library/Bluetooth_LE/library\libbluenrg1_stack.a(ll_isr.o)
                0x10046390                RAL_Isr
 i.copy_4_u32   0x100465ac       0x12 ../../../../../../Library/Bluetooth_LE/library\libbluenrg1_stack.a(ll_isr.o)
                0x100465ac                copy_4_u32
 *fill*         0x100465be        0x2 
 i.copy_tx_data_packet
                0x100465c0       0x84 ../../../../../../Library/Bluetooth_LE/library\libbluenrg1_stack.a(ll_isr.o)
                0x100465c0                copy_tx_data_packet
 i.encrypt      0x10046644       0x74 ../../../../../../Library/Bluetooth_LE/library\libbluenrg1_stack.a(ll_isr.o)
                0x10046644                encrypt
 i.isr_advertise_state
                0x100466b8      0x3d0 ../../../../../../Library/Bluetooth_LE/library\libbluenrg1_stack.a(ll_isr.o)
 i.isr_connect_slave_state
                0x10046a88      0x7e8 ../../../../../../Library/Bluetooth_LE/library\libbluenrg1_stack.a(ll_isr.o)
 i.isr_test_rx_state
                0x10047270       0x38 ../../../../../../Library/Bluetooth_LE/library\libbluenrg1_stack.a(ll_isr.o)
 i.isr_test_tx_state
                0x100472a8       0x68 ../../../../../../Library/Bluetooth_LE/library\libbluenrg1_stack.a(ll_isr.o)
 i.isr_unknown_state
                0x10047310       0x2c ../../../../../../Library/Bluetooth_LE/library\libbluenrg1_stack.a(ll_isr.o)
 i.state_func_call_init_csr_ucfg
                0x1004733c        0x2 ../../../../../../Library/Bluetooth_LE/library\libbluenrg1_stack.a(ll_isr.o)
                0x1004733c                state_func_call_init_csr_ucfg
 i.__ARM_common_memcpy1_6
                0x1004733e       0x1a ../../../../../../Library/Bluetooth_LE/library\libbluenrg1_stack.a(ll_isr.o)
                0x1004733e                __ARM_common_memcpy1_6
 i.LL_LE_Clear_White_List
                0x10047358       0x28 ../../../../../../Library/Bluetooth_LE/library\libbluenrg1_stack.a(ll_privacy.o)
                0x10047358                LL_LE_Clear_White_List
 i.LL_priv_add_to_ConnIDList_ucfg
                0x10047380        0x4 ../../../../../../Library/Bluetooth_LE/library\libbluenrg1_stack.a(ll_privacy.o)
                0x10047380                LL_priv_add_to_ConnIDList_ucfg
 i.LL_priv_remove_from_ConnIDList_ucfg
                0x10047384        0x2 ../../../../../../Library/Bluetooth_LE/library\libbluenrg1_stack.a(ll_privacy.o)
                0x10047384                LL_priv_remove_from_ConnIDList_ucfg
 *fill*         0x10047386        0x2 
 i.LL_priv_test_address_in_ConnIDList_ucfg
                0x10047388       0x40 ../../../../../../Library/Bluetooth_LE/library\libbluenrg1_stack.a(ll_privacy.o)
                0x10047388                LL_priv_test_address_in_ConnIDList_ucfg
 i.PRIVWHIT_u8SearchAddrInList
                0x100473c8       0xa0 ../../../../../../Library/Bluetooth_LE/library\libbluenrg1_stack.a(ll_privacy.o)
                0x100473c8                PRIVWHIT_u8SearchAddrInList
 i.PRIVWHIT_vInit_Struct
                0x10047468       0xd4 ../../../../../../Library/Bluetooth_LE/library\libbluenrg1_stack.a(ll_privacy.o)
                0x10047468                PRIVWHIT_vInit_Struct
 i.PRIV_SearchAddrInEachList
                0x1004753c       0xa0 ../../../../../../Library/Bluetooth_LE/library\libbluenrg1_stack.a(ll_privacy.o)
 i.PRIV_SearchAddrInWhiteList
                0x100475dc       0x18 ../../../../../../Library/Bluetooth_LE/library\libbluenrg1_stack.a(ll_privacy.o)
                0x100475dc                PRIV_SearchAddrInWhiteList
 i.PRIV_u32ProcessAdvPacket_ucfg
                0x100475f4        0x4 ../../../../../../Library/Bluetooth_LE/library\libbluenrg1_stack.a(ll_privacy.o)
                0x100475f4                PRIV_u32ProcessAdvPacket_ucfg
 i.PRIV_u8OfflineProcessing_ucfg
                0x100475f8        0x4 ../../../../../../Library/Bluetooth_LE/library\libbluenrg1_stack.a(ll_privacy.o)
                0x100475f8                PRIV_u8OfflineProcessing_ucfg
 i.PRIV_vGeneratePrivateAddress_ucfg
                0x100475fc        0x2 ../../../../../../Library/Bluetooth_LE/library\libbluenrg1_stack.a(ll_privacy.o)
                0x100475fc                PRIV_vGeneratePrivateAddress_ucfg
 i.PRIV_vGenerate_hci_le_enhanced_connection_complete_event_ucfg
                0x100475fe        0x2 ../../../../../../Library/Bluetooth_LE/library\libbluenrg1_stack.a(ll_privacy.o)
                0x100475fe                PRIV_vGenerate_hci_le_enhanced_connection_complete_event_ucfg
 i.Data_Len_Update_Offline_Processing_ucfg
                0x10047600        0x2 ../../../../../../Library/Bluetooth_LE/library\libbluenrg1_stack.a(ll_routines.o)
                0x10047600                Data_Len_Update_Offline_Processing_ucfg
 *fill*         0x10047602        0x2 
 i.Disconnection_Offline_Processing
                0x10047604       0x48 ../../../../../../Library/Bluetooth_LE/library\libbluenrg1_stack.a(ll_routines.o)
                0x10047604                Disconnection_Offline_Processing
 i.LL_Data_Length_Change_Event_ucfg
                0x1004764c        0x4 ../../../../../../Library/Bluetooth_LE/library\libbluenrg1_stack.a(ll_routines.o)
                0x1004764c                LL_Data_Length_Change_Event_ucfg
 i.LL_Disconnect_Link
                0x10047650       0x3c ../../../../../../Library/Bluetooth_LE/library\libbluenrg1_stack.a(ll_routines.o)
                0x10047650                LL_Disconnect_Link
 i.LL_Send_Disconnection_Req
                0x1004768c       0xa4 ../../../../../../Library/Bluetooth_LE/library\libbluenrg1_stack.a(ll_routines.o)
                0x1004768c                LL_Send_Disconnection_Req
 i.LL_Send_Length_Resp_ucfg
                0x10047730        0x4 ../../../../../../Library/Bluetooth_LE/library\libbluenrg1_stack.a(ll_routines.o)
                0x10047730                LL_Send_Length_Resp_ucfg
 i.ll_write_supported_data_ucfg
                0x10047734        0x4 ../../../../../../Library/Bluetooth_LE/library\libbluenrg1_stack.a(ll_routines.o)
                0x10047734                ll_write_supported_data_ucfg
 i.read_rssi    0x10047738       0x7c ../../../../../../Library/Bluetooth_LE/library\libbluenrg1_stack.a(ll_routines.o)
                0x10047738                read_rssi
 i.hci_encryption_change_event_push
                0x100477b4       0x5c ../../../../../../Library/Bluetooth_LE/library\libbluenrg1_stack.a(ll_routines_master.o)
 i.hci_encryption_key_refresh_complete_event_push
                0x10047810       0x58 ../../../../../../Library/Bluetooth_LE/library\libbluenrg1_stack.a(ll_routines_master.o)
 i.hci_le_connection_complete_event_push
                0x10047868       0x88 ../../../../../../Library/Bluetooth_LE/library\libbluenrg1_stack.a(ll_routines_master.o)
 i.hci_le_connection_update_complete_event_push
                0x100478f0       0x6c ../../../../../../Library/Bluetooth_LE/library\libbluenrg1_stack.a(ll_routines_master.o)
 i.isr_event_handler
                0x1004795c      0x660 ../../../../../../Library/Bluetooth_LE/library\libbluenrg1_stack.a(ll_routines_master.o)
                0x1004795c                isr_event_handler
 i.isr_event_handler_scan_data_ucfg
                0x10047fbc        0x2 ../../../../../../Library/Bluetooth_LE/library\libbluenrg1_stack.a(ll_routines_master.o)
                0x10047fbc                isr_event_handler_scan_data_ucfg
 *fill*         0x10047fbe        0x2 
 i.LL_Encrypt_Plain_Data_ucfg
                0x10047fc0       0xa0 ../../../../../../Library/Bluetooth_LE/library\libbluenrg1_stack.a(ll_routines_support.o)
                0x10047fc0                LL_Encrypt_Plain_Data_ucfg
 i.LL_Set_LTK   0x10048060       0x9c ../../../../../../Library/Bluetooth_LE/library\libbluenrg1_stack.a(ll_routines_support.o)
                0x10048060                LL_Set_LTK
 i.Dynamic_allocator
                0x100480fc      0x278 ../../../../../../Library/Bluetooth_LE/library\libbluenrg1_stack.a(mem_alloc.o)
                0x100480fc                Dynamic_allocator
 i.Dynamic_allocator_noRet
                0x10048374        0x2 ../../../../../../Library/Bluetooth_LE/library\libbluenrg1_stack.a(mem_alloc.o)
                0x10048374                Dynamic_allocator_noRet
 i.Mem_assign   0x10048376       0x16 ../../../../../../Library/Bluetooth_LE/library\libbluenrg1_stack.a(mem_alloc.o)
 i.mem_alloc_ctx_init
                0x1004838c       0xb8 ../../../../../../Library/Bluetooth_LE/library\libbluenrg1_stack.a(mem_alloc.o)
                0x1004838c                mem_alloc_ctx_init
 i.Mem_Buff_Append
                0x10048444       0x12 ../../../../../../Library/Bluetooth_LE/library\libbluenrg1_stack.a(mem_buff.o)
                0x10048444                Mem_Buff_Append
 i.Mem_Buff_Block_Copy
                0x10048456       0x48 ../../../../../../Library/Bluetooth_LE/library\libbluenrg1_stack.a(mem_buff.o)
                0x10048456                Mem_Buff_Block_Copy
 i.Mem_Buff_Block_Write
                0x1004849e       0x56 ../../../../../../Library/Bluetooth_LE/library\libbluenrg1_stack.a(mem_buff.o)
                0x1004849e                Mem_Buff_Block_Write
 i.Mem_Buff_Clone
                0x100484f4       0x32 ../../../../../../Library/Bluetooth_LE/library\libbluenrg1_stack.a(mem_buff.o)
                0x100484f4                Mem_Buff_Clone
 i.Mem_Buff_Cmp
                0x10048526       0x78 ../../../../../../Library/Bluetooth_LE/library\libbluenrg1_stack.a(mem_buff.o)
                0x10048526                Mem_Buff_Cmp
 i.Mem_Buff_Compact
                0x1004859e       0xba ../../../../../../Library/Bluetooth_LE/library\libbluenrg1_stack.a(mem_buff.o)
                0x1004859e                Mem_Buff_Compact
 i.Mem_Buff_Get
                0x10048658       0x2e ../../../../../../Library/Bluetooth_LE/library\libbluenrg1_stack.a(mem_buff.o)
                0x10048658                Mem_Buff_Get
 i.Mem_Buff_Get_Chain_Count
                0x10048686       0x14 ../../../../../../Library/Bluetooth_LE/library\libbluenrg1_stack.a(mem_buff.o)
                0x10048686                Mem_Buff_Get_Chain_Count
 i.Mem_Buff_Get_Chain_Size
                0x1004869a       0x14 ../../../../../../Library/Bluetooth_LE/library\libbluenrg1_stack.a(mem_buff.o)
                0x1004869a                Mem_Buff_Get_Chain_Size
 i.Mem_Buff_Init
                0x100486ae       0x6a ../../../../../../Library/Bluetooth_LE/library\libbluenrg1_stack.a(mem_buff.o)
                0x100486ae                Mem_Buff_Init
 i.Mem_Buff_Read
                0x10048718       0x62 ../../../../../../Library/Bluetooth_LE/library\libbluenrg1_stack.a(mem_buff.o)
                0x10048718                Mem_Buff_Read
 i.Mem_Buff_Release
                0x1004877a       0x36 ../../../../../../Library/Bluetooth_LE/library\libbluenrg1_stack.a(mem_buff.o)
                0x1004877a                Mem_Buff_Release
 i.Mem_Buff_Resize
                0x100487b0       0x8e ../../../../../../Library/Bluetooth_LE/library\libbluenrg1_stack.a(mem_buff.o)
                0x100487b0                Mem_Buff_Resize
 i.Mem_Buff_Write
                0x1004883e       0x68 ../../../../../../Library/Bluetooth_LE/library\libbluenrg1_stack.a(mem_buff.o)
                0x1004883e                Mem_Buff_Write
 *fill*         0x100488a6        0x2 
 i.adapt_slot   0x100488a8      0x260 ../../../../../../Library/Bluetooth_LE/library\libbluenrg1_stack.a(multi_master_time.o)
 i.advance_slave_timing_MultiSlave
                0x10048b08      0x2d0 ../../../../../../Library/Bluetooth_LE/library\libbluenrg1_stack.a(multi_master_time.o)
                0x10048b08                advance_slave_timing_MultiSlave
 i.cancel_current_master
                0x10048dd8      0x1a8 ../../../../../../Library/Bluetooth_LE/library\libbluenrg1_stack.a(multi_master_time.o)
                0x10048dd8                cancel_current_master
 i.get_advertiser
                0x10048f80       0x48 ../../../../../../Library/Bluetooth_LE/library\libbluenrg1_stack.a(multi_master_time.o)
                0x10048f80                get_advertiser
 i.get_connection_no
                0x10048fc8       0x88 ../../../../../../Library/Bluetooth_LE/library\libbluenrg1_stack.a(multi_master_time.o)
                0x10048fc8                get_connection_no
 i.get_next_free_slot
                0x10049050       0x34 ../../../../../../Library/Bluetooth_LE/library\libbluenrg1_stack.a(multi_master_time.o)
                0x10049050                get_next_free_slot
 i.get_scan_connection
                0x10049084       0x48 ../../../../../../Library/Bluetooth_LE/library\libbluenrg1_stack.a(multi_master_time.o)
                0x10049084                get_scan_connection
 i.is_slave     0x100490cc       0x34 ../../../../../../Library/Bluetooth_LE/library\libbluenrg1_stack.a(multi_master_time.o)
                0x100490cc                is_slave
 i.nsar_init    0x10049100       0x18 ../../../../../../Library/Bluetooth_LE/library\libbluenrg1_stack.a(multi_master_time.o)
                0x10049100                nsar_init
 i.nsar_insertSlotListEntry
                0x10049118       0x1c ../../../../../../Library/Bluetooth_LE/library\libbluenrg1_stack.a(multi_master_time.o)
 i.nsar_searchBestFreeSlot
                0x10049134       0xc0 ../../../../../../Library/Bluetooth_LE/library\libbluenrg1_stack.a(multi_master_time.o)
 i.nsar_updateBestFreeSlot
                0x100491f4       0x22 ../../../../../../Library/Bluetooth_LE/library\libbluenrg1_stack.a(multi_master_time.o)
 *fill*         0x10049216        0x2 
 i.nsar_updateSlotListEntry
                0x10049218       0x6c ../../../../../../Library/Bluetooth_LE/library\libbluenrg1_stack.a(multi_master_time.o)
 i.schedule_advertise_slot
                0x10049284       0xb0 ../../../../../../Library/Bluetooth_LE/library\libbluenrg1_stack.a(multi_master_time.o)
                0x10049284                schedule_advertise_slot
 i.start_timebase
                0x10049334       0xd0 ../../../../../../Library/Bluetooth_LE/library\libbluenrg1_stack.a(multi_master_time.o)
                0x10049334                start_timebase
 i.swap_u16     0x10049404        0xa ../../../../../../Library/Bluetooth_LE/library\libbluenrg1_stack.a(multi_master_time.o)
 *fill*         0x1004940e        0x2 
 i.timebase_start_connect
                0x10049410       0x38 ../../../../../../Library/Bluetooth_LE/library\libbluenrg1_stack.a(multi_master_time.o)
                0x10049410                timebase_start_connect
 i.Flash_Write_Flagged
                0x10049448       0x3c ../../../../../../Library/Bluetooth_LE/library\libbluenrg1_stack.a(nvm.o)
                0x10049448                Flash_Write_Flagged
 i.Is_Flash_Write_On_Going
                0x10049484       0x10 ../../../../../../Library/Bluetooth_LE/library\libbluenrg1_stack.a(nvm.o)
                0x10049484                Is_Flash_Write_On_Going
 i.PM_Check_And_Set
                0x10049494       0x50 ../../../../../../Library/Bluetooth_LE/library\libbluenrg1_stack.a(pm.o)
 i.PM_Clone_Pckt
                0x100494e4       0x22 ../../../../../../Library/Bluetooth_LE/library\libbluenrg1_stack.a(pm.o)
                0x100494e4                PM_Clone_Pckt
 *fill*         0x10049506        0x2 
 i.PM_Compact   0x10049508       0x54 ../../../../../../Library/Bluetooth_LE/library\libbluenrg1_stack.a(pm.o)
                0x10049508                PM_Compact
 i.PM_Copy_Pckt_Data
                0x1004955c       0x12 ../../../../../../Library/Bluetooth_LE/library\libbluenrg1_stack.a(pm.o)
                0x1004955c                PM_Copy_Pckt_Data
 *fill*         0x1004956e        0x2 
 i.PM_Eng_Config
                0x10049570       0x18 ../../../../../../Library/Bluetooth_LE/library\libbluenrg1_stack.a(pm.o)
                0x10049570                PM_Eng_Config
 i.PM_Extract_Pdu_MBuff
                0x10049588        0xc ../../../../../../Library/Bluetooth_LE/library\libbluenrg1_stack.a(pm.o)
                0x10049588                PM_Extract_Pdu_MBuff
 i.PM_Get_Available_Buffer
                0x10049594       0x3c ../../../../../../Library/Bluetooth_LE/library\libbluenrg1_stack.a(pm.o)
                0x10049594                PM_Get_Available_Buffer
 i.PM_Get_Mem_Buff_Count
                0x100495d0        0xa ../../../../../../Library/Bluetooth_LE/library\libbluenrg1_stack.a(pm.o)
                0x100495d0                PM_Get_Mem_Buff_Count
 *fill*         0x100495da        0x2 
 i.PM_Get_Pckt  0x100495dc       0x44 ../../../../../../Library/Bluetooth_LE/library\libbluenrg1_stack.a(pm.o)
                0x100495dc                PM_Get_Pckt
 i.PM_Init      0x10049620       0x68 ../../../../../../Library/Bluetooth_LE/library\libbluenrg1_stack.a(pm.o)
                0x10049620                PM_Init
 i.PM_Pckt_Cmp  0x10049688        0xa ../../../../../../Library/Bluetooth_LE/library\libbluenrg1_stack.a(pm.o)
                0x10049688                PM_Pckt_Cmp
 *fill*         0x10049692        0x2 
 i.PM_Release_Acl_Pckt
                0x10049694       0x3c ../../../../../../Library/Bluetooth_LE/library\libbluenrg1_stack.a(pm.o)
                0x10049694                PM_Release_Acl_Pckt
 i.PM_Resize_Pckt_Pdu_Size
                0x100496d0       0x6c ../../../../../../Library/Bluetooth_LE/library\libbluenrg1_stack.a(pm.o)
                0x100496d0                PM_Resize_Pckt_Pdu_Size
 i.PM_Write_Pckt_Data
                0x1004973c       0x12 ../../../../../../Library/Bluetooth_LE/library\libbluenrg1_stack.a(pm.o)
                0x1004973c                PM_Write_Pckt_Data
 i.Accu_Handles_Requiring_Auth
                0x1004974e       0x6e ../../../../../../Library/Bluetooth_LE/library\libbluenrg1_stack.a(rom_att.o)
                0x1004974e                Accu_Handles_Requiring_Auth
 i.Accu_UuidTypes_Requiring_Auth
                0x100497bc       0xea ../../../../../../Library/Bluetooth_LE/library\libbluenrg1_stack.a(rom_att.o)
                0x100497bc                Accu_UuidTypes_Requiring_Auth
 *fill*         0x100498a6        0x2 
 i.GAP_Privacy1v2
                0x100498a8      0x1e0 ../../../../../../Library/Bluetooth_LE/library\libbluenrg1_stack.a(rom_gap.o)
                0x100498a8                GAP_Privacy1v2
 i.GAP_PrivateAddrTimercb
                0x10049a88       0x48 ../../../../../../Library/Bluetooth_LE/library\libbluenrg1_stack.a(rom_gap.o)
                0x10049a88                GAP_PrivateAddrTimercb
 i.GapIsPrivacySupported
                0x10049ad0       0x14 ../../../../../../Library/Bluetooth_LE/library\libbluenrg1_stack.a(rom_gap.o)
                0x10049ad0                GapIsPrivacySupported
 i.Generate_Non_Resolvable_Private_Address
                0x10049ae4       0x88 ../../../../../../Library/Bluetooth_LE/library\libbluenrg1_stack.a(rom_gap.o)
                0x10049ae4                Generate_Non_Resolvable_Private_Address
 i.GAP_Notify_Add_Charac
                0x10049b6c       0x70 ../../../../../../Library/Bluetooth_LE/library\libbluenrg1_stack.a(rom_gap_rom.o)
                0x10049b6c                GAP_Notify_Add_Charac
 i.GAP_Terminate_Link
                0x10049bdc        0x8 ../../../../../../Library/Bluetooth_LE/library\libbluenrg1_stack.a(rom_gap_rom.o)
                0x10049bdc                GAP_Terminate_Link
 i.Get_GAP_Handle
                0x10049be4       0x10 ../../../../../../Library/Bluetooth_LE/library\libbluenrg1_stack.a(rom_gap_rom.o)
                0x10049be4                Get_GAP_Handle
 i.Get_StaticRandAddr
                0x10049bf4       0x14 ../../../../../../Library/Bluetooth_LE/library\libbluenrg1_stack.a(rom_gap_rom.o)
                0x10049bf4                Get_StaticRandAddr
 i.Check_Encry_Key_Size
                0x10049c08       0x18 ../../../../../../Library/Bluetooth_LE/library\libbluenrg1_stack.a(rom_gatt_server.o)
                0x10049c08                Check_Encry_Key_Size
 i.GATT_Num_Charac_Present
                0x10049c20       0x3a ../../../../../../Library/Bluetooth_LE/library\libbluenrg1_stack.a(rom_gatt_server.o)
                0x10049c20                GATT_Num_Charac_Present
 *fill*         0x10049c5a        0x2 
 i.Start_Gatt_Timer
                0x10049c5c       0x24 ../../../../../../Library/Bluetooth_LE/library\libbluenrg1_stack.a(rom_gatt_server.o)
                0x10049c5c                Start_Gatt_Timer
 i.Stop_Gatt_Timer
                0x10049c80       0x1c ../../../../../../Library/Bluetooth_LE/library\libbluenrg1_stack.a(rom_gatt_server.o)
                0x10049c80                Stop_Gatt_Timer
 i.List_Circular_Get_Size
                0x10049c9c       0x14 ../../../../../../Library/Bluetooth_LE/library\libbluenrg1_stack.a(rom_list.o)
                0x10049c9c                List_Circular_Get_Size
 i.List_Circular_Insert_Tail
                0x10049cb0        0xe ../../../../../../Library/Bluetooth_LE/library\libbluenrg1_stack.a(rom_list.o)
                0x10049cb0                List_Circular_Insert_Tail
 i.List_Circular_Node_Present
                0x10049cbe       0x16 ../../../../../../Library/Bluetooth_LE/library\libbluenrg1_stack.a(rom_list.o)
                0x10049cbe                List_Circular_Node_Present
 i.List_Circular_Remove_Head
                0x10049cd4       0x1a ../../../../../../Library/Bluetooth_LE/library\libbluenrg1_stack.a(rom_list.o)
                0x10049cd4                List_Circular_Remove_Head
 i.List_Circular_Remove_Node
                0x10049cee       0x20 ../../../../../../Library/Bluetooth_LE/library\libbluenrg1_stack.a(rom_list.o)
                0x10049cee                List_Circular_Remove_Node
 *fill*         0x10049d0e        0x2 
 i.isr_postproc1
                0x10049d10      0x110 ../../../../../../Library/Bluetooth_LE/library\libbluenrg1_stack.a(rom_ll_isr_postproc.o)
                0x10049d10                isr_postproc1
 i.isr_postproc_encrypt_data
                0x10049e20       0x16 ../../../../../../Library/Bluetooth_LE/library\libbluenrg1_stack.a(rom_ll_isr_postproc.o)
                0x10049e20                isr_postproc_encrypt_data
 i.wait_for_aes_ready
                0x10049e36       0x24 ../../../../../../Library/Bluetooth_LE/library\libbluenrg1_stack.a(rom_ll_isr_postproc.o)
 *fill*         0x10049e5a        0x2 
 i.LL_update_proc
                0x10049e5c       0xa0 ../../../../../../Library/Bluetooth_LE/library\libbluenrg1_stack.a(rom_ll_isr_routines.o)
                0x10049e5c                LL_update_proc
 i.addr_u32_from_u8
                0x10049efc       0x1e ../../../../../../Library/Bluetooth_LE/library\libbluenrg1_stack.a(rom_ll_isr_routines.o)
 i.cancel_connect_master_ucfg
                0x10049f1a        0x4 ../../../../../../Library/Bluetooth_LE/library\libbluenrg1_stack.a(rom_ll_isr_routines.o)
                0x10049f1a                cancel_connect_master_ucfg
 *fill*         0x10049f1e        0x2 
 i.cancel_master
                0x10049f20       0x80 ../../../../../../Library/Bluetooth_LE/library\libbluenrg1_stack.a(rom_ll_isr_routines.o)
                0x10049f20                cancel_master
 i.get_adv_addr
                0x10049fa0       0x14 ../../../../../../Library/Bluetooth_LE/library\libbluenrg1_stack.a(rom_ll_isr_routines.o)
                0x10049fa0                get_adv_addr
 i.get_scan_addr
                0x10049fb4       0x14 ../../../../../../Library/Bluetooth_LE/library\libbluenrg1_stack.a(rom_ll_isr_routines.o)
                0x10049fb4                get_scan_addr
 i.go_to_connect
                0x10049fc8      0x29c ../../../../../../Library/Bluetooth_LE/library\libbluenrg1_stack.a(rom_ll_isr_routines.o)
                0x10049fc8                go_to_connect
 i.le2ByteToInt16
                0x1004a264        0xa ../../../../../../Library/Bluetooth_LE/library\libbluenrg1_stack.a(rom_ll_isr_routines.o)
 i.le4ByteToInt32
                0x1004a26e       0x16 ../../../../../../Library/Bluetooth_LE/library\libbluenrg1_stack.a(rom_ll_isr_routines.o)
 i.unpack_channel_map
                0x1004a284       0x2e ../../../../../../Library/Bluetooth_LE/library\libbluenrg1_stack.a(rom_ll_isr_routines.o)
                0x1004a284                unpack_channel_map
 i.unpack_update_request
                0x1004a2b2       0x48 ../../../../../../Library/Bluetooth_LE/library\libbluenrg1_stack.a(rom_ll_isr_routines.o)
                0x1004a2b2                unpack_update_request
 i.Is_Address_Initialized
                0x1004a2fa       0x18 ../../../../../../Library/Bluetooth_LE/library\libbluenrg1_stack.a(rom_ll_ll_routines.o)
                0x1004a2fa                Is_Address_Initialized
 i.LL_Allow_Address_Setting
                0x1004a312       0x42 ../../../../../../Library/Bluetooth_LE/library\libbluenrg1_stack.a(rom_ll_ll_routines.o)
                0x1004a312                LL_Allow_Address_Setting
 i.LL_Check_And_Set_Addresses
                0x1004a354      0x1fc ../../../../../../Library/Bluetooth_LE/library\libbluenrg1_stack.a(rom_ll_ll_routines.o)
                0x1004a354                LL_Check_And_Set_Addresses
 i.LL_Enable_Disable_Adv
                0x1004a550      0x224 ../../../../../../Library/Bluetooth_LE/library\libbluenrg1_stack.a(rom_ll_ll_routines.o)
                0x1004a550                LL_Enable_Disable_Adv
 i.LL_Get_Address
                0x1004a774       0x30 ../../../../../../Library/Bluetooth_LE/library\libbluenrg1_stack.a(rom_ll_ll_routines.o)
                0x1004a774                LL_Get_Address
 i.LL_Get_AdvAddress
                0x1004a7a4       0x40 ../../../../../../Library/Bluetooth_LE/library\libbluenrg1_stack.a(rom_ll_ll_routines.o)
                0x1004a7a4                LL_Get_AdvAddress
 i.LL_Get_ScanAddress
                0x1004a7e4       0x40 ../../../../../../Library/Bluetooth_LE/library\libbluenrg1_stack.a(rom_ll_ll_routines.o)
                0x1004a7e4                LL_Get_ScanAddress
 i.LL_Init      0x1004a824      0x190 ../../../../../../Library/Bluetooth_LE/library\libbluenrg1_stack.a(rom_ll_ll_routines.o)
                0x1004a824                LL_Init
 i.LL_Send_ACL_Data
                0x1004a9b4       0x50 ../../../../../../Library/Bluetooth_LE/library\libbluenrg1_stack.a(rom_ll_ll_routines.o)
                0x1004a9b4                LL_Send_ACL_Data
 i.LL_Set_Adv_Data
                0x1004aa04       0x78 ../../../../../../Library/Bluetooth_LE/library\libbluenrg1_stack.a(rom_ll_ll_routines.o)
                0x1004aa04                LL_Set_Adv_Data
 i.LL_Set_Adv_PDU_Format
                0x1004aa7c       0xd0 ../../../../../../Library/Bluetooth_LE/library\libbluenrg1_stack.a(rom_ll_ll_routines.o)
                0x1004aa7c                LL_Set_Adv_PDU_Format
 i.LL_Set_Adv_Params
                0x1004ab4c      0x14c ../../../../../../Library/Bluetooth_LE/library\libbluenrg1_stack.a(rom_ll_ll_routines.o)
                0x1004ab4c                LL_Set_Adv_Params
 i.LL_Set_Advertising_Buffers
                0x1004ac98       0x88 ../../../../../../Library/Bluetooth_LE/library\libbluenrg1_stack.a(rom_ll_ll_routines.o)
                0x1004ac98                LL_Set_Advertising_Buffers
 i.LL_Set_DirectAddress
                0x1004ad20       0x38 ../../../../../../Library/Bluetooth_LE/library\libbluenrg1_stack.a(rom_ll_ll_routines.o)
 i.LL_Set_OwnAddress
                0x1004ad58       0x24 ../../../../../../Library/Bluetooth_LE/library\libbluenrg1_stack.a(rom_ll_ll_routines.o)
                0x1004ad58                LL_Set_OwnAddress
 i.LL_Set_Scan_Resp_Data
                0x1004ad7c       0x5c ../../../../../../Library/Bluetooth_LE/library\libbluenrg1_stack.a(rom_ll_ll_routines.o)
                0x1004ad7c                LL_Set_Scan_Resp_Data
 i.LL_Update_Advertising_Buffers
                0x1004add8       0x54 ../../../../../../Library/Bluetooth_LE/library\libbluenrg1_stack.a(rom_ll_ll_routines.o)
                0x1004add8                LL_Update_Advertising_Buffers
 i.LL_Update_Scanning_Initiating_Buffers
                0x1004ae2c       0x48 ../../../../../../Library/Bluetooth_LE/library\libbluenrg1_stack.a(rom_ll_ll_routines.o)
                0x1004ae2c                LL_Update_Scanning_Initiating_Buffers
 i.addr_u32_from_u8
                0x1004ae74       0x20 ../../../../../../Library/Bluetooth_LE/library\libbluenrg1_stack.a(rom_ll_ll_routines.o)
 i.int32ToLe4Byte
                0x1004ae94       0x10 ../../../../../../Library/Bluetooth_LE/library\libbluenrg1_stack.a(rom_ll_ll_routines.o)
 i.le4ByteToInt32
                0x1004aea4       0x16 ../../../../../../Library/Bluetooth_LE/library\libbluenrg1_stack.a(rom_ll_ll_routines.o)
 *fill*         0x1004aeba        0x2 
 i.wait_for_prescheduled_slot_cancellation
                0x1004aebc       0x7c ../../../../../../Library/Bluetooth_LE/library\libbluenrg1_stack.a(rom_ll_ll_routines.o)
 i.LL_Set_Channel_Classification_offline_processing_ucfg
                0x1004af38        0x2 ../../../../../../Library/Bluetooth_LE/library\libbluenrg1_stack.a(rom_ll_ll_routines_master.o)
                0x1004af38                LL_Set_Channel_Classification_offline_processing_ucfg
 *fill*         0x1004af3a        0x2 
 i.Blue_Set_Radio_Config_Data
                0x1004af3c       0x24 ../../../../../../Library/Bluetooth_LE/library\libbluenrg1_stack.a(rom_ll_routines_support.o)
                0x1004af3c                Blue_Set_Radio_Config_Data
 i.LL_Get_Adv_Tx_Power_Level
                0x1004af60       0x1c ../../../../../../Library/Bluetooth_LE/library\libbluenrg1_stack.a(rom_ll_routines_support.o)
                0x1004af60                LL_Get_Adv_Tx_Power_Level
 i.convert_power
                0x1004af7c       0x20 ../../../../../../Library/Bluetooth_LE/library\libbluenrg1_stack.a(rom_ll_routines_support.o)
 i.modulo_37    0x1004af9c       0x1c ../../../../../../Library/Bluetooth_LE/library\libbluenrg1_stack.a(rom_ll_routines_support.o)
                0x1004af9c                modulo_37
 i.WindowWiden1
                0x1004afb8        0xa ../../../../../../Library/Bluetooth_LE/library\libbluenrg1_stack.a(rom_ll_timehandling.o)
                0x1004afb8                WindowWiden1
 i.WindowWiden2
                0x1004afc2       0x10 ../../../../../../Library/Bluetooth_LE/library\libbluenrg1_stack.a(rom_ll_timehandling.o)
                0x1004afc2                WindowWiden2
 *fill*         0x1004afd2        0x2 
 i.machine_time_trans
                0x1004afd4       0x20 ../../../../../../Library/Bluetooth_LE/library\libbluenrg1_stack.a(rom_ll_timehandling.o)
                0x1004afd4                machine_time_trans
 i.set_freq     0x1004aff4       0x88 ../../../../../../Library/Bluetooth_LE/library\libbluenrg1_stack.a(rom_ll_timehandling.o)
                0x1004aff4                set_freq
 i.set_sca      0x1004b07c       0x1c ../../../../../../Library/Bluetooth_LE/library\libbluenrg1_stack.a(rom_ll_timehandling.o)
                0x1004b07c                set_sca
 i.system_time_trans
                0x1004b098       0x10 ../../../../../../Library/Bluetooth_LE/library\libbluenrg1_stack.a(rom_ll_timehandling.o)
                0x1004b098                system_time_trans
 i.system_time_trans_ext
                0x1004b0a8       0x30 ../../../../../../Library/Bluetooth_LE/library\libbluenrg1_stack.a(rom_ll_timehandling.o)
                0x1004b0a8                system_time_trans_ext
 i.time_offset1
                0x1004b0d8        0xe ../../../../../../Library/Bluetooth_LE/library\libbluenrg1_stack.a(rom_ll_timehandling.o)
                0x1004b0d8                time_offset1
 *fill*         0x1004b0e6        0x2 
 i.time_offset2
                0x1004b0e8       0x10 ../../../../../../Library/Bluetooth_LE/library\libbluenrg1_stack.a(rom_ll_timehandling.o)
                0x1004b0e8                time_offset2
 i.Blue_Init_Global
                0x1004b0f8       0xa8 ../../../../../../Library/Bluetooth_LE/library\libbluenrg1_stack.a(routines_support.o)
                0x1004b0f8                Blue_Init_Global
 i.advance_transmit
                0x1004b1a0      0x158 ../../../../../../Library/Bluetooth_LE/library\libbluenrg1_stack.a(routines_support.o)
                0x1004b1a0                advance_transmit
 i.microseconds_to_machine_time
                0x1004b2f8        0x8 ../../../../../../Library/Bluetooth_LE/library\libbluenrg1_stack.a(routines_support.o)
                0x1004b2f8                microseconds_to_machine_time
 i.slave_advance
                0x1004b300      0x208 ../../../../../../Library/Bluetooth_LE/library\libbluenrg1_stack.a(routines_support.o)
                0x1004b300                slave_advance
 i.swap_slaves  0x1004b508      0x13c ../../../../../../Library/Bluetooth_LE/library\libbluenrg1_stack.a(routines_support.o)
                0x1004b508                swap_slaves
 i.swap_u16     0x1004b644        0xa ../../../../../../Library/Bluetooth_LE/library\libbluenrg1_stack.a(routines_support.o)
 i.swap_u32     0x1004b64e        0xa ../../../../../../Library/Bluetooth_LE/library\libbluenrg1_stack.a(routines_support.o)
 i.swap_u8      0x1004b658        0xa ../../../../../../Library/Bluetooth_LE/library\libbluenrg1_stack.a(routines_support.o)
 i.Erase_Sector
                0x1004b662        0xe ../../../../../../Library/Bluetooth_LE/library\libbluenrg1_stack.a(sdb.o)
 i.SDB_Add_Record
                0x1004b670      0x16c ../../../../../../Library/Bluetooth_LE/library\libbluenrg1_stack.a(sdb.o)
                0x1004b670                SDB_Add_Record
 i.SDB_Find_Matching_LTK
                0x1004b7dc       0x8c ../../../../../../Library/Bluetooth_LE/library\libbluenrg1_stack.a(sdb.o)
                0x1004b7dc                SDB_Find_Matching_LTK
 i.SDB_Find_Record
                0x1004b868       0xa8 ../../../../../../Library/Bluetooth_LE/library\libbluenrg1_stack.a(sdb.o)
                0x1004b868                SDB_Find_Record
 i.SDB_Get_Number_Of_Valid_Records
                0x1004b910       0x38 ../../../../../../Library/Bluetooth_LE/library\libbluenrg1_stack.a(sdb.o)
                0x1004b910                SDB_Get_Number_Of_Valid_Records
 i.SDB_flash_write_client_data
                0x1004b948       0xb8 ../../../../../../Library/Bluetooth_LE/library\libbluenrg1_stack.a(sdb.o)
                0x1004b948                SDB_flash_write_client_data
 i.SDB_get_security_data_record
                0x1004ba00       0xd8 ../../../../../../Library/Bluetooth_LE/library\libbluenrg1_stack.a(sdb.o)
                0x1004ba00                SDB_get_security_data_record
 i.SDB_read_peer_bonded_data
                0x1004bad8       0x44 ../../../../../../Library/Bluetooth_LE/library\libbluenrg1_stack.a(sdb.o)
                0x1004bad8                SDB_read_peer_bonded_data
 i.Write_Client_Data
                0x1004bb1c      0x1bc ../../../../../../Library/Bluetooth_LE/library\libbluenrg1_stack.a(sdb.o)
 i.int32ToLe4Byte